Archive member included to satisfy reference by file (symbol)

../lib-c/lib_gd32/libc.a(printf.o)
                              build_gd32/firmware/main.o (snprintf)
/Users/arjanvanvught/Library/xPacks/@xpack-dev-tools/arm-none-eabi-gcc/11.3.1-1.1.2/.content/bin/../lib/gcc/arm-none-eabi/11.3.1/thumb/v7-m/nofp/libgcc.a(_arm_mulsf3.o)
                              ../lib-c/lib_gd32/libc.a(printf.o) (__aeabi_fmul)
/Users/arjanvanvught/Library/xPacks/@xpack-dev-tools/arm-none-eabi-gcc/11.3.1-1.1.2/.content/bin/../lib/gcc/arm-none-eabi/11.3.1/thumb/v7-m/nofp/libgcc.a(_arm_truncdfsf2.o)
                              ../lib-c/lib_gd32/libc.a(printf.o) (__aeabi_d2f)
/Users/arjanvanvught/Library/xPacks/@xpack-dev-tools/arm-none-eabi-gcc/11.3.1-1.1.2/.content/bin/../lib/gcc/arm-none-eabi/11.3.1/thumb/v7-m/nofp/libgcc.a(_arm_addsubsf3.o)
                              ../lib-c/lib_gd32/libc.a(printf.o) (__aeabi_fsub)
/Users/arjanvanvught/Library/xPacks/@xpack-dev-tools/arm-none-eabi-gcc/11.3.1-1.1.2/.content/bin/../lib/gcc/arm-none-eabi/11.3.1/thumb/v7-m/nofp/libgcc.a(_arm_cmpsf2.o)
                              ../lib-c/lib_gd32/libc.a(printf.o) (__aeabi_fcmplt)
/Users/arjanvanvught/Library/xPacks/@xpack-dev-tools/arm-none-eabi-gcc/11.3.1-1.1.2/.content/bin/../lib/gcc/arm-none-eabi/11.3.1/thumb/v7-m/nofp/libgcc.a(_arm_fixsfsi.o)
                              ../lib-c/lib_gd32/libc.a(printf.o) (__aeabi_f2iz)
/Users/arjanvanvught/Library/xPacks/@xpack-dev-tools/arm-none-eabi-gcc/11.3.1-1.1.2/.content/bin/../lib/gcc/arm-none-eabi/11.3.1/thumb/v7-m/nofp/libgcc.a(_aeabi_uldivmod.o)
                              ../lib-c/lib_gd32/libc.a(printf.o) (__aeabi_uldivmod)
/Users/arjanvanvught/Library/xPacks/@xpack-dev-tools/arm-none-eabi-gcc/11.3.1-1.1.2/.content/bin/../lib/gcc/arm-none-eabi/11.3.1/thumb/v7-m/nofp/libgcc.a(_udivmoddi4.o)
                              /Users/arjanvanvught/Library/xPacks/@xpack-dev-tools/arm-none-eabi-gcc/11.3.1-1.1.2/.content/bin/../lib/gcc/arm-none-eabi/11.3.1/thumb/v7-m/nofp/libgcc.a(_aeabi_uldivmod.o) (__udivmoddi4)
/Users/arjanvanvught/Library/xPacks/@xpack-dev-tools/arm-none-eabi-gcc/11.3.1-1.1.2/.content/bin/../lib/gcc/arm-none-eabi/11.3.1/thumb/v7-m/nofp/libgcc.a(_dvmd_tls.o)
                              /Users/arjanvanvught/Library/xPacks/@xpack-dev-tools/arm-none-eabi-gcc/11.3.1-1.1.2/.content/bin/../lib/gcc/arm-none-eabi/11.3.1/thumb/v7-m/nofp/libgcc.a(_aeabi_uldivmod.o) (__aeabi_ldiv0)
../lib-remoteconfig/lib_gd32/libremoteconfig.a(remoteconfig.o)
                              build_gd32/firmware/main.o (RemoteConfig::RemoteConfig(remoteconfig::Node, remoteconfig::Output, unsigned int))
../lib-remoteconfig/lib_gd32/libremoteconfig.a(remoteconfigfactory.o)
                              ../lib-remoteconfig/lib_gd32/libremoteconfig.a(remoteconfig.o) (RemoteConfig::HandleFactory())
../lib-remoteconfig/lib_gd32/libremoteconfig.a(remoteconfigparams.o)
                              build_gd32/firmware/main.o (RemoteConfigParams::RemoteConfigParams(RemoteConfigParamsStore*))
../lib-remoteconfig/lib_gd32/libremoteconfig.a(remoteconfigparamsdump.o)
                              build_gd32/firmware/main.o (RemoteConfigParams::Dump())
../lib-remoteconfig/lib_gd32/libremoteconfig.a(remoteconfigreboot.o)
                              ../lib-remoteconfig/lib_gd32/libremoteconfig.a(remoteconfig.o) (RemoteConfig::HandleReboot())
../lib-remoteconfig/lib_gd32/libremoteconfig.a(remoteconfigstatic.o)
                              ../lib-remoteconfig/lib_gd32/libremoteconfig.a(remoteconfig.o) (RemoteConfig::GetIndex(void const*, unsigned int&))
../lib-remoteconfig/lib_gd32/libremoteconfig.a(remoteconfig.o)
                              ../lib-remoteconfig/lib_gd32/libremoteconfig.a(remoteconfig.o) (RemoteConfig::PlatformHandleTftpSet())
../lib-remoteconfig/lib_gd32/libremoteconfig.a(httd.o)
                              build_gd32/firmware/main.o (HttpDaemon::HttpDaemon())
../lib-remoteconfig/lib_gd32/libremoteconfig.a(remoteconfigconst.o)
                              ../lib-remoteconfig/lib_gd32/libremoteconfig.a(remoteconfigparams.o) (RemoteConfigConst::PARAMS_DISPLAY_NAME)
../lib-remoteconfig/lib_gd32/libremoteconfig.a(remoteconfigjson.o)
                              ../lib-remoteconfig/lib_gd32/libremoteconfig.a(httd.o) (remoteconfig::json_get_list(char*, unsigned short))
../lib-remoteconfig/lib_gd32/libremoteconfig.a(get_file_content.o)
                              ../lib-remoteconfig/lib_gd32/libremoteconfig.a(httd.o) (get_file_content(char const*, char*))
../lib-ddp/lib_gd32/libddp.a(ddpdisplay.o)
                              build_gd32/firmware/main.o (DdpDisplay::DdpDisplay())
../lib-rdmnet/lib_gd32/librdmnet.a(llrpdevice.o)
                              build_gd32/firmware/main.o (LLRPDevice::LLRPDevice())
../lib-rdmnet/lib_gd32/librdmnet.a(rdmnetconst.o)
                              build_gd32/firmware/main.o (RDMNetConst::MSG_STARTED)
../lib-rdmnet/lib_gd32/librdmnet.a(rdmnetdevice.o)
[...]
Memory Configuration

Name             Origin             Length             Attributes
FLASH            0x0000000008008000 0x000000000003a800 xr
RAM              0x0000000020000000 0x0000000000040000 xrw
*default*        0x0000000000000000 0xffffffffffffffff

Linker script and memory map

LOAD build_gd32/startup_gd32f20x_cl.o
LOAD build_gd32/firmware/main.o
LOAD build_gd32/lib/factorydefaults.o
LOAD build_gd32/lib/rdmsoftwareversion.o
                0x0000000000001800                __heap_size = DEFINED (__heap_size)?__heap_size:0x1800
                0x0000000000002800                __stack_size = DEFINED (__stack_size)?__stack_size:0x2800

.vectors        0x0000000008008000      0x1a8
                0x0000000008008000                . = ALIGN (0x4)
 *(.vectors)
 .vectors       0x0000000008008000      0x1a8 build_gd32/startup_gd32f20x_cl.o
                0x0000000008008000                __gVectors
                0x00000000080081a8                . = ALIGN (0x4)
                0x00000000080081a8                __Vectors_End = .
                0x00000000080081a8                __Vectors_Size = (__Vectors_End - __gVectors)

.text           0x00000000080081a8     0xde04
                0x00000000080081a8                . = ALIGN (0x4)
 *(.text.unlikely*)
 .text.unlikely.net_init
                0x00000000080081a8       0xa0 ../lib-network/lib_gd32/libnetwork.a(net.o)
                0x00000000080081a8                net_init
 .text.unlikely.net_shutdown
                0x0000000008008248       0x1c ../lib-network/lib_gd32/libnetwork.a(net.o)
                0x0000000008008248                net_shutdown
 .text.unlikely.rfc3927_init
                0x0000000008008264       0x18 ../lib-network/lib_gd32/libnetwork.a(rfc3927.o)
                0x0000000008008264                rfc3927_init
 .text.unlikely.tcp_init
                0x000000000800827c       0x44 ../lib-network/lib_gd32/libnetwork.a(tcp.o)
                0x000000000800827c                tcp_init
 .text.unlikely.udp_init
                0x00000000080082c0       0x58 ../lib-network/lib_gd32/libnetwork.a(udp.o)
                0x00000000080082c0                udp_init
 .text.unlikely.udp_shutdown
                0x0000000008008318        0x2 ../lib-network/lib_gd32/libnetwork.a(udp.o)
                0x0000000008008318                udp_shutdown
 *fill*         0x000000000800831a        0x2 
 .text.unlikely.arp_init
                0x000000000800831c       0xf8 ../lib-network/lib_gd32/libnetwork.a(arp.o)
                0x000000000800831c                arp_init
 .text.unlikely.arp_cache_init
                0x0000000008008414       0x34 ../lib-network/lib_gd32/libnetwork.a(arp_cache.o)
                0x0000000008008414                arp_cache_init
 .text.unlikely.igmp_init
                0x0000000008008448       0xc4 ../lib-network/lib_gd32/libnetwork.a(igmp.o)
                0x0000000008008448                igmp_init
 .text.unlikely.igmp_shutdown
                0x000000000800850c       0x28 ../lib-network/lib_gd32/libnetwork.a(igmp.o)
                0x000000000800850c                igmp_shutdown
 .text.unlikely.ip_init
                0x0000000008008534       0x16 ../lib-network/lib_gd32/libnetwork.a(ip.o)
                0x0000000008008534                ip_init
 .text.unlikely.ip_shutdown
                0x000000000800854a        0xe ../lib-network/lib_gd32/libnetwork.a(ip.o)
                0x000000000800854a                ip_shutdown
 .text.unlikely.console_init
                0x0000000008008558       0x20 ../lib-hal/lib_gd32/libhal.a(console_uart0.o)
                0x0000000008008558                console_init
 *(.text.hot*)
 .text.hot.net_handle
                0x0000000008008578       0x38 ../lib-network/lib_gd32/libnetwork.a(net.o)
                0x0000000008008578                net_handle
 .text.hot.tcp_handle
                0x00000000080085b0      0x360 ../lib-network/lib_gd32/libnetwork.a(tcp.o)
                0x00000000080085b0                tcp_handle
 .text.hot.udp_handle
                0x0000000008008910       0xa8 ../lib-network/lib_gd32/libnetwork.a(udp.o)
                0x0000000008008910                udp_handle
 .text.hot.arp_handle
                0x00000000080089b8       0x18 ../lib-network/lib_gd32/libnetwork.a(arp.o)
                0x00000000080089b8                arp_handle
 .text.hot.igmp_handle
                0x00000000080089d0       0xa0 ../lib-network/lib_gd32/libnetwork.a(igmp.o)
                0x00000000080089d0                igmp_handle
 .text.hot.ip_handle
                0x0000000008008a70       0x32 ../lib-network/lib_gd32/libnetwork.a(ip.o)
                0x0000000008008a70                ip_handle
 *fill*         0x0000000008008aa2        0x2 
 .text.hot.icmp_handle
                0x0000000008008aa4       0x98 ../lib-network/lib_gd32/libnetwork.a(icmp.o)
                0x0000000008008aa4                icmp_handle
 *(.text)
 .text          0x0000000008008b3c       0xa0 /Users/arjanvanvught/Library/xPacks/@xpack-dev-tools/arm-none-eabi-gcc/11.3.1-1.1.2/.content/bin/../lib/gcc/arm-none-eabi/11.3.1/thumb/v7-m/nofp/libgcc.a(_arm_truncdfsf2.o)
                0x0000000008008b3c                __aeabi_d2f
                0x0000000008008b3c                __truncdfsf2
 .text          0x0000000008008bdc      0x21c /Users/arjanvanvught/Library/xPacks/@xpack-dev-tools/arm-none-eabi-gcc/11.3.1-1.1.2/.content/bin/../lib/gcc/arm-none-eabi/11.3.1/thumb/v7-m/nofp/libgcc.a(_arm_addsubsf3.o)
                0x0000000008008bdc                __aeabi_frsub
                0x0000000008008be4                __aeabi_fsub
                0x0000000008008be4                __subsf3
                0x0000000008008be8                __aeabi_fadd
                0x0000000008008be8                __addsf3
                0x0000000008008d48                __aeabi_ui2f
                0x0000000008008d48                __floatunsisf
                0x0000000008008d50                __floatsisf
                0x0000000008008d50                __aeabi_i2f
                0x0000000008008d6c                __aeabi_ul2f
                0x0000000008008d6c                __floatundisf
                0x0000000008008d7c                __aeabi_l2f
                0x0000000008008d7c                __floatdisf
 .text          0x0000000008008df8       0xec /Users/arjanvanvught/Library/xPacks/@xpack-dev-tools/arm-none-eabi-gcc/11.3.1-1.1.2/.content/bin/../lib/gcc/arm-none-eabi/11.3.1/thumb/v7-m/nofp/libgcc.a(_arm_cmpsf2.o)
                0x0000000008008df8                __gesf2
                0x0000000008008df8                __gtsf2
                0x0000000008008e00                __ltsf2
                0x0000000008008e00                __lesf2
                0x0000000008008e08                __nesf2
                0x0000000008008e08                __eqsf2
                0x0000000008008e08                __cmpsf2
                0x0000000008008e68                __aeabi_cfrcmple
                0x0000000008008e70                __aeabi_cfcmpeq
                0x0000000008008e70                __aeabi_cfcmple
                0x0000000008008e80                __aeabi_fcmpeq
                0x0000000008008e94                __aeabi_fcmplt
                0x0000000008008ea8                __aeabi_fcmple
                0x0000000008008ebc                __aeabi_fcmpge
                0x0000000008008ed0                __aeabi_fcmpgt
 .text          0x0000000008008ee4       0x4c /Users/arjanvanvught/Library/xPacks/@xpack-dev-tools/arm-none-eabi-gcc/11.3.1-1.1.2/.content/bin/../lib/gcc/arm-none-eabi/11.3.1/thumb/v7-m/nofp/libgcc.a(_arm_fixsfsi.o)
                0x0000000008008ee4                __fixsfsi
                0x0000000008008ee4                __aeabi_f2iz
 .text          0x0000000008008f30       0x30 /Users/arjanvanvught/Library/xPacks/@xpack-dev-tools/arm-none-eabi-gcc/11.3.1-1.1.2/.content/bin/../lib/gcc/arm-none-eabi/11.3.1/thumb/v7-m/nofp/libgcc.a(_aeabi_uldivmod.o)
                0x0000000008008f30                __aeabi_uldivmod
 .text          0x0000000008008f60        0x4 /Users/arjanvanvught/Library/xPacks/@xpack-dev-tools/arm-none-eabi-gcc/11.3.1-1.1.2/.content/bin/../lib/gcc/arm-none-eabi/11.3.1/thumb/v7-m/nofp/libgcc.a(_dvmd_tls.o)
                0x0000000008008f60                __aeabi_ldiv0
                0x0000000008008f60                __aeabi_idiv0
 .text          0x0000000008008f64      0x378 /Users/arjanvanvught/Library/xPacks/@xpack-dev-tools/arm-none-eabi-gcc/11.3.1-1.1.2/.content/bin/../lib/gcc/arm-none-eabi/11.3.1/thumb/v7-m/nofp/libgcc.a(_arm_addsubdf3.o)
                0x0000000008008f64                __aeabi_drsub
                0x0000000008008f6c                __subdf3
                0x0000000008008f6c                __aeabi_dsub
                0x0000000008008f70                __aeabi_dadd
                0x0000000008008f70                __adddf3
                0x00000000080091e8                __aeabi_ui2d
                0x00000000080091e8                __floatunsidf
                0x0000000008009208                __floatsidf
                0x0000000008009208                __aeabi_i2d
                0x000000000800922c                __extendsfdf2
                0x000000000800922c                __aeabi_f2d
                0x0000000008009270                __aeabi_ul2d
                0x0000000008009270                __floatundidf
                0x0000000008009280                __aeabi_l2d
                0x0000000008009280                __floatdidf
 .text          0x00000000080092dc      0x2a0 /Users/arjanvanvught/Library/xPacks/@xpack-dev-tools/arm-none-eabi-gcc/11.3.1-1.1.2/.content/bin/../lib/gcc/arm-none-eabi/11.3.1/thumb/v7-m/nofp/libgcc.a(_arm_muldivsf3.o)
                0x00000000080092dc                __mulsf3
                0x00000000080092dc                __aeabi_fmul
                0x0000000008009444                __divsf3
                0x0000000008009444                __aeabi_fdiv
 .text          0x000000000800957c       0x40 /Users/arjanvanvught/Library/xPacks/@xpack-dev-tools/arm-none-eabi-gcc/11.3.1-1.1.2/.content/bin/../lib/gcc/arm-none-eabi/11.3.1/thumb/v7-m/nofp/libgcc.a(_arm_fixunssfsi.o)
                0x000000000800957c                __aeabi_f2uiz
                0x000000000800957c                __fixunssfsi
 *(.text*)
 .text.Reset_Handler
                0x00000000080095bc       0x44 build_gd32/startup_gd32f20x_cl.o
                0x00000000080095bc                Reset_Handler
 .text.Default_Handler
                0x0000000008009600        0x2 build_gd32/startup_gd32f20x_cl.o
                0x0000000008009600                ENET_IRQHandler
                0x0000000008009600                TIMER2_IRQHandler
                0x0000000008009600                TIMER5_IRQHandler
                0x0000000008009600                DebugMon_Handler
                0x0000000008009600                LVD_IRQHandler
                0x0000000008009600                CAN1_EWMC_IRQHandler
                0x0000000008009600                HardFault_Handler
                0x0000000008009600                TIMER7_UP_TIMER12_IRQHandler
                0x0000000008009600                ADC0_1_IRQHandler
                0x0000000008009600                SDIO_IRQHandler
                0x0000000008009600                PendSV_Handler
                0x0000000008009600                NMI_Handler
                0x0000000008009600                EXTI3_IRQHandler
                0x0000000008009600                DCI_IRQHandler
                0x0000000008009600                USBFS_WKUP_IRQHandler
                0x0000000008009600                TIMER0_TRG_CMT_TIMER10_IRQHandler
                0x0000000008009600                USBFS_IRQHandler
                0x0000000008009600                DMA0_Channel6_IRQHandler
                0x0000000008009600                I2C0_EV_IRQHandler
                0x0000000008009600                EXTI0_IRQHandler
                0x0000000008009600                I2C2_EV_IRQHandler
                0x0000000008009600                CAU_IRQHandler
                0x0000000008009600                CAN1_RX0_IRQHandler
                0x0000000008009600                TIMER7_TRG_CMT_TIMER13_IRQHandler
                0x0000000008009600                UsageFault_Handler
                0x0000000008009600                TIMER4_IRQHandler
                0x0000000008009600                SPI1_IRQHandler
                0x0000000008009600                DMA0_Channel0_IRQHandler
                0x0000000008009600                USART5_IRQHandler
                0x0000000008009600                TAMPER_IRQHandler
                0x0000000008009600                TIMER0_BRK_TIMER8_IRQHandler
                0x0000000008009600                DMA1_Channel0_IRQHandler
                0x0000000008009600                TIMER7_BRK_TIMER11_IRQHandler
                0x0000000008009600                TIMER6_IRQHandler
                0x0000000008009600                DMA1_Channel4_IRQHandler
                0x0000000008009600                DMA0_Channel3_IRQHandler
                0x0000000008009600                I2C0_ER_IRQHandler
                0x0000000008009600                TLI_IRQHandler
                0x0000000008009600                TIMER0_UP_TIMER9_IRQHandler
                0x0000000008009600                RTC_IRQHandler
                0x0000000008009600                CAN1_RX1_IRQHandler
                0x0000000008009600                DMA0_Channel2_IRQHandler
                0x0000000008009600                USART0_IRQHandler
                0x0000000008009600                TIMER1_IRQHandler
                0x0000000008009600                I2C1_EV_IRQHandler
                0x0000000008009600                DMA1_Channel6_IRQHandler
                0x0000000008009600                UART4_IRQHandler
                0x0000000008009600                EXTI10_15_IRQHandler
                0x0000000008009600                DMA1_Channel1_IRQHandler
                0x0000000008009600                Default_Handler
                0x0000000008009600                TIMER7_Channel_IRQHandler
                0x0000000008009600                CAN0_TX_IRQHandler
                0x0000000008009600                WWDGT_IRQHandler
                0x0000000008009600                EXMC_IRQHandler
                0x0000000008009600                ADC2_IRQHandler
                0x0000000008009600                SPI2_IRQHandler
                0x0000000008009600                MemManage_Handler
                0x0000000008009600                CAN1_TX_IRQHandler
                0x0000000008009600                SVC_Handler
                0x0000000008009600                HAU_TRNG_IRQHandler
                0x0000000008009600                DMA1_Channel5_IRQHandler
                0x0000000008009600                EXTI4_IRQHandler
                0x0000000008009600                CAN0_RX1_IRQHandler
                0x0000000008009600                DMA0_Channel5_IRQHandler
                0x0000000008009600                DMA1_Channel3_IRQHandler
                0x0000000008009600                EXTI5_9_IRQHandler
                0x0000000008009600                RCU_IRQHandler
                0x0000000008009600                DMA0_Channel1_IRQHandler
                0x0000000008009600                TIMER0_Channel_IRQHandler
                0x0000000008009600                EXTI1_IRQHandler
                0x0000000008009600                ENET_WKUP_IRQHandler
                0x0000000008009600                RTCAlarm_IRQHandler
                0x0000000008009600                UART7_IRQHandler
                0x0000000008009600                USART2_IRQHandler
                0x0000000008009600                UART6_IRQHandler
                0x0000000008009600                CAN0_EWMC_IRQHandler
                0x0000000008009600                CAN0_RX0_IRQHandler
                0x0000000008009600                I2C2_ER_IRQHandler
                0x0000000008009600                DMA1_Channel2_IRQHandler
                0x0000000008009600                TLI_ER_IRQHandler
                0x0000000008009600                BusFault_Handler
                0x0000000008009600                USART1_IRQHandler
                0x0000000008009600                UART3_IRQHandler
                0x0000000008009600                I2C1_ER_IRQHandler
                0x0000000008009600                FMC_IRQHandler
                0x0000000008009600                DMA0_Channel4_IRQHandler
                0x0000000008009600                EXTI2_IRQHandler
 .text.memcpy   0x0000000008009602       0x16 build_gd32/firmware/main.o
 .text._ZN14DisplayHandlerD2Ev
                0x0000000008009618        0x2 build_gd32/firmware/main.o
                0x0000000008009618                DisplayHandler::~DisplayHandler()
                0x0000000008009618                DisplayHandler::~DisplayHandler()
 .text._ZN17PixelDmxStartStopD2Ev
                0x000000000800961a        0x2 build_gd32/firmware/main.o
                0x000000000800961a                PixelDmxStartStop::~PixelDmxStartStop()
                0x000000000800961a                PixelDmxStartStop::~PixelDmxStartStop()
 .text._ZN17PixelDmxStartStop5StartEv
                0x000000000800961c       0x10 build_gd32/firmware/main.o
                0x000000000800961c                PixelDmxStartStop::Start()
 .text._ZN17PixelDmxStartStop4StopEv
                0x000000000800962c       0x10 build_gd32/firmware/main.o
                0x000000000800962c                PixelDmxStartStop::Stop()
 .text._ZN12RDMNetDevice7CopyUIDEPh
                0x000000000800963c       0x12 build_gd32/firmware/main.o
                0x000000000800963c                RDMNetDevice::CopyUID(unsigned char*)
                0x0000000008009648                non-virtual thunk to RDMNetDevice::CopyUID(unsigned char*)
 *fill*         0x000000000800964e        0x2 
 .text._ZN12RDMNetDevice7CopyCIDEPh
                0x0000000008009650       0x18 build_gd32/firmware/main.o
                0x0000000008009650                RDMNetDevice::CopyCID(unsigned char*)
                0x0000000008009660                non-virtual thunk to RDMNetDevice::CopyCID(unsigned char*)
 .text._ZN14DisplayHandlerD0Ev
                0x0000000008009668        0xc build_gd32/firmware/main.o
                0x0000000008009668                DisplayHandler::~DisplayHandler()
 .text._ZN17PixelDmxStartStopD0Ev
                0x0000000008009674        0xc build_gd32/firmware/main.o
                0x0000000008009674                PixelDmxStartStop::~PixelDmxStartStop()
 .text._ZN12RDMNetDevice20LLRPHandleRdmCommandEPKh
                0x0000000008009680       0x1c build_gd32/firmware/main.o
                0x0000000008009680                RDMNetDevice::LLRPHandleRdmCommand(unsigned char const*)
                0x0000000008009694                non-virtual thunk to RDMNetDevice::LLRPHandleRdmCommand(unsigned char const*)
 .text._ZN7Display12SetCursorPosEhh.isra.0
                0x000000000800969c        0xa build_gd32/firmware/main.o
 .text._ZN7Display7PutCharEi.isra.0
                0x00000000080096a6        0xa build_gd32/firmware/main.o
 .text._ZN14DisplayHandler5PrintEj
                0x00000000080096b0       0x50 build_gd32/firmware/main.o
                0x00000000080096b0                DisplayHandler::Print(unsigned int)
 .text._ZN12RDMNetDeviceD2Ev
                0x0000000008009700       0x28 build_gd32/firmware/main.o
                0x0000000008009700                RDMNetDevice::~RDMNetDevice()
                0x0000000008009700                RDMNetDevice::~RDMNetDevice()
                0x0000000008009720                non-virtual thunk to RDMNetDevice::~RDMNetDevice()
 .text._ZN12RDMNetDeviceD0Ev
                0x0000000008009728       0x18 build_gd32/firmware/main.o
                0x0000000008009728                RDMNetDevice::~RDMNetDevice()
                0x000000000800973a                non-virtual thunk to RDMNetDevice::~RDMNetDevice()
 .text._ZN7Display6PrintfEhPKcz
                0x0000000008009740       0x38 build_gd32/firmware/main.o
                0x0000000008009740                Display::Printf(unsigned char, char const*, ...)
 .text._ZN7Display10TextStatusEPKc
                0x0000000008009778       0x6a build_gd32/firmware/main.o
                0x0000000008009778                Display::TextStatus(char const*)
 .text._ZN7Display10TextStatusEPKc22Display7SegmentMessagej
                0x00000000080097e2       0x50 build_gd32/firmware/main.o
                0x00000000080097e2                Display::TextStatus(char const*, Display7SegmentMessage, unsigned int)
 *fill*         0x0000000008009832        0x2 
 .text._ZN7Display8SetSleepEb
                0x0000000008009834       0x20 build_gd32/firmware/main.o
                0x0000000008009834                Display::SetSleep(bool)
 .text._ZN7display7timeout9gpio_initEv
                0x0000000008009854       0x20 build_gd32/firmware/main.o
                0x0000000008009854                display::timeout::gpio_init()
 .text._ZN7display7timeout10gpio_renewEv
                0x0000000008009874       0x14 build_gd32/firmware/main.o
                0x0000000008009874                display::timeout::gpio_renew()
 .text._ZN8Hardware13RebootHandlerEv
                0x0000000008009888       0x20 build_gd32/firmware/main.o
                0x0000000008009888                Hardware::RebootHandler()
 .text.startup.main
                0x00000000080098a8      0x64c build_gd32/firmware/main.o
                0x00000000080098a8                main
 .text._ZN12StoreNetwork8SaveDhcpEb
                0x0000000008009ef4       0x30 build_gd32/lib/factorydefaults.o
                0x0000000008009ef4                StoreNetwork::SaveDhcp(bool)
                0x0000000008009f1c                non-virtual thunk to StoreNetwork::SaveDhcp(bool)
 .text._ZN3rdm6device9responder15factorydefaultsEv
                0x0000000008009f24       0x30 build_gd32/lib/factorydefaults.o
                0x0000000008009f24                rdm::device::responder::factorydefaults()
 .text._ZN18RDMSoftwareVersion10GetVersionEv
                0x0000000008009f54        0x8 build_gd32/lib/rdmsoftwareversion.o
                0x0000000008009f54                RDMSoftwareVersion::GetVersion()
 .text._ZN18RDMSoftwareVersion16GetVersionLengthEv
                0x0000000008009f5c        0x4 build_gd32/lib/rdmsoftwareversion.o
                0x0000000008009f5c                RDMSoftwareVersion::GetVersionLength()
 .text._ZN18RDMSoftwareVersion12GetVersionIdEv
                0x0000000008009f60        0x8 build_gd32/lib/rdmsoftwareversion.o
                0x0000000008009f60                RDMSoftwareVersion::GetVersionId()
 .text._itostr  0x0000000008009f68       0x74 ../lib-c/lib_gd32/libc.a(printf.o)
 .text._xputch  0x0000000008009fdc       0x2c ../lib-c/lib_gd32/libc.a(printf.o)
 .text._format_int
                0x000000000800a008       0xd4 ../lib-c/lib_gd32/libc.a(printf.o)
 .text._format_hex
                0x000000000800a0dc       0xba ../lib-c/lib_gd32/libc.a(printf.o)
 *fill*         0x000000000800a196        0x2 
 .text._vprintf
                0x000000000800a198      0x3c8 ../lib-c/lib_gd32/libc.a(printf.o)
 .text.printf   0x000000000800a560       0x1e ../lib-c/lib_gd32/libc.a(printf.o)
                0x000000000800a560                printf
 *fill*         0x000000000800a57e        0x2 
 .text.sprintf  0x000000000800a580       0x30 ../lib-c/lib_gd32/libc.a(printf.o)
                0x000000000800a580                sprintf
 .text.snprintf
                0x000000000800a5b0       0x30 ../lib-c/lib_gd32/libc.a(printf.o)
                0x000000000800a5b0                snprintf
 .text.vsnprintf
                0x000000000800a5e0       0x20 ../lib-c/lib_gd32/libc.a(printf.o)
                0x000000000800a5e0                vsnprintf
 .text.__udivmoddi4
                0x000000000800a600      0x2cc /Users/arjanvanvught/Library/xPacks/@xpack-dev-tools/arm-none-eabi-gcc/11.3.1-1.1.2/.content/bin/../lib/gcc/arm-none-eabi/11.3.1/thumb/v7-m/nofp/libgcc.a(_udivmoddi4.o)
                0x000000000800a600                __udivmoddi4
 .text._ZN12RemoteConfig10HandleListEv
                0x000000000800a8cc       0xd0 ../lib-remoteconfig/lib_gd32/libremoteconfig.a(remoteconfig.o)
                0x000000000800a8cc                RemoteConfig::HandleList()
 .text._ZN12RemoteConfig16HandleDisplayGetEv
                0x000000000800a99c       0x54 ../lib-remoteconfig/lib_gd32/libremoteconfig.a(remoteconfig.o)
                0x000000000800a99c                RemoteConfig::HandleDisplayGet()
 .text._ZN12RemoteConfig13HandleTftpGetEv
                0x000000000800a9f0       0x50 ../lib-remoteconfig/lib_gd32/libremoteconfig.a(remoteconfig.o)
                0x000000000800a9f0                RemoteConfig::HandleTftpGet()
 .text._ZN12RemoteConfig13HandleVersionEv
                0x000000000800aa40       0x40 ../lib-remoteconfig/lib_gd32/libremoteconfig.a(remoteconfig.o)
                0x000000000800aa40                RemoteConfig::HandleVersion()
 .text._ZN12RemoteConfig12HandleUptimeEv
                0x000000000800aa80       0x4c ../lib-remoteconfig/lib_gd32/libremoteconfig.a(remoteconfig.o)
                0x000000000800aa80                RemoteConfig::HandleUptime()
 .text._ZN7Display6StatusE22Display7SegmentMessage
                0x000000000800aacc       0x36 ../lib-remoteconfig/lib_gd32/libremoteconfig.a(remoteconfig.o)
                0x000000000800aacc                Display::Status(Display7SegmentMessage)
 *fill*         0x000000000800ab02        0x2 
 .text._ZN12RemoteConfig16HandleDisplaySetEv
                0x000000000800ab04       0x28 ../lib-remoteconfig/lib_gd32/libremoteconfig.a(remoteconfig.o)
                0x000000000800ab04                RemoteConfig::HandleDisplaySet()
 .text._ZN12RemoteConfig13HandleTftpSetEv
                0x000000000800ab2c       0x68 ../lib-remoteconfig/lib_gd32/libremoteconfig.a(remoteconfig.o)
                0x000000000800ab2c                RemoteConfig::HandleTftpSet()
 .text._ZN12RemoteConfigC2EN12remoteconfig4NodeENS0_6OutputEj
                0x000000000800ab94       0x68 ../lib-remoteconfig/lib_gd32/libremoteconfig.a(remoteconfig.o)
                0x000000000800ab94                RemoteConfig::RemoteConfig(remoteconfig::Node, remoteconfig::Output, unsigned int)
                0x000000000800ab94                RemoteConfig::RemoteConfig(remoteconfig::Node, remoteconfig::Output, unsigned int)
 .text._ZNK12RemoteConfig13GetStringNodeEv
                0x000000000800abfc       0x18 ../lib-remoteconfig/lib_gd32/libremoteconfig.a(remoteconfig.o)
                0x000000000800abfc                RemoteConfig::GetStringNode() const
 .text._ZNK12RemoteConfig15GetStringOutputEv
                0x000000000800ac14       0x18 ../lib-remoteconfig/lib_gd32/libremoteconfig.a(remoteconfig.o)
                0x000000000800ac14                RemoteConfig::GetStringOutput() const
 .text._ZN12RemoteConfig10SetDisableEb
                0x000000000800ac2c       0x40 ../lib-remoteconfig/lib_gd32/libremoteconfig.a(remoteconfig.o)
                0x000000000800ac2c                RemoteConfig::SetDisable(bool)
 .text._ZN12RemoteConfig14SetDisplayNameEPKc
                0x000000000800ac6c       0x30 ../lib-remoteconfig/lib_gd32/libremoteconfig.a(remoteconfig.o)
                0x000000000800ac6c                RemoteConfig::SetDisplayName(char const*)
 .text._ZN12RemoteConfig9HandleGetEPvj
                0x000000000800ac9c       0xb8 ../lib-remoteconfig/lib_gd32/libremoteconfig.a(remoteconfig.o)
                0x000000000800ac9c                RemoteConfig::HandleGet(void*, unsigned int)
 .text._ZN12RemoteConfig17HandleGetNoParamsEv
                0x000000000800ad54        0x8 ../lib-remoteconfig/lib_gd32/libremoteconfig.a(remoteconfig.o)
                0x000000000800ad54                RemoteConfig::HandleGetNoParams()
 .text._ZN12RemoteConfig19HandleGetRconfigTxtERj
                0x000000000800ad5c       0x2c ../lib-remoteconfig/lib_gd32/libremoteconfig.a(remoteconfig.o)
                0x000000000800ad5c                RemoteConfig::HandleGetRconfigTxt(unsigned int&)
 .text._ZN12RemoteConfig19HandleGetNetworkTxtERj
                0x000000000800ad88       0x2c ../lib-remoteconfig/lib_gd32/libremoteconfig.a(remoteconfig.o)
                0x000000000800ad88                RemoteConfig::HandleGetNetworkTxt(unsigned int&)
 .text._ZN12RemoteConfig19HandleGetDevicesTxtERj
                0x000000000800adb4       0x2c ../lib-remoteconfig/lib_gd32/libremoteconfig.a(remoteconfig.o)
                0x000000000800adb4                RemoteConfig::HandleGetDevicesTxt(unsigned int&)
 .text._ZN12RemoteConfig19HandleGetDisplayTxtERj
                0x000000000800ade0       0x2c ../lib-remoteconfig/lib_gd32/libremoteconfig.a(remoteconfig.o)
                0x000000000800ade0                RemoteConfig::HandleGetDisplayTxt(unsigned int&)
 .text._ZN12RemoteConfig9HandleSetEPvj
                0x000000000800ae0c       0x84 ../lib-remoteconfig/lib_gd32/libremoteconfig.a(remoteconfig.o)
                0x000000000800ae0c                RemoteConfig::HandleSet(void*, unsigned int)
 .text._ZN12RemoteConfig3RunEv
                0x000000000800ae90      0x13c ../lib-remoteconfig/lib_gd32/libremoteconfig.a(remoteconfig.o)
                0x000000000800ae90                RemoteConfig::Run()
 .text._ZN12RemoteConfig16HandleSetRconfigEv
                0x000000000800afcc       0x30 ../lib-remoteconfig/lib_gd32/libremoteconfig.a(remoteconfig.o)
                0x000000000800afcc                RemoteConfig::HandleSetRconfig()
 .text._ZN12RemoteConfig19HandleSetNetworkTxtEv
                0x000000000800affc       0x28 ../lib-remoteconfig/lib_gd32/libremoteconfig.a(remoteconfig.o)
                0x000000000800affc                RemoteConfig::HandleSetNetworkTxt()
 .text._ZN12RemoteConfig19HandleSetDevicesTxtEv
                0x000000000800b024       0x28 ../lib-remoteconfig/lib_gd32/libremoteconfig.a(remoteconfig.o)
                0x000000000800b024                RemoteConfig::HandleSetDevicesTxt()
 .text._ZN12RemoteConfig19HandleSetDisplayTxtEv
                0x000000000800b04c       0x28 ../lib-remoteconfig/lib_gd32/libremoteconfig.a(remoteconfig.o)
                0x000000000800b04c                RemoteConfig::HandleSetDisplayTxt()
 .text._ZN12RemoteConfig13HandleFactoryEv
                0x000000000800b074       0x1c ../lib-remoteconfig/lib_gd32/libremoteconfig.a(remoteconfigfactory.o)
                0x000000000800b074                RemoteConfig::HandleFactory()
 .text._ZN17PropertiesBuilder3AddEPKcb.isra.0
                0x000000000800b090       0x50 ../lib-remoteconfig/lib_gd32/libremoteconfig.a(remoteconfigparams.o)
 .text._ZN18RemoteConfigParamsC2EP23RemoteConfigParamsStore
                0x000000000800b0e0       0x14 ../lib-remoteconfig/lib_gd32/libremoteconfig.a(remoteconfigparams.o)
                0x000000000800b0e0                RemoteConfigParams::RemoteConfigParams(RemoteConfigParamsStore*)
                0x000000000800b0e0                RemoteConfigParams::RemoteConfigParams(RemoteConfigParamsStore*)
 .text._ZN18RemoteConfigParams4LoadEv
                0x000000000800b0f4       0x18 ../lib-remoteconfig/lib_gd32/libremoteconfig.a(remoteconfigparams.o)
                0x000000000800b0f4                RemoteConfigParams::Load()
 .text._ZN18RemoteConfigParams4LoadEPKcj
                0x000000000800b10c       0x3c ../lib-remoteconfig/lib_gd32/libremoteconfig.a(remoteconfigparams.o)
                0x000000000800b10c                RemoteConfigParams::Load(char const*, unsigned int)
 .text._ZN18RemoteConfigParams7SetBoolEhj
                0x000000000800b148       0x10 ../lib-remoteconfig/lib_gd32/libremoteconfig.a(remoteconfigparams.o)
                0x000000000800b148                RemoteConfigParams::SetBool(unsigned char, unsigned int)
 .text._ZN18RemoteConfigParams16callbackFunctionEPKc
                0x000000000800b158       0xac ../lib-remoteconfig/lib_gd32/libremoteconfig.a(remoteconfigparams.o)
                0x000000000800b158                RemoteConfigParams::callbackFunction(char const*)
 .text._ZN18RemoteConfigParams22staticCallbackFunctionEPvPKc
                0x000000000800b204        0x4 ../lib-remoteconfig/lib_gd32/libremoteconfig.a(remoteconfigparams.o)
                0x000000000800b204                RemoteConfigParams::staticCallbackFunction(void*, char const*)
 .text._ZN18RemoteConfigParams7BuilderEPK19TRemoteConfigParamsPcjRj
                0x000000000800b208      0x120 ../lib-remoteconfig/lib_gd32/libremoteconfig.a(remoteconfigparams.o)
                0x000000000800b208                RemoteConfigParams::Builder(TRemoteConfigParams const*, char*, unsigned int, unsigned int&)
 .text._ZN18RemoteConfigParams4SaveEPcjRj
                0x000000000800b328       0x1a ../lib-remoteconfig/lib_gd32/libremoteconfig.a(remoteconfigparams.o)
                0x000000000800b328                RemoteConfigParams::Save(char*, unsigned int, unsigned int&)
 .text._ZN18RemoteConfigParams3SetEP12RemoteConfig
                0x000000000800b342       0x40 ../lib-remoteconfig/lib_gd32/libremoteconfig.a(remoteconfigparams.o)
                0x000000000800b342                RemoteConfigParams::Set(RemoteConfig*)
 .text._ZN18RemoteConfigParams4DumpEv
                0x000000000800b382        0x2 ../lib-remoteconfig/lib_gd32/libremoteconfig.a(remoteconfigparamsdump.o)
                0x000000000800b382                RemoteConfigParams::Dump()
 .text._ZN12RemoteConfig12HandleRebootEv
                0x000000000800b384       0xa4 ../lib-remoteconfig/lib_gd32/libremoteconfig.a(remoteconfigreboot.o)
                0x000000000800b384                RemoteConfig::HandleReboot()
 .text._ZN12RemoteConfig8GetIndexEPKvRj
                0x000000000800b428       0x54 ../lib-remoteconfig/lib_gd32/libremoteconfig.a(remoteconfigstatic.o)
                0x000000000800b428                RemoteConfig::GetIndex(void const*, unsigned int&)
 .text._ZN12RemoteConfig21PlatformHandleTftpSetEv
                0x000000000800b47c       0x10 ../lib-remoteconfig/lib_gd32/libremoteconfig.a(remoteconfig.o)
                0x000000000800b47c                RemoteConfig::PlatformHandleTftpSet()
 .text._ZN12RemoteConfig21PlatformHandleTftpGetEv
                0x000000000800b48c       0x1a ../lib-remoteconfig/lib_gd32/libremoteconfig.a(remoteconfig.o)
                0x000000000800b48c                RemoteConfig::PlatformHandleTftpGet()
 .text.strcmp   0x000000000800b4a6       0x1a ../lib-remoteconfig/lib_gd32/libremoteconfig.a(httd.o)
 .text.strcasecmp
                0x000000000800b4c0       0x34 ../lib-remoteconfig/lib_gd32/libremoteconfig.a(httd.o)
 .text._ZN16PropertiesConfig10EnableJSONEb
                0x000000000800b4f4       0x18 ../lib-remoteconfig/lib_gd32/libremoteconfig.a(httd.o)
                0x000000000800b4f4                PropertiesConfig::EnableJSON(bool)
 .text._ZN10HttpDaemonC2Ev
                0x000000000800b50c       0x28 ../lib-remoteconfig/lib_gd32/libremoteconfig.a(httd.o)
                0x000000000800b50c                HttpDaemon::HttpDaemon()
                0x000000000800b50c                HttpDaemon::HttpDaemon()
 .text._ZN10HttpDaemon5StartEv
                0x000000000800b534       0x18 ../lib-remoteconfig/lib_gd32/libremoteconfig.a(httd.o)
                0x000000000800b534                HttpDaemon::Start()
 .text._ZN10HttpDaemon11ParseMethodEPc
                0x000000000800b54c       0x8c ../lib-remoteconfig/lib_gd32/libremoteconfig.a(httd.o)
                0x000000000800b54c                HttpDaemon::ParseMethod(char*)
 .text._ZN10HttpDaemon16ParseHeaderFieldEPc
                0x000000000800b5d8       0x94 ../lib-remoteconfig/lib_gd32/libremoteconfig.a(httd.o)
                0x000000000800b5d8                HttpDaemon::ParseHeaderField(char*)
 .text._ZN10HttpDaemon12ParseRequestEv
                0x000000000800b66c       0x6c ../lib-remoteconfig/lib_gd32/libremoteconfig.a(httd.o)
                0x000000000800b66c                HttpDaemon::ParseRequest()
 .text._ZN10HttpDaemon12HandleGetTxtEv
                0x000000000800b6d8       0x88 ../lib-remoteconfig/lib_gd32/libremoteconfig.a(httd.o)
                0x000000000800b6d8                HttpDaemon::HandleGetTxt()
 .text._ZN10HttpDaemon9HandleGetEv
                0x000000000800b760      0x14c ../lib-remoteconfig/lib_gd32/libremoteconfig.a(httd.o)
                0x000000000800b760                HttpDaemon::HandleGet()
 .text._ZN10HttpDaemon10HandlePostEb
                0x000000000800b8ac      0x160 ../lib-remoteconfig/lib_gd32/libremoteconfig.a(httd.o)
                0x000000000800b8ac                HttpDaemon::HandlePost(bool)
 .text._ZN10HttpDaemon3RunEv
                0x000000000800ba0c      0x158 ../lib-remoteconfig/lib_gd32/libremoteconfig.a(httd.o)
                0x000000000800ba0c                HttpDaemon::Run()
 .text._ZN12remoteconfig13json_get_listEPct
                0x000000000800bb64       0x68 ../lib-remoteconfig/lib_gd32/libremoteconfig.a(remoteconfigjson.o)
                0x000000000800bb64                remoteconfig::json_get_list(char*, unsigned short)
 .text._ZN12remoteconfig16json_get_versionEPct
                0x000000000800bbcc       0x38 ../lib-remoteconfig/lib_gd32/libremoteconfig.a(remoteconfigjson.o)
                0x000000000800bbcc                remoteconfig::json_get_version(char*, unsigned short)
 .text._ZN12remoteconfig15json_get_uptimeEPct
                0x000000000800bc04       0x20 ../lib-remoteconfig/lib_gd32/libremoteconfig.a(remoteconfigjson.o)
                0x000000000800bc04                remoteconfig::json_get_uptime(char*, unsigned short)
 .text._ZN12remoteconfig16json_get_displayEPct
                0x000000000800bc24       0x20 ../lib-remoteconfig/lib_gd32/libremoteconfig.a(remoteconfigjson.o)
                0x000000000800bc24                remoteconfig::json_get_display(char*, unsigned short)
 .text._ZN12remoteconfig18json_get_directoryEPct
                0x000000000800bc44       0x10 ../lib-remoteconfig/lib_gd32/libremoteconfig.a(remoteconfigjson.o)
                0x000000000800bc44                remoteconfig::json_get_directory(char*, unsigned short)
 .text._Z16get_file_contentPKcPc
                0x000000000800bc54       0x4c ../lib-remoteconfig/lib_gd32/libremoteconfig.a(get_file_content.o)
                0x000000000800bc54                get_file_content(char const*, char*)
 .text._ZN8lightset4Data3GetEv
                0x000000000800bca0       0x18 ../lib-ddp/lib_gd32/libddp.a(ddpdisplay.o)
                0x000000000800bca0                lightset::Data::Get()
 .text._ZN10DdpDisplayC2Ev
                0x000000000800bcb8       0x30 ../lib-ddp/lib_gd32/libddp.a(ddpdisplay.o)
                0x000000000800bcb8                DdpDisplay::DdpDisplay()
                0x000000000800bcb8                DdpDisplay::DdpDisplay()
 .text._ZN10DdpDisplay16CalculateOffsetsEv
                0x000000000800bce8       0x1c ../lib-ddp/lib_gd32/libddp.a(ddpdisplay.o)
                0x000000000800bce8                DdpDisplay::CalculateOffsets()
 .text._ZN10DdpDisplay5StartEv
                0x000000000800bd04       0x7c ../lib-ddp/lib_gd32/libddp.a(ddpdisplay.o)
                0x000000000800bd04                DdpDisplay::Start()
 .text._ZN10DdpDisplay4StopEv
                0x000000000800bd80       0x1c ../lib-ddp/lib_gd32/libddp.a(ddpdisplay.o)
                0x000000000800bd80                DdpDisplay::Stop()
 .text._ZN10DdpDisplay11HandleQueryEv
                0x000000000800bd9c      0x1d8 ../lib-ddp/lib_gd32/libddp.a(ddpdisplay.o)
                0x000000000800bd9c                DdpDisplay::HandleQuery()
 .text._ZN10DdpDisplay10HandleDataEv
                0x000000000800bf74      0x118 ../lib-ddp/lib_gd32/libddp.a(ddpdisplay.o)
                0x000000000800bf74                DdpDisplay::HandleData()
 .text._ZN10DdpDisplay3RunEv
                0x000000000800c08c       0x5c ../lib-ddp/lib_gd32/libddp.a(ddpdisplay.o)
                0x000000000800c08c                DdpDisplay::Run()
 .text._ZN10DdpDisplay5PrintEv
                0x000000000800c0e8       0x3c ../lib-ddp/lib_gd32/libddp.a(ddpdisplay.o)
                0x000000000800c0e8                DdpDisplay::Print()
 .text._ZN10LLRPDeviceD2Ev
                0x000000000800c124        0x2 ../lib-rdmnet/lib_gd32/librdmnet.a(llrpdevice.o)
                0x000000000800c124                LLRPDevice::~LLRPDevice()
                0x000000000800c124                LLRPDevice::~LLRPDevice()
 .text._ZN10LLRPDevice7CopyUIDEPh
                0x000000000800c126        0x2 ../lib-rdmnet/lib_gd32/librdmnet.a(llrpdevice.o)
                0x000000000800c126                LLRPDevice::CopyUID(unsigned char*)
 .text._ZN10LLRPDevice7CopyCIDEPh
                0x000000000800c128        0x2 ../lib-rdmnet/lib_gd32/librdmnet.a(llrpdevice.o)
                0x000000000800c128                LLRPDevice::CopyCID(unsigned char*)
 .text._ZN10LLRPDevice20LLRPHandleRdmCommandEPKh
                0x000000000800c12a        0x4 ../lib-rdmnet/lib_gd32/librdmnet.a(llrpdevice.o)
                0x000000000800c12a                LLRPDevice::LLRPHandleRdmCommand(unsigned char const*)
 .text._ZN10LLRPDeviceD0Ev
                0x000000000800c12e        0xc ../lib-rdmnet/lib_gd32/librdmnet.a(llrpdevice.o)
                0x000000000800c12e                LLRPDevice::~LLRPDevice()
 .text.memcpy.isra.0
                0x000000000800c13a       0x14 ../lib-rdmnet/lib_gd32/librdmnet.a(llrpdevice.o)
 *fill*         0x000000000800c14e        0x2 
 .text._ZN10LLRPDeviceC2Ev
                0x000000000800c150       0x40 ../lib-rdmnet/lib_gd32/librdmnet.a(llrpdevice.o)
                0x000000000800c150                LLRPDevice::LLRPDevice()
                0x000000000800c150                LLRPDevice::LLRPDevice()
 .text._ZN10LLRPDevice20HandleRequestMessageEv
                0x000000000800c190       0xa0 ../lib-rdmnet/lib_gd32/librdmnet.a(llrpdevice.o)
                0x000000000800c190                LLRPDevice::HandleRequestMessage()
 .text._ZN10LLRPDevice16HandleRdmCommandEv
                0x000000000800c230       0x9c ../lib-rdmnet/lib_gd32/librdmnet.a(llrpdevice.o)
                0x000000000800c230                LLRPDevice::HandleRdmCommand()
 .text._ZN10LLRPDevice3RunEv
                0x000000000800c2cc       0x4c ../lib-rdmnet/lib_gd32/librdmnet.a(llrpdevice.o)
                0x000000000800c2cc                LLRPDevice::Run()
 .text._ZN10LLRPDevice5PrintEv
                0x000000000800c318       0x60 ../lib-rdmnet/lib_gd32/librdmnet.a(llrpdevice.o)
                0x000000000800c318                LLRPDevice::Print()
 .text._ZN12RDMNetDevice5PrintEv
                0x000000000800c378       0x40 ../lib-rdmnet/lib_gd32/librdmnet.a(rdmnetdevice.o)
                0x000000000800c378                RDMNetDevice::Print()
 .text._ZN10RDMSensorsC2Ev
                0x000000000800c3b8       0x10 ../lib-rdmsensor/lib_gd32/librdmsensor.a(rdmsensors.o)
                0x000000000800c3b8                RDMSensors::RDMSensors()
                0x000000000800c3b8                RDMSensors::RDMSensors()
 .text._ZN10RDMSensorsD2Ev
                0x000000000800c3c8       0x30 ../lib-rdmsensor/lib_gd32/librdmsensor.a(rdmsensors.o)
                0x000000000800c3c8                RDMSensors::~RDMSensors()
                0x000000000800c3c8                RDMSensors::~RDMSensors()
 .text._ZN13RDMSubDevicesC2Ev
                0x000000000800c3f8       0x10 ../lib-rdmsubdevice/lib_gd32/librdmsubdevice.a(rdmsubdevices.o)
                0x000000000800c3f8                RDMSubDevices::RDMSubDevices()
                0x000000000800c3f8                RDMSubDevices::RDMSubDevices()
 .text._ZN13RDMSubDevicesD2Ev
                0x000000000800c408       0x30 ../lib-rdmsubdevice/lib_gd32/librdmsubdevice.a(rdmsubdevices.o)
                0x000000000800c408                RDMSubDevices::~RDMSubDevices()
                0x000000000800c408                RDMSubDevices::~RDMSubDevices()
 .text._ZN13RDMSubDevices7GetInfoEt
                0x000000000800c438       0x10 ../lib-rdmsubdevice/lib_gd32/librdmsubdevice.a(rdmsubdevices.o)
                0x000000000800c438                RDMSubDevices::GetInfo(unsigned short)
 .text._ZN13RDMSubDevices8GetLabelEtP18TRDMDeviceInfoData
                0x000000000800c448       0x12 ../lib-rdmsubdevice/lib_gd32/librdmsubdevice.a(rdmsubdevices.o)
                0x000000000800c448                RDMSubDevices::GetLabel(unsigned short, TRDMDeviceInfoData*)
 .text._ZN13RDMSubDevices8SetLabelEtPKch
                0x000000000800c45a       0x1a ../lib-rdmsubdevice/lib_gd32/librdmsubdevice.a(rdmsubdevices.o)
                0x000000000800c45a                RDMSubDevices::SetLabel(unsigned short, char const*, unsigned char)
 .text._ZN13RDMSubDevices18GetFactoryDefaultsEv
                0x000000000800c474       0x26 ../lib-rdmsubdevice/lib_gd32/librdmsubdevice.a(rdmsubdevices.o)
                0x000000000800c474                RDMSubDevices::GetFactoryDefaults()
 .text._ZN13RDMSubDevices18SetFactoryDefaultsEv
                0x000000000800c49a       0x1e ../lib-rdmsubdevice/lib_gd32/librdmsubdevice.a(rdmsubdevices.o)
                0x000000000800c49a                RDMSubDevices::SetFactoryDefaults()
 .text._ZN12RDMSubDevice8GetLabelEP18TRDMDeviceInfoData
                0x000000000800c4b8        0xe ../lib-rdmsubdevice/lib_gd32/librdmsubdevice.a(rdmsubdevice.o)
                0x000000000800c4b8                RDMSubDevice::GetLabel(TRDMDeviceInfoData*)
 .text._ZN12RDMSubDevice8SetLabelEPKc
                0x000000000800c4c6       0x1c ../lib-rdmsubdevice/lib_gd32/librdmsubdevice.a(rdmsubdevice.o)
                0x000000000800c4c6                RDMSubDevice::SetLabel(char const*)
 .text._ZN12RDMSubDevice8SetLabelEPKch
                0x000000000800c4e2       0x1e ../lib-rdmsubdevice/lib_gd32/librdmsubdevice.a(rdmsubdevice.o)
                0x000000000800c4e2                RDMSubDevice::SetLabel(char const*, unsigned char)
 .text._ZN12RDMSubDevice18SetFactoryDefaultsEv
                0x000000000800c500       0x1c ../lib-rdmsubdevice/lib_gd32/librdmsubdevice.a(rdmsubdevice.o)
                0x000000000800c500                RDMSubDevice::SetFactoryDefaults()
 .text._ZN12RDMSubDevice17CalculateChecksumEv
                0x000000000800c51c       0x30 ../lib-rdmsubdevice/lib_gd32/librdmsubdevice.a(rdmsubdevice.o)
                0x000000000800c51c                RDMSubDevice::CalculateChecksum()
 .text._ZN12RDMSubDevice18GetFactoryDefaultsEv
                0x000000000800c54c       0x1a ../lib-rdmsubdevice/lib_gd32/librdmsubdevice.a(rdmsubdevice.o)
                0x000000000800c54c                RDMSubDevice::GetFactoryDefaults()
 .text.memcpy.isra.0
                0x000000000800c566        0x4 ../lib-rdm/lib_gd32/librdm.a(rdmdeviceparams.o)
 *fill*         0x000000000800c56a        0x2 
 .text._ZN15RDMDeviceParamsC2EP20RDMDeviceParamsStore
                0x000000000800c56c       0x24 ../lib-rdm/lib_gd32/librdm.a(rdmdeviceparams.o)
                0x000000000800c56c                RDMDeviceParams::RDMDeviceParams(RDMDeviceParamsStore*)
                0x000000000800c56c                RDMDeviceParams::RDMDeviceParams(RDMDeviceParamsStore*)
 .text._ZN15RDMDeviceParams4LoadEv
                0x000000000800c590       0x16 ../lib-rdm/lib_gd32/librdm.a(rdmdeviceparams.o)
                0x000000000800c590                RDMDeviceParams::Load()
 .text._ZN15RDMDeviceParams3SetEP9RDMDevice
                0x000000000800c5a6       0x68 ../lib-rdm/lib_gd32/librdm.a(rdmdeviceparams.o)
                0x000000000800c5a6                RDMDeviceParams::Set(RDMDevice*)
 .text._ZN15RDMDeviceParams4DumpEv
                0x000000000800c60e        0x2 ../lib-rdm/lib_gd32/librdm.a(rdmdeviceparams.o)
                0x000000000800c60e                RDMDeviceParams::Dump()
 .text._ZN18RDMDeviceResponder17PersonalityUpdateEP8LightSet
                0x000000000800c610        0x2 ../lib-rdm/lib_gd32/librdm.a(rdmdeviceresponder.o)
                0x000000000800c610                RDMDeviceResponder::PersonalityUpdate(LightSet*)
 .text._ZN18RDMDeviceResponder21DmxStartAddressUpdateEv
                0x000000000800c612        0x2 ../lib-rdm/lib_gd32/librdm.a(rdmdeviceresponder.o)
                0x000000000800c612                RDMDeviceResponder::DmxStartAddressUpdate()
 .text._ZN18RDMDeviceResponderD2Ev
                0x000000000800c614       0x20 ../lib-rdm/lib_gd32/librdm.a(rdmdeviceresponder.o)
                0x000000000800c614                RDMDeviceResponder::~RDMDeviceResponder()
                0x000000000800c614                RDMDeviceResponder::~RDMDeviceResponder()
 .text._ZN18RDMDeviceResponderD0Ev
                0x000000000800c634       0x12 ../lib-rdm/lib_gd32/librdm.a(rdmdeviceresponder.o)
                0x000000000800c634                RDMDeviceResponder::~RDMDeviceResponder()
 *fill*         0x000000000800c646        0x2 
 .text._ZN18RDMDeviceResponderC2EPP14RDMPersonalityj
                0x000000000800c648       0x9c ../lib-rdm/lib_gd32/librdm.a(rdmdeviceresponder.o)
                0x000000000800c648                RDMDeviceResponder::RDMDeviceResponder(RDMPersonality**, unsigned int)
                0x000000000800c648                RDMDeviceResponder::RDMDeviceResponder(RDMPersonality**, unsigned int)
 .text._ZN18RDMDeviceResponder4InitEv
                0x000000000800c6e4      0x128 ../lib-rdm/lib_gd32/librdm.a(rdmdeviceresponder.o)
                0x000000000800c6e4                RDMDeviceResponder::Init()
 .text._ZN18RDMDeviceResponder5PrintEv
                0x000000000800c80c       0x9c ../lib-rdm/lib_gd32/librdm.a(rdmdeviceresponder.o)
                0x000000000800c80c                RDMDeviceResponder::Print()
 .text.memcmp   0x000000000800c8a8       0x20 ../lib-rdm/lib_gd32/librdm.a(rdmhandler.o)
 .text.memcpy.isra.0
                0x000000000800c8c8       0x14 ../lib-rdm/lib_gd32/librdm.a(rdmhandler.o)
 .text._ZN9RDMDevice8SetLabelEPK18TRDMDeviceInfoData
                0x000000000800c8dc       0x42 ../lib-rdm/lib_gd32/librdm.a(rdmhandler.o)
                0x000000000800c8dc                RDMDevice::SetLabel(TRDMDeviceInfoData const*)
 .text._ZN18RDMDeviceResponder18SetFactoryDefaultsEv
                0x000000000800c91e      0x100 ../lib-rdm/lib_gd32/librdm.a(rdmhandler.o)
                0x000000000800c91e                RDMDeviceResponder::SetFactoryDefaults()
 .text._ZN10RDMHandlerC2Eb
                0x000000000800ca1e        0xc ../lib-rdm/lib_gd32/librdm.a(rdmhandler.o)
                0x000000000800ca1e                RDMHandler::RDMHandler(bool)
                0x000000000800ca1e                RDMHandler::RDMHandler(bool)
 .text._ZN10RDMHandler12HandleStringEPKcj
                0x000000000800ca2a       0x18 ../lib-rdm/lib_gd32/librdm.a(rdmhandler.o)
                0x000000000800ca2a                RDMHandler::HandleString(char const*, unsigned int)
 *fill*         0x000000000800ca42        0x2 
 .text._ZN10RDMHandler20CreateRespondMessageEht
                0x000000000800ca44       0x98 ../lib-rdm/lib_gd32/librdm.a(rdmhandler.o)
                0x000000000800ca44                RDMHandler::CreateRespondMessage(unsigned char, unsigned short)
 .text._ZN10RDMHandler17RespondMessageAckEv
                0x000000000800cadc       0x12 ../lib-rdm/lib_gd32/librdm.a(rdmhandler.o)
                0x000000000800cadc                RDMHandler::RespondMessageAck()
 *fill*         0x000000000800caee        0x2 
 .text._ZN10RDMHandler13GetDeviceInfoEt
                0x000000000800caf0       0x68 ../lib-rdm/lib_gd32/librdm.a(rdmhandler.o)
                0x000000000800caf0                RDMHandler::GetDeviceInfo(unsigned short)
 .text._ZN10RDMHandler18GetFactoryDefaultsEt
                0x000000000800cb58       0x80 ../lib-rdm/lib_gd32/librdm.a(rdmhandler.o)
                0x000000000800cb58                RDMHandler::GetFactoryDefaults(unsigned short)
 .text._ZN10RDMHandler25GetDeviceModelDescriptionEt
                0x000000000800cbd8       0x1c ../lib-rdm/lib_gd32/librdm.a(rdmhandler.o)
                0x000000000800cbd8                RDMHandler::GetDeviceModelDescription(unsigned short)
 .text._ZN10RDMHandler20GetManufacturerLabelEt
                0x000000000800cbf4       0x20 ../lib-rdm/lib_gd32/librdm.a(rdmhandler.o)
                0x000000000800cbf4                RDMHandler::GetManufacturerLabel(unsigned short)
 .text._ZN10RDMHandler14GetDeviceLabelEt
                0x000000000800cc14       0x3c ../lib-rdm/lib_gd32/librdm.a(rdmhandler.o)
                0x000000000800cc14                RDMHandler::GetDeviceLabel(unsigned short)
 .text._ZN10RDMHandler17GetIdentifyDeviceEt
                0x000000000800cc50       0x14 ../lib-rdm/lib_gd32/librdm.a(rdmhandler.o)
                0x000000000800cc50                RDMHandler::GetIdentifyDevice(unsigned short)
 .text._ZN10RDMHandler18RespondMessageNackEt
                0x000000000800cc64        0x8 ../lib-rdm/lib_gd32/librdm.a(rdmhandler.o)
                0x000000000800cc64                RDMHandler::RespondMessageNack(unsigned short)
 .text._ZN10RDMHandler14SetResetDeviceEbt
                0x000000000800cc6c       0x48 ../lib-rdm/lib_gd32/librdm.a(rdmhandler.o)
                0x000000000800cc6c                RDMHandler::SetResetDevice(bool, unsigned short)
 .text._ZN10RDMHandler17SetIdentifyDeviceEbt
                0x000000000800ccb4       0x7c ../lib-rdm/lib_gd32/librdm.a(rdmhandler.o)
                0x000000000800ccb4                RDMHandler::SetIdentifyDevice(bool, unsigned short)
 .text._ZN10RDMHandler18SetFactoryDefaultsEbt
                0x000000000800cd30       0x34 ../lib-rdm/lib_gd32/librdm.a(rdmhandler.o)
                0x000000000800cd30                RDMHandler::SetFactoryDefaults(bool, unsigned short)
 .text._ZN10RDMHandler14SetDeviceLabelEbt
                0x000000000800cd64       0x58 ../lib-rdm/lib_gd32/librdm.a(rdmhandler.o)
                0x000000000800cd64                RDMHandler::SetDeviceLabel(bool, unsigned short)
 .text._ZN10RDMHandler8HandlersEbhtht
                0x000000000800cdbc       0xe4 ../lib-rdm/lib_gd32/librdm.a(rdmhandler.o)
                0x000000000800cdbc                RDMHandler::Handlers(bool, unsigned char, unsigned short, unsigned char, unsigned short)
 .text._ZN10RDMHandler10HandleDataEPKhPh
                0x000000000800cea0      0x198 ../lib-rdm/lib_gd32/librdm.a(rdmhandler.o)
                0x000000000800cea0                RDMHandler::HandleData(unsigned char const*, unsigned char*)
 .text._ZN11RDMIdentifyC2Ev
                0x000000000800d038        0xc ../lib-rdm/lib_gd32/librdm.a(rdmidentify.o)
                0x000000000800d038                RDMIdentify::RDMIdentify()
                0x000000000800d038                RDMIdentify::RDMIdentify()
 .text._ZN11RDMIdentify2OnEN3rdm8identify4ModeE
                0x000000000800d044        0x2 ../lib-rdm/lib_gd32/librdm.a(rdmidentify.o)
                0x000000000800d044                RDMIdentify::On(rdm::identify::Mode)
 .text._ZN11RDMIdentify3OffEN3rdm8identify4ModeE
                0x000000000800d046        0x2 ../lib-rdm/lib_gd32/librdm.a(rdmidentify.o)
                0x000000000800d046                RDMIdentify::Off(rdm::identify::Mode)
 .text.memcpy.constprop.0.isra.0
                0x000000000800d048       0x14 ../lib-rdm/lib_gd32/librdm.a(rdmhandlere1372.o)
 .text._ZN10RDMHandler16GetInterfaceListEt
                0x000000000800d05c       0x28 ../lib-rdm/lib_gd32/librdm.a(rdmhandlere1372.o)
                0x000000000800d05c                RDMHandler::GetInterfaceList(unsigned short)
 .text._ZN10RDMHandler16GetInterfaceNameEt
                0x000000000800d084       0x4c ../lib-rdm/lib_gd32/librdm.a(rdmhandlere1372.o)
                0x000000000800d084                RDMHandler::GetInterfaceName(unsigned short)
 .text._ZN10RDMHandler18GetHardwareAddressEt
                0x000000000800d0d0       0x30 ../lib-rdm/lib_gd32/librdm.a(rdmhandlere1372.o)
                0x000000000800d0d0                RDMHandler::GetHardwareAddress(unsigned short)
 .text._ZN10RDMHandler11GetDHCPModeEt
                0x000000000800d100       0x2c ../lib-rdm/lib_gd32/librdm.a(rdmhandlere1372.o)
                0x000000000800d100                RDMHandler::GetDHCPMode(unsigned short)
 .text._ZN10RDMHandler11SetDHCPModeEbt
                0x000000000800d12c       0x48 ../lib-rdm/lib_gd32/librdm.a(rdmhandlere1372.o)
                0x000000000800d12c                RDMHandler::SetDHCPMode(bool, unsigned short)
 .text._ZN10RDMHandler14GetNameServersEt
                0x000000000800d174       0x22 ../lib-rdm/lib_gd32/librdm.a(rdmhandlere1372.o)
                0x000000000800d174                RDMHandler::GetNameServers(unsigned short)
 *fill*         0x000000000800d196        0x2 
 .text._ZN10RDMHandler11GetZeroconfEt
                0x000000000800d198       0x30 ../lib-rdm/lib_gd32/librdm.a(rdmhandlere1372.o)
                0x000000000800d198                RDMHandler::GetZeroconf(unsigned short)
 .text._ZN10RDMHandler11SetZeroconfEbt
                0x000000000800d1c8       0x48 ../lib-rdm/lib_gd32/librdm.a(rdmhandlere1372.o)
                0x000000000800d1c8                RDMHandler::SetZeroconf(bool, unsigned short)
 .text._ZN10RDMHandler9RenewDhcpEbt
                0x000000000800d210       0x2c ../lib-rdm/lib_gd32/librdm.a(rdmhandlere1372.o)
                0x000000000800d210                RDMHandler::RenewDhcp(bool, unsigned short)
 .text._ZN10RDMHandler17GetAddressNetmaskEt
                0x000000000800d23c       0x48 ../lib-rdm/lib_gd32/librdm.a(rdmhandlere1372.o)
                0x000000000800d23c                RDMHandler::GetAddressNetmask(unsigned short)
 .text._ZN10RDMHandler16GetStaticAddressEt
                0x000000000800d284       0x44 ../lib-rdm/lib_gd32/librdm.a(rdmhandlere1372.o)
                0x000000000800d284                RDMHandler::GetStaticAddress(unsigned short)
 .text._ZN10RDMHandler16SetStaticAddressEbt
                0x000000000800d2c8       0x4c ../lib-rdm/lib_gd32/librdm.a(rdmhandlere1372.o)
                0x000000000800d2c8                RDMHandler::SetStaticAddress(bool, unsigned short)
 .text._ZN10RDMHandler18ApplyConfigurationEbt
                0x000000000800d314       0x28 ../lib-rdm/lib_gd32/librdm.a(rdmhandlere1372.o)
                0x000000000800d314                RDMHandler::ApplyConfiguration(bool, unsigned short)
 .text._ZN10RDMHandler15GetDefaultRouteEt
                0x000000000800d33c       0x38 ../lib-rdm/lib_gd32/librdm.a(rdmhandlere1372.o)
                0x000000000800d33c                RDMHandler::GetDefaultRoute(unsigned short)
 .text._ZN10RDMHandler15SetDefaultRouteEbt
                0x000000000800d374        0x6 ../lib-rdm/lib_gd32/librdm.a(rdmhandlere1372.o)
                0x000000000800d374                RDMHandler::SetDefaultRoute(bool, unsigned short)
 *fill*         0x000000000800d37a        0x2 
 .text._ZN10RDMHandler11GetHostNameEt
                0x000000000800d37c       0x30 ../lib-rdm/lib_gd32/librdm.a(rdmhandlere1372.o)
                0x000000000800d37c                RDMHandler::GetHostName(unsigned short)
 .text._ZN10RDMHandler11SetHostNameEbt
                0x000000000800d3ac       0x34 ../lib-rdm/lib_gd32/librdm.a(rdmhandlere1372.o)
                0x000000000800d3ac                RDMHandler::SetHostName(bool, unsigned short)
 .text._ZN10RDMHandler13GetDomainNameEt
                0x000000000800d3e0       0x30 ../lib-rdm/lib_gd32/librdm.a(rdmhandlere1372.o)
                0x000000000800d3e0                RDMHandler::GetDomainName(unsigned short)
 .text._ZN10RDMHandler13SetDomainNameEbt
                0x000000000800d410        0x6 ../lib-rdm/lib_gd32/librdm.a(rdmhandlere1372.o)
                0x000000000800d410                RDMHandler::SetDomainName(bool, unsigned short)
 *fill*         0x000000000800d416        0x2 
 .text._ZN9RDMDeviceC2Ev
                0x000000000800d418       0xe8 ../lib-rdm/lib_gd32/librdm.a(rdmdevice.o)
                0x000000000800d418                RDMDevice::RDMDevice()
                0x000000000800d418                RDMDevice::RDMDevice()
 .text._ZN9RDMDevice5PrintEv
                0x000000000800d500       0x84 ../lib-rdm/lib_gd32/librdm.a(rdmdevice.o)
                0x000000000800d500                RDMDevice::Print()
 .text.uuid_unparse_x
                0x000000000800d584       0x86 ../lib-uuid/lib_gd32/libuuid.a(uuid_unparse.o)
 *fill*         0x000000000800d60a        0x2 
 .text.uuid_unparse
                0x000000000800d60c        0xc ../lib-uuid/lib_gd32/libuuid.a(uuid_unparse.o)
                0x000000000800d60c                uuid_unparse
 .text._ZN14WS28xxDmxMulti18SetDmxStartAddressEt
                0x000000000800d618        0x4 ../lib-ws28xxdmx/lib_gd32/libws28xxdmx.a(ws28xxdmxmulti.o)
                0x000000000800d618                WS28xxDmxMulti::SetDmxStartAddress(unsigned short)
 .text._ZN14WS28xxDmxMulti18GetDmxStartAddressEv
                0x000000000800d61c        0x6 ../lib-ws28xxdmx/lib_gd32/libws28xxdmx.a(ws28xxdmxmulti.o)
                0x000000000800d61c                WS28xxDmxMulti::GetDmxStartAddress()
 .text._ZN14WS28xxDmxMulti15GetDmxFootprintEv
                0x000000000800d622        0x4 ../lib-ws28xxdmx/lib_gd32/libws28xxdmx.a(ws28xxdmxmulti.o)
                0x000000000800d622                WS28xxDmxMulti::GetDmxFootprint()
 .text._ZN14WS28xxDmxMulti5StartEj
                0x000000000800d626       0x22 ../lib-ws28xxdmx/lib_gd32/libws28xxdmx.a(ws28xxdmxmulti.o)
                0x000000000800d626                WS28xxDmxMulti::Start(unsigned int)
 .text._ZN14WS28xxDmxMultiD2Ev
                0x000000000800d648       0x20 ../lib-ws28xxdmx/lib_gd32/libws28xxdmx.a(ws28xxdmxmulti.o)
                0x000000000800d648                WS28xxDmxMulti::~WS28xxDmxMulti()
                0x000000000800d648                WS28xxDmxMulti::~WS28xxDmxMulti()
 .text._ZN14WS28xxDmxMultiD0Ev
                0x000000000800d668       0x12 ../lib-ws28xxdmx/lib_gd32/libws28xxdmx.a(ws28xxdmxmulti.o)
                0x000000000800d668                WS28xxDmxMulti::~WS28xxDmxMulti()
 .text._ZN14WS28xxDmxMulti8BlackoutEb
                0x000000000800d67a       0x28 ../lib-ws28xxdmx/lib_gd32/libws28xxdmx.a(ws28xxdmxmulti.o)
                0x000000000800d67a                WS28xxDmxMulti::Blackout(bool)
 .text._ZN14WS28xxDmxMulti7SetDataEjPKhj
                0x000000000800d6a2      0x110 ../lib-ws28xxdmx/lib_gd32/libws28xxdmx.a(ws28xxdmxmulti.o)
                0x000000000800d6a2                WS28xxDmxMulti::SetData(unsigned int, unsigned char const*, unsigned int)
 .text._ZN14WS28xxDmxMulti6FullOnEv
                0x000000000800d7b2       0x18 ../lib-ws28xxdmx/lib_gd32/libws28xxdmx.a(ws28xxdmxmulti.o)
                0x000000000800d7b2                WS28xxDmxMulti::FullOn()
 .text._ZN14WS28xxDmxMulti5PrintEv
                0x000000000800d7ca        0x6 ../lib-ws28xxdmx/lib_gd32/libws28xxdmx.a(ws28xxdmxmulti.o)
                0x000000000800d7ca                WS28xxDmxMulti::Print()
 .text._ZN14WS28xxDmxMulti4StopEj
                0x000000000800d7d0       0x22 ../lib-ws28xxdmx/lib_gd32/libws28xxdmx.a(ws28xxdmxmulti.o)
                0x000000000800d7d0                WS28xxDmxMulti::Stop(unsigned int)
 *fill*         0x000000000800d7f2        0x2 
 .text._ZN14WS28xxDmxMultiC2ER21PixelDmxConfiguration
                0x000000000800d7f4       0x5c ../lib-ws28xxdmx/lib_gd32/libws28xxdmx.a(ws28xxdmxmulti.o)
                0x000000000800d7f4                WS28xxDmxMulti::WS28xxDmxMulti(PixelDmxConfiguration&)
                0x000000000800d7f4                WS28xxDmxMulti::WS28xxDmxMulti(PixelDmxConfiguration&)
 .text._ZN17PropertiesBuilder3AddIhEEbPKcT_bj.isra.0
                0x000000000800d850       0x50 ../lib-ws28xxdmx/lib_gd32/libws28xxdmx.a(pixeldmxparams.o)
 .text._ZN17PropertiesBuilder3AddItEEbPKcT_bj.isra.0
                0x000000000800d8a0       0x50 ../lib-ws28xxdmx/lib_gd32/libws28xxdmx.a(pixeldmxparams.o)
 .text._ZN17PropertiesBuilder3AddIPKcEEbS2_T_bj.isra.0
                0x000000000800d8f0       0x50 ../lib-ws28xxdmx/lib_gd32/libws28xxdmx.a(pixeldmxparams.o)
 .text._ZN17PropertiesBuilder3AddIfEEbPKcT_bj.isra.0
                0x000000000800d940       0x84 ../lib-ws28xxdmx/lib_gd32/libws28xxdmx.a(pixeldmxparams.o)
 .text._ZN14PixelDmxParamsC2EP19PixelDmxParamsStore
                0x000000000800d9c4       0x44 ../lib-ws28xxdmx/lib_gd32/libws28xxdmx.a(pixeldmxparams.o)
                0x000000000800d9c4                PixelDmxParams::PixelDmxParams(PixelDmxParamsStore*)
                0x000000000800d9c4                PixelDmxParams::PixelDmxParams(PixelDmxParamsStore*)
 .text._ZN14PixelDmxParams4LoadEv
                0x000000000800da08       0x18 ../lib-ws28xxdmx/lib_gd32/libws28xxdmx.a(pixeldmxparams.o)
                0x000000000800da08                PixelDmxParams::Load()
 .text._ZN14PixelDmxParams4LoadEPKcj
                0x000000000800da20       0x40 ../lib-ws28xxdmx/lib_gd32/libws28xxdmx.a(pixeldmxparams.o)
                0x000000000800da20                PixelDmxParams::Load(char const*, unsigned int)
 .text._ZN14PixelDmxParams16callbackFunctionEPKc
                0x000000000800da60      0x2b8 ../lib-ws28xxdmx/lib_gd32/libws28xxdmx.a(pixeldmxparams.o)
                0x000000000800da60                PixelDmxParams::callbackFunction(char const*)
 .text._ZN14PixelDmxParams22staticCallbackFunctionEPvPKc
                0x000000000800dd18        0x4 ../lib-ws28xxdmx/lib_gd32/libws28xxdmx.a(pixeldmxparams.o)
                0x000000000800dd18                PixelDmxParams::staticCallbackFunction(void*, char const*)
 .text._ZN14PixelDmxParams7BuilderEPKN14pixeldmxparams6ParamsEPcjRj
                0x000000000800dd1c      0x2f0 ../lib-ws28xxdmx/lib_gd32/libws28xxdmx.a(pixeldmxparams.o)
                0x000000000800dd1c                PixelDmxParams::Builder(pixeldmxparams::Params const*, char*, unsigned int, unsigned int&)
 .text._ZN14PixelDmxParams4SaveEPcjRj
                0x000000000800e00c       0x1a ../lib-ws28xxdmx/lib_gd32/libws28xxdmx.a(pixeldmxparams.o)
                0x000000000800e00c                PixelDmxParams::Save(char*, unsigned int, unsigned int&)
 .text._ZN14PixelDmxParams3SetEP21PixelDmxConfiguration
                0x000000000800e026       0x8a ../lib-ws28xxdmx/lib_gd32/libws28xxdmx.a(pixeldmxparams.o)
                0x000000000800e026                PixelDmxParams::Set(PixelDmxConfiguration*)
 .text._ZN14PixelDmxParams4DumpEv
                0x000000000800e0b0        0x2 ../lib-ws28xxdmx/lib_gd32/libws28xxdmx.a(pixeldmxparamsdump.o)
                0x000000000800e0b0                PixelDmxParams::Dump()
 .text._ZN21PixelDmxConfiguration8ValidateEjRjRN21pixeldmxconfiguration8PortInfoE
                0x000000000800e0b2       0x80 ../lib-ws28xxdmx/lib_gd32/libws28xxdmx.a(pixeldmxconfiguration.o)
                0x000000000800e0b2                PixelDmxConfiguration::Validate(unsigned int, unsigned int&, pixeldmxconfiguration::PortInfo&)
 *fill*         0x000000000800e132        0x2 
 .text._ZN21PixelDmxConfiguration5PrintEv
                0x000000000800e134       0x30 ../lib-ws28xxdmx/lib_gd32/libws28xxdmx.a(pixeldmxconfiguration.o)
                0x000000000800e134                PixelDmxConfiguration::Print()
 .text._ZN18PixelConfiguration6GetTxHEN5pixel4TypeERhS2_
                0x000000000800e164       0x1a ../lib-ws28xx/lib_gd32/libws28xx.a(pixelconfiguration.o)
                0x000000000800e164                PixelConfiguration::GetTxH(pixel::Type, unsigned char&, unsigned char&)
 *fill*         0x000000000800e17e        0x2 
 .text._ZN18PixelConfiguration8ValidateERj
                0x000000000800e180      0x12c ../lib-ws28xx/lib_gd32/libws28xx.a(pixelconfiguration.o)
                0x000000000800e180                PixelConfiguration::Validate(unsigned int&)
 .text._ZN18PixelConfiguration5PrintEv
                0x000000000800e2ac       0xc8 ../lib-ws28xx/lib_gd32/libws28xx.a(pixelconfiguration.o)
                0x000000000800e2ac                PixelConfiguration::Print()
 .text._ZN9PixelType7GetTypeEN5pixel4TypeE
                0x000000000800e374       0x18 ../lib-ws28xx/lib_gd32/libws28xx.a(pixeltype.o)
                0x000000000800e374                PixelType::GetType(pixel::Type)
 .text._ZN9PixelType7GetTypeEPKc
                0x000000000800e38c       0x48 ../lib-ws28xx/lib_gd32/libws28xx.a(pixeltype.o)
                0x000000000800e38c                PixelType::GetType(char const*)
 .text._ZN9PixelType6GetMapEPKc
                0x000000000800e3d4       0x50 ../lib-ws28xx/lib_gd32/libws28xx.a(pixeltype.o)
                0x000000000800e3d4                PixelType::GetMap(char const*)
 .text._ZN9PixelType6GetMapEN5pixel3MapE
                0x000000000800e424       0x18 ../lib-ws28xx/lib_gd32/libws28xx.a(pixeltype.o)
                0x000000000800e424                PixelType::GetMap(pixel::Map)
 .text._ZN9PixelType6GetMapEN5pixel4TypeE
                0x000000000800e43c       0x14 ../lib-ws28xx/lib_gd32/libws28xx.a(pixeltype.o)
                0x000000000800e43c                PixelType::GetMap(pixel::Type)
 .text._ZN9PixelType10ConvertTxHEh
                0x000000000800e450       0x5c ../lib-ws28xx/lib_gd32/libws28xx.a(pixeltype.o)
                0x000000000800e450                PixelType::ConvertTxH(unsigned char)
 .text._ZN9PixelType10ConvertTxHEf
                0x000000000800e4ac       0x98 ../lib-ws28xx/lib_gd32/libws28xx.a(pixeltype.o)
                0x000000000800e4ac                PixelType::ConvertTxH(float)
 .text._ZN13PixelPatterns14SetPixelColourEjjj.isra.0
                0x000000000800e544       0x54 ../lib-ws28xx/lib_gd32/libws28xx.a(pixelpatterns.o)
 .text._ZN13PixelPatterns5ClearEj.isra.0
                0x000000000800e598       0x24 ../lib-ws28xx/lib_gd32/libws28xx.a(pixelpatterns.o)
 .text._ZN13PixelPatternsC2Ej
                0x000000000800e5bc       0x4c ../lib-ws28xx/lib_gd32/libws28xx.a(pixelpatterns.o)
                0x000000000800e5bc                PixelPatterns::PixelPatterns(unsigned int)
                0x000000000800e5bc                PixelPatterns::PixelPatterns(unsigned int)
 .text._ZN13PixelPatterns7GetNameEN13pixelpatterns7PatternE
                0x000000000800e608       0x18 ../lib-ws28xx/lib_gd32/libws28xx.a(pixelpatterns.o)
                0x000000000800e608                PixelPatterns::GetName(pixelpatterns::Pattern)
 .text._ZN13PixelPatterns12RainbowCycleEjjN13pixelpatterns9DirectionE
                0x000000000800e620       0x2c ../lib-ws28xx/lib_gd32/libws28xx.a(pixelpatterns.o)
                0x000000000800e620                PixelPatterns::RainbowCycle(unsigned int, unsigned int, pixelpatterns::Direction)
 .text._ZN13PixelPatterns12TheaterChaseEjjjjN13pixelpatterns9DirectionE
                0x000000000800e64c       0x38 ../lib-ws28xx/lib_gd32/libws28xx.a(pixelpatterns.o)
                0x000000000800e64c                PixelPatterns::TheaterChase(unsigned int, unsigned int, unsigned int, unsigned int, pixelpatterns::Direction)
 .text._ZN13PixelPatterns10ColourWipeEjjjN13pixelpatterns9DirectionE
                0x000000000800e684       0x34 ../lib-ws28xx/lib_gd32/libws28xx.a(pixelpatterns.o)
                0x000000000800e684                PixelPatterns::ColourWipe(unsigned int, unsigned int, unsigned int, pixelpatterns::Direction)
 .text._ZN13PixelPatterns7ScannerEjjj
                0x000000000800e6b8       0x68 ../lib-ws28xx/lib_gd32/libws28xx.a(pixelpatterns.o)
                0x000000000800e6b8                PixelPatterns::Scanner(unsigned int, unsigned int, unsigned int)
 .text._ZN13PixelPatterns4FadeEjjjjjN13pixelpatterns9DirectionE
                0x000000000800e720       0x34 ../lib-ws28xx/lib_gd32/libws28xx.a(pixelpatterns.o)
                0x000000000800e720                PixelPatterns::Fade(unsigned int, unsigned int, unsigned int, unsigned int, unsigned int, pixelpatterns::Direction)
 .text._ZN13PixelPatterns5WheelEh
                0x000000000800e754       0x4a ../lib-ws28xx/lib_gd32/libws28xx.a(pixelpatterns.o)
                0x000000000800e754                PixelPatterns::Wheel(unsigned char)
 *fill*         0x000000000800e79e        0x2 
 .text._ZN13PixelPatterns9IncrementEj
                0x000000000800e7a0       0x3c ../lib-ws28xx/lib_gd32/libws28xx.a(pixelpatterns.o)
                0x000000000800e7a0                PixelPatterns::Increment(unsigned int)
 .text._ZN13PixelPatterns18RainbowCycleUpdateEj
                0x000000000800e7dc       0x58 ../lib-ws28xx/lib_gd32/libws28xx.a(pixelpatterns.o)
                0x000000000800e7dc                PixelPatterns::RainbowCycleUpdate(unsigned int)
 .text._ZN13PixelPatterns18TheaterChaseUpdateEj
                0x000000000800e834       0x60 ../lib-ws28xx/lib_gd32/libws28xx.a(pixelpatterns.o)
                0x000000000800e834                PixelPatterns::TheaterChaseUpdate(unsigned int)
 .text._ZN13PixelPatterns16ColourWipeUpdateEj
                0x000000000800e894       0x28 ../lib-ws28xx/lib_gd32/libws28xx.a(pixelpatterns.o)
                0x000000000800e894                PixelPatterns::ColourWipeUpdate(unsigned int)
 .text._ZN13PixelPatterns13ScannerUpdateEj
                0x000000000800e8bc       0xb4 ../lib-ws28xx/lib_gd32/libws28xx.a(pixelpatterns.o)
                0x000000000800e8bc                PixelPatterns::ScannerUpdate(unsigned int)
 .text._ZN13PixelPatterns10FadeUpdateEj
                0x000000000800e970       0x8c ../lib-ws28xx/lib_gd32/libws28xx.a(pixelpatterns.o)
                0x000000000800e970                PixelPatterns::FadeUpdate(unsigned int)
 .text._ZN13PixelPatterns10PortUpdateEjj
                0x000000000800e9fc       0x50 ../lib-ws28xx/lib_gd32/libws28xx.a(pixelpatterns.o)
                0x000000000800e9fc                PixelPatterns::PortUpdate(unsigned int, unsigned int)
 .text._ZN13PixelPatterns3RunEv
                0x000000000800ea4c       0x58 ../lib-ws28xx/lib_gd32/libws28xx.a(pixelpatterns.o)
                0x000000000800ea4c                PixelPatterns::Run()
 .text._ZN11WS28xxMulti14SetPixel4BytesEjjhhhh.constprop.0
                0x000000000800eaa4       0x88 ../lib-ws28xx/lib_gd32/libws28xx.a(ws28xxmulti.o)
 .text.TIMER3_IRQHandler
                0x000000000800eb2c       0x68 ../lib-ws28xx/lib_gd32/libws28xx.a(ws28xxmulti.o)
                0x000000000800eb2c                TIMER3_IRQHandler
 .text._ZN11WS28xxMultiD2Ev
                0x000000000800eb94        0xc ../lib-ws28xx/lib_gd32/libws28xx.a(ws28xxmulti.o)
                0x000000000800eb94                WS28xxMulti::~WS28xxMulti()
                0x000000000800eb94                WS28xxMulti::~WS28xxMulti()
 .text._ZN11WS28xxMulti5SetupEhh
                0x000000000800eba0      0x20c ../lib-ws28xx/lib_gd32/libws28xx.a(ws28xxmulti.o)
                0x000000000800eba0                WS28xxMulti::Setup(unsigned char, unsigned char)
 .text._ZN11WS28xxMulti5SetupEj
                0x000000000800edac      0x244 ../lib-ws28xx/lib_gd32/libws28xx.a(ws28xxmulti.o)
                0x000000000800edac                WS28xxMulti::Setup(unsigned int)
 .text._ZN11WS28xxMultiC2ER18PixelConfiguration
                0x000000000800eff0       0xa4 ../lib-ws28xx/lib_gd32/libws28xx.a(ws28xxmulti.o)
                0x000000000800eff0                WS28xxMulti::WS28xxMulti(PixelConfiguration&)
                0x000000000800eff0                WS28xxMulti::WS28xxMulti(PixelConfiguration&)
 .text._ZN11WS28xxMulti6UpdateEv
                0x000000000800f094       0xf8 ../lib-ws28xx/lib_gd32/libws28xx.a(ws28xxmulti.o)
                0x000000000800f094                WS28xxMulti::Update()
 .text._ZN11WS28xxMulti8BlackoutEv
                0x000000000800f18c       0xc8 ../lib-ws28xx/lib_gd32/libws28xx.a(ws28xxmulti.o)
                0x000000000800f18c                WS28xxMulti::Blackout()
 .text._ZN11WS28xxMulti6FullOnEv
                0x000000000800f254       0xc0 ../lib-ws28xx/lib_gd32/libws28xx.a(ws28xxmulti.o)
                0x000000000800f254                WS28xxMulti::FullOn()
 .text._ZN11WS28xxMulti10IsUpdatingEv
                0x000000000800f314       0x10 ../lib-ws28xx/lib_gd32/libws28xx.a(ws28xxmulti.o)
                0x000000000800f314                WS28xxMulti::IsUpdating()
 .text._ZN11WS28xxMulti12SetColourRTZEjjhhh
                0x000000000800f324       0x7c ../lib-ws28xx/lib_gd32/libws28xx.a(ws28xxmulti.o)
                0x000000000800f324                WS28xxMulti::SetColourRTZ(unsigned int, unsigned int, unsigned char, unsigned char, unsigned char)
 .text._ZN11WS28xxMulti15SetColourWS2801Ejjhhh
                0x000000000800f3a0       0x78 ../lib-ws28xx/lib_gd32/libws28xx.a(ws28xxmulti.o)
                0x000000000800f3a0                WS28xxMulti::SetColourWS2801(unsigned int, unsigned int, unsigned char, unsigned char, unsigned char)
 .text._ZN11WS28xxMulti8SetPixelEjjhhh
                0x000000000800f418      0x110 ../lib-ws28xx/lib_gd32/libws28xx.a(ws28xxmulti.o)
                0x000000000800f418                WS28xxMulti::SetPixel(unsigned int, unsigned int, unsigned char, unsigned char, unsigned char)
 .text._ZN11WS28xxMulti8SetPixelEjjhhhh
                0x000000000800f528       0x90 ../lib-ws28xx/lib_gd32/libws28xx.a(ws28xxmulti.o)
                0x000000000800f528                WS28xxMulti::SetPixel(unsigned int, unsigned int, unsigned char, unsigned char, unsigned char, unsigned char)
 .text.net_set_ip
                0x000000000800f5b8       0x20 ../lib-network/lib_gd32/libnetwork.a(net.o)
                0x000000000800f5b8                net_set_ip
 .text.net_set_dhcp
                0x000000000800f5d8       0x58 ../lib-network/lib_gd32/libnetwork.a(net.o)
                0x000000000800f5d8                net_set_dhcp
 .text.net_dhcp_release
                0x000000000800f630       0x14 ../lib-network/lib_gd32/libnetwork.a(net.o)
                0x000000000800f630                net_dhcp_release
 .text.net_set_zeroconf
                0x000000000800f644       0x44 ../lib-network/lib_gd32/libnetwork.a(net.o)
                0x000000000800f644                net_set_zeroconf
 .text.net_timers_run
                0x000000000800f688       0x20 ../lib-network/lib_gd32/libnetwork.a(net_timers.o)
                0x000000000800f688                net_timers_run
 .text.rfc3927  0x000000000800f6a8       0x80 ../lib-network/lib_gd32/libnetwork.a(rfc3927.o)
                0x000000000800f6a8                rfc3927
 .text._init_tcb
                0x000000000800f728       0x34 ../lib-network/lib_gd32/libnetwork.a(tcp.o)
 .text.memcpy.isra.0
                0x000000000800f75c       0x14 ../lib-network/lib_gd32/libnetwork.a(tcp.o)
 .text._bswap32
                0x000000000800f770       0x4a ../lib-network/lib_gd32/libnetwork.a(tcp.o)
 *fill*         0x000000000800f7ba        0x2 
 .text._tcp_send_package
                0x000000000800f7bc      0x14c ../lib-network/lib_gd32/libnetwork.a(tcp.o)
 .text._send_reset
                0x000000000800f908       0x60 ../lib-network/lib_gd32/libnetwork.a(tcp.o)
 .text.tcp_begin
                0x000000000800f968       0x34 ../lib-network/lib_gd32/libnetwork.a(tcp.o)
                0x000000000800f968                tcp_begin
 .text.tcp_write
                0x000000000800f99c       0x48 ../lib-network/lib_gd32/libnetwork.a(tcp.o)
                0x000000000800f99c                tcp_write
 .text.tcp_read
                0x000000000800f9e4       0x80 ../lib-network/lib_gd32/libnetwork.a(tcp.o)
                0x000000000800f9e4                tcp_read
 .text.memcpy.isra.0
                0x000000000800fa64       0x14 ../lib-network/lib_gd32/libnetwork.a(udp.o)
 .text.net_memcpy
                0x000000000800fa78       0x3c ../lib-network/lib_gd32/libnetwork.a(udp.o)
                0x000000000800fa78                net_memcpy
 .text.udp_set_ip
                0x000000000800fab4       0x40 ../lib-network/lib_gd32/libnetwork.a(udp.o)
                0x000000000800fab4                udp_set_ip
 .text.udp_bind
                0x000000000800faf4       0x34 ../lib-network/lib_gd32/libnetwork.a(udp.o)
                0x000000000800faf4                udp_bind
 .text.udp_unbind
                0x000000000800fb28       0x40 ../lib-network/lib_gd32/libnetwork.a(udp.o)
                0x000000000800fb28                udp_unbind
 .text.udp_recv
                0x000000000800fb68       0x6c ../lib-network/lib_gd32/libnetwork.a(udp.o)
                0x000000000800fb68                udp_recv
 .text.udp_recv2
                0x000000000800fbd4       0x4c ../lib-network/lib_gd32/libnetwork.a(udp.o)
                0x000000000800fbd4                udp_recv2
 .text.udp_send
                0x000000000800fc20      0x160 ../lib-network/lib_gd32/libnetwork.a(udp.o)
                0x000000000800fc20                udp_send
 .text.strlen   0x000000000800fd80       0x10 ../lib-network/lib_gd32/libnetwork.a(mdns.o)
 .text.strcmp   0x000000000800fd90       0x1a ../lib-network/lib_gd32/libnetwork.a(mdns.o)
 .text.strcpy.isra.0
                0x000000000800fdaa       0x10 ../lib-network/lib_gd32/libnetwork.a(mdns.o)
 .text.strcat.isra.0
                0x000000000800fdba       0x16 ../lib-network/lib_gd32/libnetwork.a(mdns.o)
 .text._ZN4MDNSC2Ev
                0x000000000800fdd0       0x20 ../lib-network/lib_gd32/libnetwork.a(mdns.o)
                0x000000000800fdd0                MDNS::MDNS()
                0x000000000800fdd0                MDNS::MDNS()
 .text._ZN4MDNS7SetNameEPKc
                0x000000000800fdf0       0x38 ../lib-network/lib_gd32/libnetwork.a(mdns.o)
                0x000000000800fdf0                MDNS::SetName(char const*)
 .text._ZN4MDNS21DecodeDNSNameNotationEPKcPc
                0x000000000800fe28       0x84 ../lib-network/lib_gd32/libnetwork.a(mdns.o)
                0x000000000800fe28                MDNS::DecodeDNSNameNotation(char const*, char*)
 .text._ZNK4MDNS21FindFirstDotFromRightEPKc
                0x000000000800feac       0x1c ../lib-network/lib_gd32/libnetwork.a(mdns.o)
                0x000000000800feac                MDNS::FindFirstDotFromRight(char const*) const
 .text._ZN4MDNS12WriteDnsNameEPKcPcb
                0x000000000800fec8       0x32 ../lib-network/lib_gd32/libnetwork.a(mdns.o)
                0x000000000800fec8                MDNS::WriteDnsName(char const*, char*, bool)
 *fill*         0x000000000800fefa        0x2 
 .text._ZN4MDNS26CreateAnswerLocalIpAddressEv
                0x000000000800fefc       0x54 ../lib-network/lib_gd32/libnetwork.a(mdns.o)
                0x000000000800fefc                MDNS::CreateAnswerLocalIpAddress()
 .text._ZN4MDNS5StartEv
                0x000000000800ff50       0x90 ../lib-network/lib_gd32/libnetwork.a(mdns.o)
                0x000000000800ff50                MDNS::Start()
 .text._ZN4MDNS22CreateAnswerServiceSrvEjPh
                0x000000000800ffe0       0x88 ../lib-network/lib_gd32/libnetwork.a(mdns.o)
                0x000000000800ffe0                MDNS::CreateAnswerServiceSrv(unsigned int, unsigned char*)
 .text._ZN4MDNS22CreateAnswerServiceTxtEjPh
                0x0000000008010068       0x7c ../lib-network/lib_gd32/libnetwork.a(mdns.o)
                0x0000000008010068                MDNS::CreateAnswerServiceTxt(unsigned int, unsigned char*)
 .text._ZN4MDNS22CreateAnswerServicePtrEjPh
                0x00000000080100e4       0x78 ../lib-network/lib_gd32/libnetwork.a(mdns.o)
                0x00000000080100e4                MDNS::CreateAnswerServicePtr(unsigned int, unsigned char*)
 .text._ZN4MDNS24CreateAnswerServiceDnsSdEjPh
                0x000000000801015c       0x50 ../lib-network/lib_gd32/libnetwork.a(mdns.o)
                0x000000000801015c                MDNS::CreateAnswerServiceDnsSd(unsigned int, unsigned char*)
 .text._ZN4MDNS17CreateMDNSMessageEj
                0x00000000080101ac       0x78 ../lib-network/lib_gd32/libnetwork.a(mdns.o)
                0x00000000080101ac                MDNS::CreateMDNSMessage(unsigned int)
 .text._ZN4MDNS16AddServiceRecordEPKcS1_tN4mdns8ProtocolES1_
                0x0000000008010224      0x128 ../lib-network/lib_gd32/libnetwork.a(mdns.o)
                0x0000000008010224                MDNS::AddServiceRecord(char const*, char const*, unsigned short, mdns::Protocol, char const*)
 .text._ZN4MDNS13HandleRequestEt
                0x000000000801034c       0xf4 ../lib-network/lib_gd32/libnetwork.a(mdns.o)
                0x000000000801034c                MDNS::HandleRequest(unsigned short)
 .text._ZN4MDNS5ParseEv
                0x0000000008010440       0x28 ../lib-network/lib_gd32/libnetwork.a(mdns.o)
                0x0000000008010440                MDNS::Parse()
 .text._ZN4MDNS3RunEv
                0x0000000008010468       0x48 ../lib-network/lib_gd32/libnetwork.a(mdns.o)
                0x0000000008010468                MDNS::Run()
 .text._ZN4MDNS5PrintEv
                0x00000000080104b0       0x7c ../lib-network/lib_gd32/libnetwork.a(mdns.o)
                0x00000000080104b0                MDNS::Print()
 .text.strncpy.constprop.0.isra.0
                0x000000000801052c       0x20 ../lib-network/lib_gd32/libnetwork.a(network.o)
 .text._ZN3net18phy_customized_ledEv
                0x000000000801054c        0x2 ../lib-network/lib_gd32/libnetwork.a(network.o)
                0x000000000801054c                net::phy_customized_led()
 *fill*         0x000000000801054e        0x2 
 .text._ZN7NetworkC2Ev
                0x0000000008010550       0x50 ../lib-network/lib_gd32/libnetwork.a(network.o)
                0x0000000008010550                Network::Network()
                0x0000000008010550                Network::Network()
 .text._ZN7Network8ShutdownEv
                0x00000000080105a0        0xe ../lib-network/lib_gd32/libnetwork.a(network.o)
                0x00000000080105a0                Network::Shutdown()
 .text._ZN7Network5BeginEt
                0x00000000080105ae        0x6 ../lib-network/lib_gd32/libnetwork.a(network.o)
                0x00000000080105ae                Network::Begin(unsigned short)
 .text._ZN7Network3EndEt
                0x00000000080105b4        0x6 ../lib-network/lib_gd32/libnetwork.a(network.o)
                0x00000000080105b4                Network::End(unsigned short)
 .text._ZN7Network16MacAddressCopyToEPh
                0x00000000080105ba       0x16 ../lib-network/lib_gd32/libnetwork.a(network.o)
                0x00000000080105ba                Network::MacAddressCopyTo(unsigned char*)
 .text._ZN7Network9JoinGroupEij
                0x00000000080105d0        0x6 ../lib-network/lib_gd32/libnetwork.a(network.o)
                0x00000000080105d0                Network::JoinGroup(int, unsigned int)
 .text._ZN7Network12SetDefaultIpEv
                0x00000000080105d6       0x22 ../lib-network/lib_gd32/libnetwork.a(network.o)
                0x00000000080105d6                Network::SetDefaultIp()
 .text._ZN7Network4InitEP18NetworkParamsStore
                0x00000000080105f8      0x274 ../lib-network/lib_gd32/libnetwork.a(network.o)
                0x00000000080105f8                Network::Init(NetworkParamsStore*)
 .text._ZN7Network5SetIpEj
                0x000000000801086c       0x56 ../lib-network/lib_gd32/libnetwork.a(network.o)
                0x000000000801086c                Network::SetIp(unsigned int)
 .text._ZN7Network10SetNetmaskEj
                0x00000000080108c2       0x24 ../lib-network/lib_gd32/libnetwork.a(network.o)
                0x00000000080108c2                Network::SetNetmask(unsigned int)
 .text._ZN7Network11SetHostNameEPKc
                0x00000000080108e6       0x3a ../lib-network/lib_gd32/libnetwork.a(network.o)
                0x00000000080108e6                Network::SetHostName(char const*)
 .text._ZN7Network11SetZeroconfEv
                0x0000000008010920       0x3a ../lib-network/lib_gd32/libnetwork.a(network.o)
                0x0000000008010920                Network::SetZeroconf()
 *fill*         0x000000000801095a        0x2 
 .text._ZN7Network10EnableDhcpEv
                0x000000000801095c       0x8c ../lib-network/lib_gd32/libnetwork.a(network.o)
                0x000000000801095c                Network::EnableDhcp()
 .text._ZN7Network17SetQueuedStaticIpEjj
                0x00000000080109e8       0x1a ../lib-network/lib_gd32/libnetwork.a(network.o)
                0x00000000080109e8                Network::SetQueuedStaticIp(unsigned int, unsigned int)
 .text._ZN7Network17ApplyQueuedConfigEv
                0x0000000008010a02       0x80 ../lib-network/lib_gd32/libnetwork.a(network.o)
                0x0000000008010a02                Network::ApplyQueuedConfig()
 *fill*         0x0000000008010a82        0x2 
 .text._ZN7Network5PrintEv
                0x0000000008010a84       0xf8 ../lib-network/lib_gd32/libnetwork.a(network.o)
                0x0000000008010a84                Network::Print()
 .text._ZN7Network8TcpBeginEt
                0x0000000008010b7c        0x6 ../lib-network/lib_gd32/libnetwork.a(networktcp.o)
                0x0000000008010b7c                Network::TcpBegin(unsigned short)
 .text._ZN7Network7TcpReadEiPPKh
                0x0000000008010b82        0x8 ../lib-network/lib_gd32/libnetwork.a(networktcp.o)
                0x0000000008010b82                Network::TcpRead(int, unsigned char const**)
 .text._ZN7Network8TcpWriteEiPKht
                0x0000000008010b8a        0xa ../lib-network/lib_gd32/libnetwork.a(networktcp.o)
                0x0000000008010b8a                Network::TcpWrite(int, unsigned char const*, unsigned short)
 .text._ZN13NetworkParamsC2EP18NetworkParamsStore
                0x0000000008010b94       0x18 ../lib-network/lib_gd32/libnetwork.a(networkparams.o)
                0x0000000008010b94                NetworkParams::NetworkParams(NetworkParamsStore*)
                0x0000000008010b94                NetworkParams::NetworkParams(NetworkParamsStore*)
 .text._ZN13NetworkParams4LoadEv
                0x0000000008010bac       0x18 ../lib-network/lib_gd32/libnetwork.a(networkparams.o)
                0x0000000008010bac                NetworkParams::Load()
 .text._ZN13NetworkParams4LoadEPKcj
                0x0000000008010bc4       0x40 ../lib-network/lib_gd32/libnetwork.a(networkparams.o)
                0x0000000008010bc4                NetworkParams::Load(char const*, unsigned int)
 .text._ZN13NetworkParams16callbackFunctionEPKc
                0x0000000008010c04      0x12c ../lib-network/lib_gd32/libnetwork.a(networkparams.o)
                0x0000000008010c04                NetworkParams::callbackFunction(char const*)
 .text._ZN13NetworkParams22staticCallbackFunctionEPvPKc
                0x0000000008010d30        0x4 ../lib-network/lib_gd32/libnetwork.a(networkparams.o)
                0x0000000008010d30                NetworkParams::staticCallbackFunction(void*, char const*)
 .text._ZN13NetworkParams7BuilderEPKN13networkparams6ParamsEPcjRj
                0x0000000008010d34      0x218 ../lib-network/lib_gd32/libnetwork.a(networkparams.o)
                0x0000000008010d34                NetworkParams::Builder(networkparams::Params const*, char*, unsigned int, unsigned int&)
 .text._ZN13NetworkParams4SaveEPcjRj
                0x0000000008010f4c       0x1a ../lib-network/lib_gd32/libnetwork.a(networkparams.o)
                0x0000000008010f4c                NetworkParams::Save(char*, unsigned int, unsigned int&)
 .text._ZN13NetworkParams4DumpEv
                0x0000000008010f66        0x2 ../lib-network/lib_gd32/libnetwork.a(networkparamsdump.o)
                0x0000000008010f66                NetworkParams::Dump()
 .text.memcpy.isra.0
                0x0000000008010f68       0x14 ../lib-network/lib_gd32/libnetwork.a(arp.o)
 .text.arp_announce
                0x0000000008010f7c       0x14 ../lib-network/lib_gd32/libnetwork.a(arp.o)
                0x0000000008010f7c                arp_announce
 .text.arp_handle_request
                0x0000000008010f90       0x50 ../lib-network/lib_gd32/libnetwork.a(arp.o)
                0x0000000008010f90                arp_handle_request
 .text.arp_handle_reply
                0x0000000008010fe0        0x8 ../lib-network/lib_gd32/libnetwork.a(arp.o)
                0x0000000008010fe0                arp_handle_reply
 .text.arp_send_request
                0x0000000008010fe8       0x14 ../lib-network/lib_gd32/libnetwork.a(arp.o)
                0x0000000008010fe8                arp_send_request
 .text.arp_cache_update
                0x0000000008010ffc       0x50 ../lib-network/lib_gd32/libnetwork.a(arp_cache.o)
                0x0000000008010ffc                arp_cache_update
 .text.arp_cache_lookup
                0x000000000801104c       0x9c ../lib-network/lib_gd32/libnetwork.a(arp_cache.o)
                0x000000000801104c                arp_cache_lookup
 .text._parse_response
                0x00000000080110e8      0x168 ../lib-network/lib_gd32/libnetwork.a(dhcp.o)
 .text.memcpy.isra.0
                0x0000000008011250       0x14 ../lib-network/lib_gd32/libnetwork.a(dhcp.o)
 .text.dhcp_client
                0x0000000008011264      0x210 ../lib-network/lib_gd32/libnetwork.a(dhcp.o)
                0x0000000008011264                dhcp_client
 .text.dhcp_client_release
                0x0000000008011474       0x5c ../lib-network/lib_gd32/libnetwork.a(dhcp.o)
                0x0000000008011474                dhcp_client_release
 .text.memcpy.isra.0
                0x00000000080114d0       0x14 ../lib-network/lib_gd32/libnetwork.a(igmp.o)
 .text._send_report
                0x00000000080114e4       0x80 ../lib-network/lib_gd32/libnetwork.a(igmp.o)
 .text.igmp_set_ip
                0x0000000008011564       0x2c ../lib-network/lib_gd32/libnetwork.a(igmp.o)
                0x0000000008011564                igmp_set_ip
 .text.igmp_timer
                0x0000000008011590       0x34 ../lib-network/lib_gd32/libnetwork.a(igmp.o)
                0x0000000008011590                igmp_timer
 .text.igmp_join
                0x00000000080115c4       0x58 ../lib-network/lib_gd32/libnetwork.a(igmp.o)
                0x00000000080115c4                igmp_join
 .text.igmp_leave
                0x000000000801161c       0x88 ../lib-network/lib_gd32/libnetwork.a(igmp.o)
                0x000000000801161c                igmp_leave
 .text.ip_set_ip