Archive member included to satisfy reference by file (symbol)

../lib-remoteconfig/lib_gd32/libremoteconfig.a(remoteconfig.o)
                              build_gd32/firmware/main.o (RemoteConfig::RemoteConfig(remoteconfig::Node, remoteconfig::Output, unsigned int))
../lib-remoteconfig/lib_gd32/libremoteconfig.a(remoteconfigfactory.o)
                              ../lib-remoteconfig/lib_gd32/libremoteconfig.a(remoteconfig.o) (RemoteConfig::HandleFactory())
../lib-remoteconfig/lib_gd32/libremoteconfig.a(remoteconfigparams.o)
                              build_gd32/firmware/main.o (RemoteConfigParams::RemoteConfigParams(RemoteConfigParamsStore*))
../lib-remoteconfig/lib_gd32/libremoteconfig.a(remoteconfigparamsdump.o)
                              build_gd32/firmware/main.o (RemoteConfigParams::Dump())
../lib-remoteconfig/lib_gd32/libremoteconfig.a(remoteconfigreboot.o)
                              ../lib-remoteconfig/lib_gd32/libremoteconfig.a(remoteconfig.o) (RemoteConfig::HandleReboot())
../lib-remoteconfig/lib_gd32/libremoteconfig.a(remoteconfigstatic.o)
                              ../lib-remoteconfig/lib_gd32/libremoteconfig.a(remoteconfig.o) (RemoteConfig::GetIndex(void const*, unsigned int&))
../lib-remoteconfig/lib_gd32/libremoteconfig.a(remoteconfig.o)
                              ../lib-remoteconfig/lib_gd32/libremoteconfig.a(remoteconfig.o) (RemoteConfig::PlatformHandleTftpSet())
../lib-remoteconfig/lib_gd32/libremoteconfig.a(httd.o)
                              build_gd32/firmware/main.o (HttpDaemon::HttpDaemon())
../lib-remoteconfig/lib_gd32/libremoteconfig.a(remoteconfigconst.o)
                              ../lib-remoteconfig/lib_gd32/libremoteconfig.a(remoteconfigparams.o) (RemoteConfigConst::PARAMS_DISPLAY_NAME)
../lib-remoteconfig/lib_gd32/libremoteconfig.a(remoteconfigjson.o)
                              ../lib-remoteconfig/lib_gd32/libremoteconfig.a(httd.o) (remoteconfig::json_get_list(char*, unsigned short))
../lib-remoteconfig/lib_gd32/libremoteconfig.a(get_file_content.o)
                              ../lib-remoteconfig/lib_gd32/libremoteconfig.a(httd.o) (get_file_content(char const*, char*))
../lib-artnet4/lib_gd32/libartnet4.a(artnet4node.o)
                              build_gd32/firmware/main.o (ArtNet4Node::ArtNet4Node())
../lib-artnet/lib_gd32/libartnet.a(artnetmsgconst.o)
                              build_gd32/firmware/main.o (ArtNetMsgConst::RDM_RUN)
../lib-artnet/lib_gd32/libartnet.a(artnetnode.o)
                              ../lib-artnet4/lib_gd32/libartnet4.a(artnet4node.o) (ArtNetNode::~ArtNetNode())
../lib-artnet/lib_gd32/libartnet.a(artnetnodegetportaddress.o)
                              ../lib-artnet4/lib_gd32/libartnet4.a(artnet4node.o) (ArtNetNode::GetPortAddress(unsigned int, unsigned short&, lightset::PortDir) const)
../lib-artnet/lib_gd32/libartnet.a(artnetnodehandleaddress.o)
                              build_gd32/firmware/main.o (ArtNetNode::SetUniverseSwitch(unsigned int, lightset::PortDir, unsigned char))
../lib-artnet/lib_gd32/libartnet.a(artnetnodehandledmx.o)
                              ../lib-artnet/lib_gd32/libartnet.a(artnetnode.o) (ArtNetNode::HandleDmx())
../lib-artnet/lib_gd32/libartnet.a(artnetnodehandledmxin.o)
                              ../lib-artnet/lib_gd32/libartnet.a(artnetnode.o) (ArtNetNode::HandleDmxIn())
../lib-artnet/lib_gd32/libartnet.a(artnetnodehandleipprog.o)
                              ../lib-artnet/lib_gd32/libartnet.a(artnetnode.o) (ArtNetNode::HandleIpProg())
../lib-artnet/lib_gd32/libartnet.a(artnetnodehandlepoll.o)
                              ../lib-artnet/lib_gd32/libartnet.a(artnetnode.o) (ArtNetNode::FillPollReply())
../lib-artnet/lib_gd32/libartnet.a(artnetnodehandlerdm.o)
                              ../lib-artnet/lib_gd32/libartnet.a(artnetnodehandleaddress.o) (ArtNetNode::SetRmd(unsigned int, bool))
../lib-artnet/lib_gd32/libartnet.a(artnetnodehandlerdmin.o)
                              ../lib-artnet/lib_gd32/libartnet.a(artnetnode.o) (ArtNetNode::HandleRdmIn())
../lib-artnet/lib_gd32/libartnet.a(artnetnodehandlesync.o)
                              ../lib-artnet/lib_gd32/libartnet.a(artnetnode.o) (ArtNetNode::HandleSync())
../lib-artnet/lib_gd32/libartnet.a(artnetnodehandletimecode.o)
                              ../lib-artnet/lib_gd32/libartnet.a(artnetnode.o) (ArtNetNode::HandleTimeCode())
../lib-artnet/lib_gd32/libartnet.a(artnetnodehandletimesync.o)
                              ../lib-artnet/lib_gd32/libartnet.a(artnetnode.o) (ArtNetNode::HandleTimeSync())
../lib-artnet/lib_gd32/libartnet.a(artnetnodeprint.o)
                              ../lib-artnet4/lib_gd32/libartnet4.a(artnet4node.o) (ArtNetNode::Print())
../lib-artnet/lib_gd32/libartnet.a(artnetparams.o)
                              build_gd32/firmware/main.o (ArtNetParams::ArtNetParams(ArtNetParamsStore*))
../lib-artnet/lib_gd32/libartnet.a(artnetparamsconst.o)
[...]
Memory Configuration

Name             Origin             Length             Attributes
FLASH            0x0000000008007000 0x000000000003a800 xr
RAM              0x0000000020000000 0x0000000000040000 xrw
*default*        0x0000000000000000 0xffffffffffffffff

Linker script and memory map

LOAD build_gd32/startup_gd32f20x_cl.o
LOAD build_gd32/firmware/main.o
LOAD build_gd32/lib/dmxinput.o
LOAD build_gd32/lib/rdmsoftwareversion.o
                0x0000000000001800                __heap_size = DEFINED (__heap_size)?__heap_size:0x1800
                0x0000000000002800                __stack_size = DEFINED (__stack_size)?__stack_size:0x2800

.vectors        0x0000000008007000      0x1a8
                0x0000000008007000                . = ALIGN (0x4)
 *(.vectors)
 .vectors       0x0000000008007000      0x1a8 build_gd32/startup_gd32f20x_cl.o
                0x0000000008007000                __gVectors
                0x00000000080071a8                . = ALIGN (0x4)
                0x00000000080071a8                __Vectors_End = .
                0x00000000080071a8                __Vectors_Size = (__Vectors_End - __gVectors)

.text           0x00000000080071a8     0xf904
                0x00000000080071a8                . = ALIGN (0x4)
 *(.text.unlikely*)
 .text.unlikely.net_init
                0x00000000080071a8       0xa0 ../lib-network/lib_gd32/libnetwork.a(net.o)
                0x00000000080071a8                net_init
 .text.unlikely.net_shutdown
                0x0000000008007248       0x1c ../lib-network/lib_gd32/libnetwork.a(net.o)
                0x0000000008007248                net_shutdown
 .text.unlikely.rfc3927_init
                0x0000000008007264       0x18 ../lib-network/lib_gd32/libnetwork.a(rfc3927.o)
                0x0000000008007264                rfc3927_init
 .text.unlikely.tcp_init
                0x000000000800727c       0x44 ../lib-network/lib_gd32/libnetwork.a(tcp.o)
                0x000000000800727c                tcp_init
 .text.unlikely.udp_init
                0x00000000080072c0       0x58 ../lib-network/lib_gd32/libnetwork.a(udp.o)
                0x00000000080072c0                udp_init
 .text.unlikely.udp_shutdown
                0x0000000008007318        0x2 ../lib-network/lib_gd32/libnetwork.a(udp.o)
                0x0000000008007318                udp_shutdown
 *fill*         0x000000000800731a        0x2 
 .text.unlikely.arp_init
                0x000000000800731c       0xf8 ../lib-network/lib_gd32/libnetwork.a(arp.o)
                0x000000000800731c                arp_init
 .text.unlikely.arp_cache_init
                0x0000000008007414       0x34 ../lib-network/lib_gd32/libnetwork.a(arp_cache.o)
                0x0000000008007414                arp_cache_init
 .text.unlikely.igmp_init
                0x0000000008007448       0xc4 ../lib-network/lib_gd32/libnetwork.a(igmp.o)
                0x0000000008007448                igmp_init
 .text.unlikely.igmp_shutdown
                0x000000000800750c       0x28 ../lib-network/lib_gd32/libnetwork.a(igmp.o)
                0x000000000800750c                igmp_shutdown
 .text.unlikely.ip_init
                0x0000000008007534       0x16 ../lib-network/lib_gd32/libnetwork.a(ip.o)
                0x0000000008007534                ip_init
 .text.unlikely.ip_shutdown
                0x000000000800754a        0xe ../lib-network/lib_gd32/libnetwork.a(ip.o)
                0x000000000800754a                ip_shutdown
 .text.unlikely.console_init
                0x0000000008007558       0x20 ../lib-hal/lib_gd32/libhal.a(console_uart0.o)
                0x0000000008007558                console_init
 *(.text.hot*)
 .text.hot.net_handle
                0x0000000008007578       0x38 ../lib-network/lib_gd32/libnetwork.a(net.o)
                0x0000000008007578                net_handle
 .text.hot.tcp_handle
                0x00000000080075b0      0x360 ../lib-network/lib_gd32/libnetwork.a(tcp.o)
                0x00000000080075b0                tcp_handle
 .text.hot.udp_handle
                0x0000000008007910       0xa8 ../lib-network/lib_gd32/libnetwork.a(udp.o)
                0x0000000008007910                udp_handle
 .text.hot.arp_handle
                0x00000000080079b8       0x18 ../lib-network/lib_gd32/libnetwork.a(arp.o)
                0x00000000080079b8                arp_handle
 .text.hot.igmp_handle
                0x00000000080079d0       0xa0 ../lib-network/lib_gd32/libnetwork.a(igmp.o)
                0x00000000080079d0                igmp_handle
 .text.hot.ip_handle
                0x0000000008007a70       0x32 ../lib-network/lib_gd32/libnetwork.a(ip.o)
                0x0000000008007a70                ip_handle
 *fill*         0x0000000008007aa2        0x2 
 .text.hot.icmp_handle
                0x0000000008007aa4       0x98 ../lib-network/lib_gd32/libnetwork.a(icmp.o)
                0x0000000008007aa4                icmp_handle
 *(.text)
 .text          0x0000000008007b3c      0x168 /Users/arjanvanvught/Library/xPacks/@xpack-dev-tools/arm-none-eabi-gcc/11.3.1-1.1.2/.content/bin/../lib/gcc/arm-none-eabi/11.3.1/thumb/v7-m/nofp/libgcc.a(_arm_mulsf3.o)
                0x0000000008007b3c                __mulsf3
                0x0000000008007b3c                __aeabi_fmul
 .text          0x0000000008007ca4       0xa0 /Users/arjanvanvught/Library/xPacks/@xpack-dev-tools/arm-none-eabi-gcc/11.3.1-1.1.2/.content/bin/../lib/gcc/arm-none-eabi/11.3.1/thumb/v7-m/nofp/libgcc.a(_arm_truncdfsf2.o)
                0x0000000008007ca4                __aeabi_d2f
                0x0000000008007ca4                __truncdfsf2
 .text          0x0000000008007d44      0x21c /Users/arjanvanvught/Library/xPacks/@xpack-dev-tools/arm-none-eabi-gcc/11.3.1-1.1.2/.content/bin/../lib/gcc/arm-none-eabi/11.3.1/thumb/v7-m/nofp/libgcc.a(_arm_addsubsf3.o)
                0x0000000008007d44                __aeabi_frsub
                0x0000000008007d4c                __aeabi_fsub
                0x0000000008007d4c                __subsf3
                0x0000000008007d50                __aeabi_fadd
                0x0000000008007d50                __addsf3
                0x0000000008007eb0                __aeabi_ui2f
                0x0000000008007eb0                __floatunsisf
                0x0000000008007eb8                __floatsisf
                0x0000000008007eb8                __aeabi_i2f
                0x0000000008007ed4                __aeabi_ul2f
                0x0000000008007ed4                __floatundisf
                0x0000000008007ee4                __aeabi_l2f
                0x0000000008007ee4                __floatdisf
 .text          0x0000000008007f60       0xec /Users/arjanvanvught/Library/xPacks/@xpack-dev-tools/arm-none-eabi-gcc/11.3.1-1.1.2/.content/bin/../lib/gcc/arm-none-eabi/11.3.1/thumb/v7-m/nofp/libgcc.a(_arm_cmpsf2.o)
                0x0000000008007f60                __gesf2
                0x0000000008007f60                __gtsf2
                0x0000000008007f68                __ltsf2
                0x0000000008007f68                __lesf2
                0x0000000008007f70                __nesf2
                0x0000000008007f70                __eqsf2
                0x0000000008007f70                __cmpsf2
                0x0000000008007fd0                __aeabi_cfrcmple
                0x0000000008007fd8                __aeabi_cfcmpeq
                0x0000000008007fd8                __aeabi_cfcmple
                0x0000000008007fe8                __aeabi_fcmpeq
                0x0000000008007ffc                __aeabi_fcmplt
                0x0000000008008010                __aeabi_fcmple
                0x0000000008008024                __aeabi_fcmpge
                0x0000000008008038                __aeabi_fcmpgt
 .text          0x000000000800804c       0x4c /Users/arjanvanvught/Library/xPacks/@xpack-dev-tools/arm-none-eabi-gcc/11.3.1-1.1.2/.content/bin/../lib/gcc/arm-none-eabi/11.3.1/thumb/v7-m/nofp/libgcc.a(_arm_fixsfsi.o)
                0x000000000800804c                __fixsfsi
                0x000000000800804c                __aeabi_f2iz
 .text          0x0000000008008098       0x30 /Users/arjanvanvught/Library/xPacks/@xpack-dev-tools/arm-none-eabi-gcc/11.3.1-1.1.2/.content/bin/../lib/gcc/arm-none-eabi/11.3.1/thumb/v7-m/nofp/libgcc.a(_aeabi_uldivmod.o)
                0x0000000008008098                __aeabi_uldivmod
 .text          0x00000000080080c8        0x4 /Users/arjanvanvught/Library/xPacks/@xpack-dev-tools/arm-none-eabi-gcc/11.3.1-1.1.2/.content/bin/../lib/gcc/arm-none-eabi/11.3.1/thumb/v7-m/nofp/libgcc.a(_dvmd_tls.o)
                0x00000000080080c8                __aeabi_ldiv0
                0x00000000080080c8                __aeabi_idiv0
 *(.text*)
 .text.Reset_Handler
                0x00000000080080cc       0x44 build_gd32/startup_gd32f20x_cl.o
                0x00000000080080cc                Reset_Handler
 .text.Default_Handler
                0x0000000008008110        0x2 build_gd32/startup_gd32f20x_cl.o
                0x0000000008008110                ENET_IRQHandler
                0x0000000008008110                TIMER5_IRQHandler
                0x0000000008008110                DebugMon_Handler
                0x0000000008008110                LVD_IRQHandler
                0x0000000008008110                CAN1_EWMC_IRQHandler
                0x0000000008008110                HardFault_Handler
                0x0000000008008110                TIMER7_UP_TIMER12_IRQHandler
                0x0000000008008110                ADC0_1_IRQHandler
                0x0000000008008110                SDIO_IRQHandler
                0x0000000008008110                PendSV_Handler
                0x0000000008008110                NMI_Handler
                0x0000000008008110                EXTI3_IRQHandler
                0x0000000008008110                DCI_IRQHandler
                0x0000000008008110                USBFS_WKUP_IRQHandler
                0x0000000008008110                TIMER0_TRG_CMT_TIMER10_IRQHandler
                0x0000000008008110                USBFS_IRQHandler
                0x0000000008008110                DMA0_Channel6_IRQHandler
                0x0000000008008110                I2C0_EV_IRQHandler
                0x0000000008008110                EXTI0_IRQHandler
                0x0000000008008110                I2C2_EV_IRQHandler
                0x0000000008008110                CAU_IRQHandler
                0x0000000008008110                CAN1_RX0_IRQHandler
                0x0000000008008110                TIMER7_TRG_CMT_TIMER13_IRQHandler
                0x0000000008008110                UsageFault_Handler
                0x0000000008008110                TIMER4_IRQHandler
                0x0000000008008110                SPI1_IRQHandler
                0x0000000008008110                DMA0_Channel0_IRQHandler
                0x0000000008008110                TAMPER_IRQHandler
                0x0000000008008110                TIMER0_BRK_TIMER8_IRQHandler
                0x0000000008008110                DMA1_Channel0_IRQHandler
                0x0000000008008110                TIMER7_BRK_TIMER11_IRQHandler
                0x0000000008008110                DMA1_Channel4_IRQHandler
                0x0000000008008110                DMA0_Channel3_IRQHandler
                0x0000000008008110                I2C0_ER_IRQHandler
                0x0000000008008110                TLI_IRQHandler
                0x0000000008008110                TIMER0_UP_TIMER9_IRQHandler
                0x0000000008008110                RTC_IRQHandler
                0x0000000008008110                CAN1_RX1_IRQHandler
                0x0000000008008110                DMA0_Channel2_IRQHandler
                0x0000000008008110                USART0_IRQHandler
                0x0000000008008110                I2C1_EV_IRQHandler
                0x0000000008008110                DMA1_Channel6_IRQHandler
                0x0000000008008110                UART4_IRQHandler
                0x0000000008008110                EXTI10_15_IRQHandler
                0x0000000008008110                DMA1_Channel1_IRQHandler
                0x0000000008008110                Default_Handler
                0x0000000008008110                TIMER7_Channel_IRQHandler
                0x0000000008008110                CAN0_TX_IRQHandler
                0x0000000008008110                WWDGT_IRQHandler
                0x0000000008008110                EXMC_IRQHandler
                0x0000000008008110                ADC2_IRQHandler
                0x0000000008008110                SPI2_IRQHandler
                0x0000000008008110                MemManage_Handler
                0x0000000008008110                CAN1_TX_IRQHandler
                0x0000000008008110                SVC_Handler
                0x0000000008008110                HAU_TRNG_IRQHandler
                0x0000000008008110                DMA1_Channel5_IRQHandler
                0x0000000008008110                EXTI4_IRQHandler
                0x0000000008008110                CAN0_RX1_IRQHandler
                0x0000000008008110                DMA0_Channel5_IRQHandler
                0x0000000008008110                DMA1_Channel3_IRQHandler
                0x0000000008008110                EXTI5_9_IRQHandler
                0x0000000008008110                RCU_IRQHandler
                0x0000000008008110                DMA0_Channel1_IRQHandler
                0x0000000008008110                TIMER0_Channel_IRQHandler
                0x0000000008008110                EXTI1_IRQHandler
                0x0000000008008110                ENET_WKUP_IRQHandler
                0x0000000008008110                RTCAlarm_IRQHandler
                0x0000000008008110                UART7_IRQHandler
                0x0000000008008110                UART6_IRQHandler
                0x0000000008008110                CAN0_EWMC_IRQHandler
                0x0000000008008110                CAN0_RX0_IRQHandler
                0x0000000008008110                I2C2_ER_IRQHandler
                0x0000000008008110                DMA1_Channel2_IRQHandler
                0x0000000008008110                TLI_ER_IRQHandler
                0x0000000008008110                BusFault_Handler
                0x0000000008008110                USART1_IRQHandler
                0x0000000008008110                UART3_IRQHandler
                0x0000000008008110                I2C1_ER_IRQHandler
                0x0000000008008110                FMC_IRQHandler
                0x0000000008008110                DMA0_Channel4_IRQHandler
                0x0000000008008110                EXTI2_IRQHandler
 .text.memcmp   0x0000000008008112       0x20 build_gd32/firmware/main.o
 .text._ZN14DisplayHandlerD2Ev
                0x0000000008008132        0x2 build_gd32/firmware/main.o
                0x0000000008008132                DisplayHandler::~DisplayHandler()
                0x0000000008008132                DisplayHandler::~DisplayHandler()
 .text._ZN12dmxconfigudpL4atoiEPKcj
                0x0000000008008134       0x24 build_gd32/firmware/main.o
 .text._ZN14DisplayHandlerD0Ev
                0x0000000008008158        0xc build_gd32/firmware/main.o
                0x0000000008008158                DisplayHandler::~DisplayHandler()
 .text._ZN7Display12SetCursorPosEhh.isra.0
                0x0000000008008164        0xa build_gd32/firmware/main.o
 .text._ZN7Display7PutCharEi.isra.0
                0x000000000800816e        0xa build_gd32/firmware/main.o
 .text._ZN14DisplayHandler5PrintEj
                0x0000000008008178       0x50 build_gd32/firmware/main.o
                0x0000000008008178                DisplayHandler::Print(unsigned int)
 .text._ZN7Display10TextStatusEPKc
                0x00000000080081c8       0x6a build_gd32/firmware/main.o
                0x00000000080081c8                Display::TextStatus(char const*)
 .text._ZN7Display10TextStatusEPKc22Display7SegmentMessagej
                0x0000000008008232       0x50 build_gd32/firmware/main.o
                0x0000000008008232                Display::TextStatus(char const*, Display7SegmentMessage, unsigned int)
 *fill*         0x0000000008008282        0x2 
 .text._ZN7Display8SetSleepEb
                0x0000000008008284       0x20 build_gd32/firmware/main.o
                0x0000000008008284                Display::SetSleep(bool)
 .text._ZN7display7timeout9gpio_initEv
                0x00000000080082a4       0x20 build_gd32/firmware/main.o
                0x00000000080082a4                display::timeout::gpio_init()
 .text._ZN7display7timeout10gpio_renewEv
                0x00000000080082c4       0x14 build_gd32/firmware/main.o
                0x00000000080082c4                display::timeout::gpio_renew()
 .text._ZN9RDMDevice4InitEv
                0x00000000080082d8       0x60 build_gd32/firmware/main.o
                0x00000000080082d8                RDMDevice::Init()
 .text._ZN8Hardware13RebootHandlerEv
                0x0000000008008338       0x20 build_gd32/firmware/main.o
                0x0000000008008338                Hardware::RebootHandler()
 .text.startup.main
                0x0000000008008358      0x55c build_gd32/firmware/main.o
                0x0000000008008358                main
 .text._ZN8DmxInputD2Ev
                0x00000000080088b4        0x2 build_gd32/lib/dmxinput.o
                0x00000000080088b4                DmxInput::~DmxInput()
                0x00000000080088b4                DmxInput::~DmxInput()
 *fill*         0x00000000080088b6        0x2 
 .text._ZN8DmxInput5StartEj
                0x00000000080088b8       0x30 build_gd32/lib/dmxinput.o
                0x00000000080088b8                DmxInput::Start(unsigned int)
 .text._ZN8DmxInput4StopEj
                0x00000000080088e8       0x30 build_gd32/lib/dmxinput.o
                0x00000000080088e8                DmxInput::Stop(unsigned int)
 .text._ZN8DmxInput7HandlerEjRjS0_
                0x0000000008008918       0x3c build_gd32/lib/dmxinput.o
                0x0000000008008918                DmxInput::Handler(unsigned int, unsigned int&, unsigned int&)
 .text._ZN8DmxInputD0Ev
                0x0000000008008954        0xc build_gd32/lib/dmxinput.o
                0x0000000008008954                DmxInput::~DmxInput()
 .text._ZN8DmxInputC2Ev
                0x0000000008008960       0x20 build_gd32/lib/dmxinput.o
                0x0000000008008960                DmxInput::DmxInput()
                0x0000000008008960                DmxInput::DmxInput()
 .text._ZN12RemoteConfig10HandleListEv
                0x0000000008008980       0xd0 ../lib-remoteconfig/lib_gd32/libremoteconfig.a(remoteconfig.o)
                0x0000000008008980                RemoteConfig::HandleList()
 .text._ZN12RemoteConfig16HandleDisplayGetEv
                0x0000000008008a50       0x54 ../lib-remoteconfig/lib_gd32/libremoteconfig.a(remoteconfig.o)
                0x0000000008008a50                RemoteConfig::HandleDisplayGet()
 .text._ZN12RemoteConfig13HandleTftpGetEv
                0x0000000008008aa4       0x50 ../lib-remoteconfig/lib_gd32/libremoteconfig.a(remoteconfig.o)
                0x0000000008008aa4                RemoteConfig::HandleTftpGet()
 .text._ZN12RemoteConfig13HandleVersionEv
                0x0000000008008af4       0x40 ../lib-remoteconfig/lib_gd32/libremoteconfig.a(remoteconfig.o)
                0x0000000008008af4                RemoteConfig::HandleVersion()
 .text._ZN12RemoteConfig12HandleUptimeEv
                0x0000000008008b34       0x4c ../lib-remoteconfig/lib_gd32/libremoteconfig.a(remoteconfig.o)
                0x0000000008008b34                RemoteConfig::HandleUptime()
 .text._ZN7Display6StatusE22Display7SegmentMessage
                0x0000000008008b80       0x36 ../lib-remoteconfig/lib_gd32/libremoteconfig.a(remoteconfig.o)
                0x0000000008008b80                Display::Status(Display7SegmentMessage)
 *fill*         0x0000000008008bb6        0x2 
 .text._ZN12RemoteConfig16HandleDisplaySetEv
                0x0000000008008bb8       0x28 ../lib-remoteconfig/lib_gd32/libremoteconfig.a(remoteconfig.o)
                0x0000000008008bb8                RemoteConfig::HandleDisplaySet()
 .text._ZN12RemoteConfig13HandleTftpSetEv
                0x0000000008008be0       0x68 ../lib-remoteconfig/lib_gd32/libremoteconfig.a(remoteconfig.o)
                0x0000000008008be0                RemoteConfig::HandleTftpSet()
 .text._ZN12RemoteConfigC2EN12remoteconfig4NodeENS0_6OutputEj
                0x0000000008008c48       0x68 ../lib-remoteconfig/lib_gd32/libremoteconfig.a(remoteconfig.o)
                0x0000000008008c48                RemoteConfig::RemoteConfig(remoteconfig::Node, remoteconfig::Output, unsigned int)
                0x0000000008008c48                RemoteConfig::RemoteConfig(remoteconfig::Node, remoteconfig::Output, unsigned int)
 .text._ZNK12RemoteConfig13GetStringNodeEv
                0x0000000008008cb0       0x18 ../lib-remoteconfig/lib_gd32/libremoteconfig.a(remoteconfig.o)
                0x0000000008008cb0                RemoteConfig::GetStringNode() const
 .text._ZNK12RemoteConfig15GetStringOutputEv
                0x0000000008008cc8       0x18 ../lib-remoteconfig/lib_gd32/libremoteconfig.a(remoteconfig.o)
                0x0000000008008cc8                RemoteConfig::GetStringOutput() const
 .text._ZN12RemoteConfig10SetDisableEb
                0x0000000008008ce0       0x40 ../lib-remoteconfig/lib_gd32/libremoteconfig.a(remoteconfig.o)
                0x0000000008008ce0                RemoteConfig::SetDisable(bool)
 .text._ZN12RemoteConfig14SetDisplayNameEPKc
                0x0000000008008d20       0x30 ../lib-remoteconfig/lib_gd32/libremoteconfig.a(remoteconfig.o)
                0x0000000008008d20                RemoteConfig::SetDisplayName(char const*)
 .text._ZN12RemoteConfig9HandleGetEPvj
                0x0000000008008d50       0xb8 ../lib-remoteconfig/lib_gd32/libremoteconfig.a(remoteconfig.o)
                0x0000000008008d50                RemoteConfig::HandleGet(void*, unsigned int)
 .text._ZN12RemoteConfig17HandleGetNoParamsEv
                0x0000000008008e08        0x8 ../lib-remoteconfig/lib_gd32/libremoteconfig.a(remoteconfig.o)
                0x0000000008008e08                RemoteConfig::HandleGetNoParams()
 .text._ZN12RemoteConfig19HandleGetRconfigTxtERj
                0x0000000008008e10       0x2c ../lib-remoteconfig/lib_gd32/libremoteconfig.a(remoteconfig.o)
                0x0000000008008e10                RemoteConfig::HandleGetRconfigTxt(unsigned int&)
 .text._ZN12RemoteConfig19HandleGetNetworkTxtERj
                0x0000000008008e3c       0x2c ../lib-remoteconfig/lib_gd32/libremoteconfig.a(remoteconfig.o)
                0x0000000008008e3c                RemoteConfig::HandleGetNetworkTxt(unsigned int&)
 .text._ZN12RemoteConfig18HandleGetArtnetTxtERj
                0x0000000008008e68       0x2c ../lib-remoteconfig/lib_gd32/libremoteconfig.a(remoteconfig.o)
                0x0000000008008e68                RemoteConfig::HandleGetArtnetTxt(unsigned int&)
 .text._ZN12RemoteConfig16HandleGetE131TxtERj
                0x0000000008008e94       0x2c ../lib-remoteconfig/lib_gd32/libremoteconfig.a(remoteconfig.o)
                0x0000000008008e94                RemoteConfig::HandleGetE131Txt(unsigned int&)
 .text._ZN12RemoteConfig18HandleGetParamsTxtERj
                0x0000000008008ec0       0x2c ../lib-remoteconfig/lib_gd32/libremoteconfig.a(remoteconfig.o)
                0x0000000008008ec0                RemoteConfig::HandleGetParamsTxt(unsigned int&)
 .text._ZN12RemoteConfig19HandleGetDisplayTxtERj
                0x0000000008008eec       0x2c ../lib-remoteconfig/lib_gd32/libremoteconfig.a(remoteconfig.o)
                0x0000000008008eec                RemoteConfig::HandleGetDisplayTxt(unsigned int&)
 .text._ZN12RemoteConfig9HandleSetEPvj
                0x0000000008008f18       0x84 ../lib-remoteconfig/lib_gd32/libremoteconfig.a(remoteconfig.o)
                0x0000000008008f18                RemoteConfig::HandleSet(void*, unsigned int)
 .text._ZN12RemoteConfig3RunEv
                0x0000000008008f9c      0x13c ../lib-remoteconfig/lib_gd32/libremoteconfig.a(remoteconfig.o)
                0x0000000008008f9c                RemoteConfig::Run()
 .text._ZN12RemoteConfig16HandleSetRconfigEv
                0x00000000080090d8       0x30 ../lib-remoteconfig/lib_gd32/libremoteconfig.a(remoteconfig.o)
                0x00000000080090d8                RemoteConfig::HandleSetRconfig()
 .text._ZN12RemoteConfig19HandleSetNetworkTxtEv
                0x0000000008009108       0x28 ../lib-remoteconfig/lib_gd32/libremoteconfig.a(remoteconfig.o)
                0x0000000008009108                RemoteConfig::HandleSetNetworkTxt()
 .text._ZN12RemoteConfig18HandleSetArtnetTxtEv
                0x0000000008009130       0x28 ../lib-remoteconfig/lib_gd32/libremoteconfig.a(remoteconfig.o)
                0x0000000008009130                RemoteConfig::HandleSetArtnetTxt()
 .text._ZN12RemoteConfig16HandleSetE131TxtEv
                0x0000000008009158       0x28 ../lib-remoteconfig/lib_gd32/libremoteconfig.a(remoteconfig.o)
                0x0000000008009158                RemoteConfig::HandleSetE131Txt()
 .text._ZN12RemoteConfig18HandleSetParamsTxtEv
                0x0000000008009180       0x28 ../lib-remoteconfig/lib_gd32/libremoteconfig.a(remoteconfig.o)
                0x0000000008009180                RemoteConfig::HandleSetParamsTxt()
 .text._ZN12RemoteConfig19HandleSetDisplayTxtEv
                0x00000000080091a8       0x28 ../lib-remoteconfig/lib_gd32/libremoteconfig.a(remoteconfig.o)
                0x00000000080091a8                RemoteConfig::HandleSetDisplayTxt()
 .text._ZN12RemoteConfig13HandleFactoryEv
                0x00000000080091d0       0x1c ../lib-remoteconfig/lib_gd32/libremoteconfig.a(remoteconfigfactory.o)
                0x00000000080091d0                RemoteConfig::HandleFactory()
 .text._ZN17PropertiesBuilder3AddEPKcb.isra.0
                0x00000000080091ec       0x50 ../lib-remoteconfig/lib_gd32/libremoteconfig.a(remoteconfigparams.o)
 .text._ZN18RemoteConfigParamsC2EP23RemoteConfigParamsStore
                0x000000000800923c       0x14 ../lib-remoteconfig/lib_gd32/libremoteconfig.a(remoteconfigparams.o)
                0x000000000800923c                RemoteConfigParams::RemoteConfigParams(RemoteConfigParamsStore*)
                0x000000000800923c                RemoteConfigParams::RemoteConfigParams(RemoteConfigParamsStore*)
 .text._ZN18RemoteConfigParams4LoadEv
                0x0000000008009250       0x18 ../lib-remoteconfig/lib_gd32/libremoteconfig.a(remoteconfigparams.o)
                0x0000000008009250                RemoteConfigParams::Load()
 .text._ZN18RemoteConfigParams4LoadEPKcj
                0x0000000008009268       0x3c ../lib-remoteconfig/lib_gd32/libremoteconfig.a(remoteconfigparams.o)
                0x0000000008009268                RemoteConfigParams::Load(char const*, unsigned int)
 .text._ZN18RemoteConfigParams7SetBoolEhj
                0x00000000080092a4       0x10 ../lib-remoteconfig/lib_gd32/libremoteconfig.a(remoteconfigparams.o)
                0x00000000080092a4                RemoteConfigParams::SetBool(unsigned char, unsigned int)
 .text._ZN18RemoteConfigParams16callbackFunctionEPKc
                0x00000000080092b4       0xac ../lib-remoteconfig/lib_gd32/libremoteconfig.a(remoteconfigparams.o)
                0x00000000080092b4                RemoteConfigParams::callbackFunction(char const*)
 .text._ZN18RemoteConfigParams22staticCallbackFunctionEPvPKc
                0x0000000008009360        0x4 ../lib-remoteconfig/lib_gd32/libremoteconfig.a(remoteconfigparams.o)
                0x0000000008009360                RemoteConfigParams::staticCallbackFunction(void*, char const*)
 .text._ZN18RemoteConfigParams7BuilderEPK19TRemoteConfigParamsPcjRj
                0x0000000008009364      0x120 ../lib-remoteconfig/lib_gd32/libremoteconfig.a(remoteconfigparams.o)
                0x0000000008009364                RemoteConfigParams::Builder(TRemoteConfigParams const*, char*, unsigned int, unsigned int&)
 .text._ZN18RemoteConfigParams4SaveEPcjRj
                0x0000000008009484       0x1a ../lib-remoteconfig/lib_gd32/libremoteconfig.a(remoteconfigparams.o)
                0x0000000008009484                RemoteConfigParams::Save(char*, unsigned int, unsigned int&)
 .text._ZN18RemoteConfigParams3SetEP12RemoteConfig
                0x000000000800949e       0x40 ../lib-remoteconfig/lib_gd32/libremoteconfig.a(remoteconfigparams.o)
                0x000000000800949e                RemoteConfigParams::Set(RemoteConfig*)
 .text._ZN18RemoteConfigParams4DumpEv
                0x00000000080094de        0x2 ../lib-remoteconfig/lib_gd32/libremoteconfig.a(remoteconfigparamsdump.o)
                0x00000000080094de                RemoteConfigParams::Dump()
 .text._ZN12RemoteConfig12HandleRebootEv
                0x00000000080094e0       0xa4 ../lib-remoteconfig/lib_gd32/libremoteconfig.a(remoteconfigreboot.o)
                0x00000000080094e0                RemoteConfig::HandleReboot()
 .text._ZN12RemoteConfig8GetIndexEPKvRj
                0x0000000008009584       0x54 ../lib-remoteconfig/lib_gd32/libremoteconfig.a(remoteconfigstatic.o)
                0x0000000008009584                RemoteConfig::GetIndex(void const*, unsigned int&)
 .text._ZN12RemoteConfig21PlatformHandleTftpSetEv
                0x00000000080095d8       0x10 ../lib-remoteconfig/lib_gd32/libremoteconfig.a(remoteconfig.o)
                0x00000000080095d8                RemoteConfig::PlatformHandleTftpSet()
 .text._ZN12RemoteConfig21PlatformHandleTftpGetEv
                0x00000000080095e8       0x1a ../lib-remoteconfig/lib_gd32/libremoteconfig.a(remoteconfig.o)
                0x00000000080095e8                RemoteConfig::PlatformHandleTftpGet()
 .text.strcmp   0x0000000008009602       0x1a ../lib-remoteconfig/lib_gd32/libremoteconfig.a(httd.o)
 .text.strcasecmp
                0x000000000800961c       0x34 ../lib-remoteconfig/lib_gd32/libremoteconfig.a(httd.o)
 .text._ZN16PropertiesConfig10EnableJSONEb
                0x0000000008009650       0x18 ../lib-remoteconfig/lib_gd32/libremoteconfig.a(httd.o)
                0x0000000008009650                PropertiesConfig::EnableJSON(bool)
 .text._ZN10HttpDaemonC2Ev
                0x0000000008009668       0x28 ../lib-remoteconfig/lib_gd32/libremoteconfig.a(httd.o)
                0x0000000008009668                HttpDaemon::HttpDaemon()
                0x0000000008009668                HttpDaemon::HttpDaemon()
 .text._ZN10HttpDaemon5StartEv
                0x0000000008009690       0x18 ../lib-remoteconfig/lib_gd32/libremoteconfig.a(httd.o)
                0x0000000008009690                HttpDaemon::Start()
 .text._ZN10HttpDaemon11ParseMethodEPc
                0x00000000080096a8       0x8c ../lib-remoteconfig/lib_gd32/libremoteconfig.a(httd.o)
                0x00000000080096a8                HttpDaemon::ParseMethod(char*)
 .text._ZN10HttpDaemon16ParseHeaderFieldEPc
                0x0000000008009734       0x94 ../lib-remoteconfig/lib_gd32/libremoteconfig.a(httd.o)
                0x0000000008009734                HttpDaemon::ParseHeaderField(char*)
 .text._ZN10HttpDaemon12ParseRequestEv
                0x00000000080097c8       0x6c ../lib-remoteconfig/lib_gd32/libremoteconfig.a(httd.o)
                0x00000000080097c8                HttpDaemon::ParseRequest()
 .text._ZN10HttpDaemon12HandleGetTxtEv
                0x0000000008009834       0x88 ../lib-remoteconfig/lib_gd32/libremoteconfig.a(httd.o)
                0x0000000008009834                HttpDaemon::HandleGetTxt()
 .text._ZN10HttpDaemon9HandleGetEv
                0x00000000080098bc      0x14c ../lib-remoteconfig/lib_gd32/libremoteconfig.a(httd.o)
                0x00000000080098bc                HttpDaemon::HandleGet()
 .text._ZN10HttpDaemon10HandlePostEb
                0x0000000008009a08      0x160 ../lib-remoteconfig/lib_gd32/libremoteconfig.a(httd.o)
                0x0000000008009a08                HttpDaemon::HandlePost(bool)
 .text._ZN10HttpDaemon3RunEv
                0x0000000008009b68      0x158 ../lib-remoteconfig/lib_gd32/libremoteconfig.a(httd.o)
                0x0000000008009b68                HttpDaemon::Run()
 .text._ZN12remoteconfig13json_get_listEPct
                0x0000000008009cc0       0x68 ../lib-remoteconfig/lib_gd32/libremoteconfig.a(remoteconfigjson.o)
                0x0000000008009cc0                remoteconfig::json_get_list(char*, unsigned short)
 .text._ZN12remoteconfig16json_get_versionEPct
                0x0000000008009d28       0x38 ../lib-remoteconfig/lib_gd32/libremoteconfig.a(remoteconfigjson.o)
                0x0000000008009d28                remoteconfig::json_get_version(char*, unsigned short)
 .text._ZN12remoteconfig15json_get_uptimeEPct
                0x0000000008009d60       0x20 ../lib-remoteconfig/lib_gd32/libremoteconfig.a(remoteconfigjson.o)
                0x0000000008009d60                remoteconfig::json_get_uptime(char*, unsigned short)
 .text._ZN12remoteconfig16json_get_displayEPct
                0x0000000008009d80       0x20 ../lib-remoteconfig/lib_gd32/libremoteconfig.a(remoteconfigjson.o)
                0x0000000008009d80                remoteconfig::json_get_display(char*, unsigned short)
 .text._ZN12remoteconfig18json_get_directoryEPct
                0x0000000008009da0       0x10 ../lib-remoteconfig/lib_gd32/libremoteconfig.a(remoteconfigjson.o)
                0x0000000008009da0                remoteconfig::json_get_directory(char*, unsigned short)
 .text._Z16get_file_contentPKcPc
                0x0000000008009db0       0x4c ../lib-remoteconfig/lib_gd32/libremoteconfig.a(get_file_content.o)
                0x0000000008009db0                get_file_content(char const*, char*)
 .text._ZN11ArtNet4Node15IsStatusChangedEv
                0x0000000008009dfc       0x10 ../lib-artnet4/lib_gd32/libartnet4.a(artnet4node.o)
                0x0000000008009dfc                ArtNet4Node::IsStatusChanged()
 .text._ZN11ArtNet4Node7SetPortEjN8lightset7PortDirE
                0x0000000008009e0c       0x5e ../lib-artnet4/lib_gd32/libartnet4.a(artnet4node.o)
                0x0000000008009e0c                ArtNet4Node::SetPort(unsigned int, lightset::PortDir)
 *fill*         0x0000000008009e6a        0x2 
 .text._ZN11ArtNet4Node15SetLedBlinkModeEN8ledblink4ModeE
                0x0000000008009e6c       0x18 ../lib-artnet4/lib_gd32/libartnet4.a(artnet4node.o)
                0x0000000008009e6c                ArtNet4Node::SetLedBlinkMode(ledblink::Mode)
 .text._ZN11ArtNet4NodeD2Ev
                0x0000000008009e84       0x20 ../lib-artnet4/lib_gd32/libartnet4.a(artnet4node.o)
                0x0000000008009e84                ArtNet4Node::~ArtNet4Node()
                0x0000000008009e84                ArtNet4Node::~ArtNet4Node()
 .text._ZN11ArtNet4NodeD0Ev
                0x0000000008009ea4       0x12 ../lib-artnet4/lib_gd32/libartnet4.a(artnet4node.o)
                0x0000000008009ea4                ArtNet4Node::~ArtNet4Node()
 .text._ZN11ArtNet4Node9GetStatusEj
                0x0000000008009eb6       0x34 ../lib-artnet4/lib_gd32/libartnet4.a(artnet4node.o)
                0x0000000008009eb6                ArtNet4Node::GetStatus(unsigned int)
 *fill*         0x0000000008009eea        0x2 
 .text._ZN11ArtNet4Node13HandleAddressEh
                0x0000000008009eec      0x12c ../lib-artnet4/lib_gd32/libartnet4.a(artnet4node.o)
                0x0000000008009eec                ArtNet4Node::HandleAddress(unsigned char)
 .text._ZN11ArtNet4NodeC2Ev
                0x000000000800a018       0x20 ../lib-artnet4/lib_gd32/libartnet4.a(artnet4node.o)
                0x000000000800a018                ArtNet4Node::ArtNet4Node()
                0x000000000800a018                ArtNet4Node::ArtNet4Node()
 .text._ZN11ArtNet4Node5StartEv
                0x000000000800a038       0x6a ../lib-artnet4/lib_gd32/libartnet4.a(artnet4node.o)
                0x000000000800a038                ArtNet4Node::Start()
 .text._ZN11ArtNet4Node3RunEv
                0x000000000800a0a2       0x1e ../lib-artnet4/lib_gd32/libartnet4.a(artnet4node.o)
                0x000000000800a0a2                ArtNet4Node::Run()
 .text._ZN11ArtNet4Node5PrintEv
                0x000000000800a0c0       0x30 ../lib-artnet4/lib_gd32/libartnet4.a(artnet4node.o)
                0x000000000800a0c0                ArtNet4Node::Print()
 .text.strncpy.isra.0
                0x000000000800a0f0       0x1e ../lib-artnet/lib_gd32/libartnet.a(artnetnode.o)
 .text.memcpy.isra.0
                0x000000000800a10e       0x14 ../lib-artnet/lib_gd32/libartnet.a(artnetnode.o)
 *fill*         0x000000000800a122        0x2 
 .text._ZN8lightset4Data11ClearLengthEj
                0x000000000800a124       0x28 ../lib-artnet/lib_gd32/libartnet.a(artnetnode.o)
                0x000000000800a124                lightset::Data::ClearLength(unsigned int)
 .text._ZN10ArtNetNodeD2Ev
                0x000000000800a14c        0x2 ../lib-artnet/lib_gd32/libartnet.a(artnetnode.o)
                0x000000000800a14c                ArtNetNode::~ArtNetNode()
                0x000000000800a14c                ArtNetNode::~ArtNetNode()
 *fill*         0x000000000800a14e        0x2 
 .text._ZN10ArtNetNode5StartEv
                0x000000000800a150       0xb8 ../lib-artnet/lib_gd32/libartnet.a(artnetnode.o)
                0x000000000800a150                ArtNetNode::Start()
 .text._ZN10ArtNetNode4StopEv
                0x000000000800a208       0x74 ../lib-artnet/lib_gd32/libartnet.a(artnetnode.o)
                0x000000000800a208                ArtNetNode::Stop()
 .text._ZN10ArtNetNode12SetShortNameEPKc
                0x000000000800a27c       0x42 ../lib-artnet/lib_gd32/libartnet.a(artnetnode.o)
                0x000000000800a27c                ArtNetNode::SetShortName(char const*)
 .text._ZN10ArtNetNode11SetLongNameEPKc
                0x000000000800a2be       0x42 ../lib-artnet/lib_gd32/libartnet.a(artnetnode.o)
                0x000000000800a2be                ArtNetNode::SetLongName(char const*)
 .text._ZN10ArtNetNodeC2Ev
                0x000000000800a300      0x190 ../lib-artnet/lib_gd32/libartnet.a(artnetnode.o)
                0x000000000800a300                ArtNetNode::ArtNetNode()
                0x000000000800a300                ArtNetNode::ArtNetNode()
 .text._ZN10ArtNetNode27SetNetworkDataLossConditionEv
                0x000000000800a490       0x6c ../lib-artnet/lib_gd32/libartnet.a(artnetnode.o)
                0x000000000800a490                ArtNetNode::SetNetworkDataLossCondition()
 .text._ZN10ArtNetNode7GetTypeEv
                0x000000000800a4fc       0x50 ../lib-artnet/lib_gd32/libartnet.a(artnetnode.o)
                0x000000000800a4fc                ArtNetNode::GetType()
 .text._ZN10ArtNetNode3RunEv
                0x000000000800a54c      0x1bc ../lib-artnet/lib_gd32/libartnet.a(artnetnode.o)
                0x000000000800a54c                ArtNetNode::Run()
 .text._ZNK10ArtNetNode14GetPortAddressEjRtN8lightset7PortDirE
                0x000000000800a708       0x2c ../lib-artnet/lib_gd32/libartnet.a(artnetnodegetportaddress.o)
                0x000000000800a708                ArtNetNode::GetPortAddress(unsigned int, unsigned short&, lightset::PortDir) const
 .text._ZN10ArtNetNode15MakePortAddressEtj
                0x000000000800a734       0x20 ../lib-artnet/lib_gd32/libartnet.a(artnetnodehandleaddress.o)
                0x000000000800a734                ArtNetNode::MakePortAddress(unsigned short, unsigned int)
 .text._ZN10ArtNetNode17SetUniverseSwitchEjN8lightset7PortDirEh
                0x000000000800a754      0x154 ../lib-artnet/lib_gd32/libartnet.a(artnetnodehandleaddress.o)
                0x000000000800a754                ArtNetNode::SetUniverseSwitch(unsigned int, lightset::PortDir, unsigned char)
 .text._ZNK10ArtNetNode17GetUniverseSwitchEjRhN8lightset7PortDirE
                0x000000000800a8a8       0x30 ../lib-artnet/lib_gd32/libartnet.a(artnetnodehandleaddress.o)
                0x000000000800a8a8                ArtNetNode::GetUniverseSwitch(unsigned int, unsigned char&, lightset::PortDir) const
 .text._ZN10ArtNetNode15SetSubnetSwitchEhj
                0x000000000800a8d8       0x64 ../lib-artnet/lib_gd32/libartnet.a(artnetnodehandleaddress.o)
                0x000000000800a8d8                ArtNetNode::SetSubnetSwitch(unsigned char, unsigned int)
 .text._ZN10ArtNetNode12SetNetSwitchEhj
                0x000000000800a93c       0x64 ../lib-artnet/lib_gd32/libartnet.a(artnetnodehandleaddress.o)
                0x000000000800a93c                ArtNetNode::SetNetSwitch(unsigned char, unsigned int)
 .text._ZN10ArtNetNode15SetPortProtocolEjN6artnet12PortProtocolE
                0x000000000800a9a0       0x4e ../lib-artnet/lib_gd32/libartnet.a(artnetnodehandleaddress.o)
                0x000000000800a9a0                ArtNetNode::SetPortProtocol(unsigned int, artnet::PortProtocol)
 .text._ZN10ArtNetNode12SetMergeModeEjN8lightset9MergeModeE
                0x000000000800a9ee       0x4e ../lib-artnet/lib_gd32/libartnet.a(artnetnodehandleaddress.o)
                0x000000000800a9ee                ArtNetNode::SetMergeMode(unsigned int, lightset::MergeMode)
 .text._ZN10ArtNetNode11SetFailSafeEN10artnetnode8FailSafeE
                0x000000000800aa3c       0x52 ../lib-artnet/lib_gd32/libartnet.a(artnetnodehandleaddress.o)
                0x000000000800aa3c                ArtNetNode::SetFailSafe(artnetnode::FailSafe)
 *fill*         0x000000000800aa8e        0x2 
 .text._ZN10ArtNetNode13HandleAddressEv
                0x000000000800aa90      0x270 ../lib-artnet/lib_gd32/libartnet.a(artnetnodehandleaddress.o)
                0x000000000800aa90                ArtNetNode::HandleAddress()
 .text._ZN8lightset4Data13IMergeSourceAEjPKhjNS_9MergeModeE.part.0
                0x000000000800ad00       0x28 ../lib-artnet/lib_gd32/libartnet.a(artnetnodehandledmx.o)
 .text.memcpy.isra.0
                0x000000000800ad28       0x14 ../lib-artnet/lib_gd32/libartnet.a(artnetnodehandledmx.o)
 .text._ZN8lightset4Data3GetEv
                0x000000000800ad3c       0x18 ../lib-artnet/lib_gd32/libartnet.a(artnetnodehandledmx.o)
                0x000000000800ad3c                lightset::Data::Get()
 .text._ZN8lightset4Data10SetSourceAEjPKhj
                0x000000000800ad54       0x3a ../lib-artnet/lib_gd32/libartnet.a(artnetnodehandledmx.o)
                0x000000000800ad54                lightset::Data::SetSourceA(unsigned int, unsigned char const*, unsigned int)
 .text._ZN8lightset4Data12MergeSourceAEjPKhjNS_9MergeModeE
                0x000000000800ad8e       0x52 ../lib-artnet/lib_gd32/libartnet.a(artnetnodehandledmx.o)
                0x000000000800ad8e                lightset::Data::MergeSourceA(unsigned int, unsigned char const*, unsigned int, lightset::MergeMode)
 .text._ZN8lightset4Data12MergeSourceBEjPKhjNS_9MergeModeE
                0x000000000800ade0       0x54 ../lib-artnet/lib_gd32/libartnet.a(artnetnodehandledmx.o)
                0x000000000800ade0                lightset::Data::MergeSourceB(unsigned int, unsigned char const*, unsigned int, lightset::MergeMode)
 .text._ZN10ArtNetNode17UpdateMergeStatusEj
                0x000000000800ae34       0x22 ../lib-artnet/lib_gd32/libartnet.a(artnetnodehandledmx.o)
                0x000000000800ae34                ArtNetNode::UpdateMergeStatus(unsigned int)
 .text._ZN10ArtNetNode18CheckMergeTimeoutsEj
                0x000000000800ae56       0x6a ../lib-artnet/lib_gd32/libartnet.a(artnetnodehandledmx.o)
                0x000000000800ae56                ArtNetNode::CheckMergeTimeouts(unsigned int)
 .text._ZN10ArtNetNode9HandleDmxEv
                0x000000000800aec0      0x1a0 ../lib-artnet/lib_gd32/libartnet.a(artnetnodehandledmx.o)
                0x000000000800aec0                ArtNetNode::HandleDmx()
 .text._ZN10ArtNetNode16SetDestinationIpEjj
                0x000000000800b060       0x2c ../lib-artnet/lib_gd32/libartnet.a(artnetnodehandledmxin.o)
                0x000000000800b060                ArtNetNode::SetDestinationIp(unsigned int, unsigned int)
 .text._ZN10ArtNetNode11HandleDmxInEv
                0x000000000800b08c       0xf8 ../lib-artnet/lib_gd32/libartnet.a(artnetnodehandledmxin.o)
                0x000000000800b08c                ArtNetNode::HandleDmxIn()
 .text.memcmp.constprop.0
                0x000000000800b184       0x24 ../lib-artnet/lib_gd32/libartnet.a(artnetnodehandleipprog.o)
 .text.memcpy.constprop.0.isra.0
                0x000000000800b1a8       0x14 ../lib-artnet/lib_gd32/libartnet.a(artnetnodehandleipprog.o)
 .text._ZN10ArtNetNode12HandleIpProgEv
                0x000000000800b1bc      0x178 ../lib-artnet/lib_gd32/libartnet.a(artnetnodehandleipprog.o)
                0x000000000800b1bc                ArtNetNode::HandleIpProg()
 .text.memcpy.isra.0
                0x000000000800b334       0x14 ../lib-artnet/lib_gd32/libartnet.a(artnetnodehandlepoll.o)
 .text._ZN10ArtNetNode13FillPollReplyEv
                0x000000000800b348       0xd8 ../lib-artnet/lib_gd32/libartnet.a(artnetnodehandlepoll.o)
                0x000000000800b348                ArtNetNode::FillPollReply()
 .text._ZN10ArtNetNode17ProcessPollRelplyEjjRj
                0x000000000800b420       0xd6 ../lib-artnet/lib_gd32/libartnet.a(artnetnodehandlepoll.o)
                0x000000000800b420                ArtNetNode::ProcessPollRelply(unsigned int, unsigned int, unsigned int&)
 *fill*         0x000000000800b4f6        0x2 
 .text._ZN10ArtNetNode14SendPollRelplyEb
                0x000000000800b4f8       0x98 ../lib-artnet/lib_gd32/libartnet.a(artnetnodehandlepoll.o)
                0x000000000800b4f8                ArtNetNode::SendPollRelply(bool)
 .text._ZN10ArtNetNode10HandlePollEv
                0x000000000800b590       0x78 ../lib-artnet/lib_gd32/libartnet.a(artnetnodehandlepoll.o)
                0x000000000800b590                ArtNetNode::HandlePoll()
 .text.memcpy.isra.0
                0x000000000800b608       0x14 ../lib-artnet/lib_gd32/libartnet.a(artnetnodehandlerdm.o)
 .text._ZN10ArtNetNode6SetRmdEjb
                0x000000000800b61c       0x38 ../lib-artnet/lib_gd32/libartnet.a(artnetnodehandlerdm.o)
                0x000000000800b61c                ArtNetNode::SetRmd(unsigned int, bool)
 .text._ZN10ArtNetNode13HandleTodDataEv
                0x000000000800b654       0x5e ../lib-artnet/lib_gd32/libartnet.a(artnetnodehandlerdm.o)
                0x000000000800b654                ArtNetNode::HandleTodData()
 *fill*         0x000000000800b6b2        0x2 
 .text._ZN10ArtNetNode7SendTodEj
                0x000000000800b6b4       0xcc ../lib-artnet/lib_gd32/libartnet.a(artnetnodehandlerdm.o)
                0x000000000800b6b4                ArtNetNode::SendTod(unsigned int)
 .text._ZN10ArtNetNode16HandleTodControlEv
                0x000000000800b780       0x78 ../lib-artnet/lib_gd32/libartnet.a(artnetnodehandlerdm.o)
                0x000000000800b780                ArtNetNode::HandleTodControl()
 .text._ZN10ArtNetNode16HandleTodRequestEv
                0x000000000800b7f8       0x6e ../lib-artnet/lib_gd32/libartnet.a(artnetnodehandlerdm.o)
                0x000000000800b7f8                ArtNetNode::HandleTodRequest()
 *fill*         0x000000000800b866        0x2 
 .text._ZN10ArtNetNode14SendTodRequestEj
                0x000000000800b868       0x8c ../lib-artnet/lib_gd32/libartnet.a(artnetnodehandlerdm.o)
                0x000000000800b868                ArtNetNode::SendTodRequest(unsigned int)
 .text._ZN10ArtNetNode13SetRdmHandlerEP9ArtNetRdmb
                0x000000000800b8f4       0x1c ../lib-artnet/lib_gd32/libartnet.a(artnetnodehandlerdm.o)
                0x000000000800b8f4                ArtNetNode::SetRdmHandler(ArtNetRdm*, bool)
 .text._ZN10ArtNetNode9HandleRdmEv
                0x000000000800b910       0xfe ../lib-artnet/lib_gd32/libartnet.a(artnetnodehandlerdm.o)
                0x000000000800b910                ArtNetNode::HandleRdm()
 *fill*         0x000000000800ba0e        0x2 
 .text._ZN10ArtNetNode11HandleRdmInEv
                0x000000000800ba10       0x98 ../lib-artnet/lib_gd32/libartnet.a(artnetnodehandlerdmin.o)
                0x000000000800ba10                ArtNetNode::HandleRdmIn()
 .text._ZN10ArtNetNode10HandleSyncEv
                0x000000000800baa8       0x94 ../lib-artnet/lib_gd32/libartnet.a(artnetnodehandlesync.o)
                0x000000000800baa8                ArtNetNode::HandleSync()
 .text._ZN10ArtNetNode14HandleTimeCodeEv
                0x000000000800bb3c        0xc ../lib-artnet/lib_gd32/libartnet.a(artnetnodehandletimecode.o)
                0x000000000800bb3c                ArtNetNode::HandleTimeCode()
 .text._ZN10ArtNetNode14HandleTimeSyncEv
                0x000000000800bb48       0x44 ../lib-artnet/lib_gd32/libartnet.a(artnetnodehandletimesync.o)
                0x000000000800bb48                ArtNetNode::HandleTimeSync()
 .text._ZN10ArtNetNode5PrintEv
                0x000000000800bb8c      0x130 ../lib-artnet/lib_gd32/libartnet.a(artnetnodeprint.o)
                0x000000000800bb8c                ArtNetNode::Print()
 .text.memcmp   0x000000000800bcbc       0x28 ../lib-artnet/lib_gd32/libartnet.a(artnetparams.o)
 .text._ZN17PropertiesBuilder3AddIhEEbPKcT_bj.isra.0
                0x000000000800bce4       0x50 ../lib-artnet/lib_gd32/libartnet.a(artnetparams.o)
 .text._ZN17PropertiesBuilder3AddIPKcEEbS2_T_bj.isra.0
                0x000000000800bd34       0x50 ../lib-artnet/lib_gd32/libartnet.a(artnetparams.o)
 .text._ZN17PropertiesBuilder3AddEPKcb.isra.0
                0x000000000800bd84       0x50 ../lib-artnet/lib_gd32/libartnet.a(artnetparams.o)
 .text.strncpy.isra.0
                0x000000000800bdd4       0x16 ../lib-artnet/lib_gd32/libartnet.a(artnetparams.o)
 *fill*         0x000000000800bdea        0x2 
 .text._ZN12ArtNetParamsC2EP17ArtNetParamsStore
                0x000000000800bdec       0x44 ../lib-artnet/lib_gd32/libartnet.a(artnetparams.o)
                0x000000000800bdec                ArtNetParams::ArtNetParams(ArtNetParamsStore*)
                0x000000000800bdec                ArtNetParams::ArtNetParams(ArtNetParamsStore*)
 .text._ZN12ArtNetParams4LoadEv
                0x000000000800be30       0x1c ../lib-artnet/lib_gd32/libartnet.a(artnetparams.o)
                0x000000000800be30                ArtNetParams::Load()
 .text._ZN12ArtNetParams4LoadEPKcj
                0x000000000800be4c       0x44 ../lib-artnet/lib_gd32/libartnet.a(artnetparams.o)
                0x000000000800be4c                ArtNetParams::Load(char const*, unsigned int)
 .text._ZN12ArtNetParams7SetBoolEhj
                0x000000000800be90       0x10 ../lib-artnet/lib_gd32/libartnet.a(artnetparams.o)
                0x000000000800be90                ArtNetParams::SetBool(unsigned char, unsigned int)
 .text._ZN12ArtNetParams16callbackFunctionEPKc
                0x000000000800bea0      0x3d0 ../lib-artnet/lib_gd32/libartnet.a(artnetparams.o)
                0x000000000800bea0                ArtNetParams::callbackFunction(char const*)
 .text._ZN12ArtNetParams22staticCallbackFunctionEPvPKc
                0x000000000800c270        0x4 ../lib-artnet/lib_gd32/libartnet.a(artnetparams.o)
                0x000000000800c270                ArtNetParams::staticCallbackFunction(void*, char const*)
 .text._ZN12ArtNetParams7BuilderEPKN12artnetparams6ParamsEPcjRj
                0x000000000800c274      0x2e0 ../lib-artnet/lib_gd32/libartnet.a(artnetparams.o)
                0x000000000800c274                ArtNetParams::Builder(artnetparams::Params const*, char*, unsigned int, unsigned int&)
 .text._ZN12ArtNetParams4SaveEPcjRj
                0x000000000800c554       0x1a ../lib-artnet/lib_gd32/libartnet.a(artnetparams.o)
                0x000000000800c554                ArtNetParams::Save(char*, unsigned int, unsigned int&)
 *fill*         0x000000000800c56e        0x2 
 .text._ZN12ArtNetParams3SetEj
                0x000000000800c570      0x11c ../lib-artnet/lib_gd32/libartnet.a(artnetparams.o)
                0x000000000800c570                ArtNetParams::Set(unsigned int)
 .text._ZN12ArtNetParams4DumpEv
                0x000000000800c68c        0x2 ../lib-artnet/lib_gd32/libartnet.a(artnetparamsdump.o)
                0x000000000800c68c                ArtNetParams::Dump()
 *fill*         0x000000000800c68e        0x2 
 .text._ZN10ArtNetNode13HandleTriggerEv
                0x000000000800c690       0x34 ../lib-artnet/lib_gd32/libartnet.a(artnettrigger.o)
                0x000000000800c690                ArtNetNode::HandleTrigger()
 .text._ZN4e131L24universe_to_multicast_ipEt
                0x000000000800c6c4       0x24 ../lib-e131/lib_gd32/libe131.a(e131bridge.o)
 .text.memset.constprop.0.isra.0
                0x000000000800c6e8       0x10 ../lib-e131/lib_gd32/libe131.a(e131bridge.o)
 .text.memcpy.isra.0
                0x000000000800c6f8       0x14 ../lib-e131/lib_gd32/libe131.a(e131bridge.o)
 .text._ZN10E131BridgeC2Ev
                0x000000000800c70c       0xd4 ../lib-e131/lib_gd32/libe131.a(e131bridge.o)
                0x000000000800c70c                E131Bridge::E131Bridge()
                0x000000000800c70c                E131Bridge::E131Bridge()
 .text._ZN10E131BridgeD2Ev
                0x000000000800c7e0        0x2 ../lib-e131/lib_gd32/libe131.a(e131bridge.o)
                0x000000000800c7e0                E131Bridge::~E131Bridge()
                0x000000000800c7e0                E131Bridge::~E131Bridge()
 *fill*         0x000000000800c7e2        0x2 
 .text._ZN10E131Bridge5StartEv
                0x000000000800c7e4       0x78 ../lib-e131/lib_gd32/libe131.a(e131bridge.o)
                0x000000000800c7e4                E131Bridge::Start()
 .text._ZN10E131Bridge13LeaveUniverseEjt
                0x000000000800c85c       0x3c ../lib-e131/lib_gd32/libe131.a(e131bridge.o)
                0x000000000800c85c                E131Bridge::LeaveUniverse(unsigned int, unsigned short)
 .text._ZN10E131Bridge25SetSynchronizationAddressEbbt
                0x000000000800c898       0x4c ../lib-e131/lib_gd32/libe131.a(e131bridge.o)
                0x000000000800c898                E131Bridge::SetSynchronizationAddress(bool, bool, unsigned short)
 .text._ZN10E131Bridge11SetUniverseEjN8lightset7PortDirEt
                0x000000000800c8e4       0xf0 ../lib-e131/lib_gd32/libe131.a(e131bridge.o)
                0x000000000800c8e4                E131Bridge::SetUniverse(unsigned int, lightset::PortDir, unsigned short)
 .text._ZNK10E131Bridge11GetUniverseEjRtN8lightset7PortDirE
                0x000000000800c9d4       0x2e ../lib-e131/lib_gd32/libe131.a(e131bridge.o)
                0x000000000800c9d4                E131Bridge::GetUniverse(unsigned int, unsigned short&, lightset::PortDir) const
 .text._ZN10E131Bridge17UpdateMergeStatusEj
                0x000000000800ca02       0x1e ../lib-e131/lib_gd32/libe131.a(e131bridge.o)
                0x000000000800ca02                E131Bridge::UpdateMergeStatus(unsigned int)
 .text._ZN10E131Bridge18CheckMergeTimeoutsEj
                0x000000000800ca20       0x76 ../lib-e131/lib_gd32/libe131.a(e131bridge.o)
                0x000000000800ca20                E131Bridge::CheckMergeTimeouts(unsigned int)
 .text._ZNK10E131Bridge17IsPriorityTimeOutEj
                0x000000000800ca96       0x4a ../lib-e131/lib_gd32/libe131.a(e131bridge.o)
                0x000000000800ca96                E131Bridge::IsPriorityTimeOut(unsigned int) const
 .text._ZNK10E131Bridge12isIpCidMatchEPKN10e131bridge6SourceE
                0x000000000800cae0       0x2a ../lib-e131/lib_gd32/libe131.a(e131bridge.o)
                0x000000000800cae0                E131Bridge::isIpCidMatch(e131bridge::Source const*) const
 *fill*         0x000000000800cb0a        0x2 
 .text._ZN10E131Bridge27SetNetworkDataLossConditionEbb
                0x000000000800cb0c      0x148 ../lib-e131/lib_gd32/libe131.a(e131bridge.o)
                0x000000000800cb0c                E131Bridge::SetNetworkDataLossCondition(bool, bool)
 .text._ZN10E131Bridge9HandleDmxEv
                0x000000000800cc54      0x300 ../lib-e131/lib_gd32/libe131.a(e131bridge.o)
                0x000000000800cc54                E131Bridge::HandleDmx()
 .text._ZN10E131Bridge11IsValidRootEv
                0x000000000800cf54       0x3c ../lib-e131/lib_gd32/libe131.a(e131bridge.o)
                0x000000000800cf54                E131Bridge::IsValidRoot()
 .text._ZN10E131Bridge17IsValidDataPacketEv
                0x000000000800cf90       0x28 ../lib-e131/lib_gd32/libe131.a(e131bridge.o)
                0x000000000800cf90                E131Bridge::IsValidDataPacket()
 .text._ZN10E131Bridge3RunEv
                0x000000000800cfb8      0x110 ../lib-e131/lib_gd32/libe131.a(e131bridge.o)
                0x000000000800cfb8                E131Bridge::Run()
 .text._ZN10E131Bridge19FillDiscoveryPacketEv
                0x000000000800d0c8       0xd8 ../lib-e131/lib_gd32/libe131.a(e131bridgediscoverypacket.o)
                0x000000000800d0c8                E131Bridge::FillDiscoveryPacket()
 .text._ZN10E131Bridge19SendDiscoveryPacketEv
                0x000000000800d1a0       0x74 ../lib-e131/lib_gd32/libe131.a(e131bridgediscoverypacket.o)
                0x000000000800d1a0                E131Bridge::SendDiscoveryPacket()
 .text.memcpy.isra.0
                0x000000000800d214       0x14 ../lib-e131/lib_gd32/libe131.a(e131bridgehandledmxin.o)
 .text._ZN10E131Bridge14FillDataPacketEv
                0x000000000800d228       0x8c ../lib-e131/lib_gd32/libe131.a(e131bridgehandledmxin.o)
                0x000000000800d228                E131Bridge::FillDataPacket()
 .text._ZN10E131Bridge11HandleDmxInEv
                0x000000000800d2b4       0xf8 ../lib-e131/lib_gd32/libe131.a(e131bridgehandledmxin.o)
                0x000000000800d2b4                E131Bridge::HandleDmxIn()
 .text._ZN10E131Bridge21HandleSynchronizationEv
                0x000000000800d3ac       0xb8 ../lib-e131/lib_gd32/libe131.a(e131bridgehandlesynchronization.o)
                0x000000000800d3ac                E131Bridge::HandleSynchronization()
 .text._ZN10E131Bridge5PrintEv
                0x000000000800d464       0xf4 ../lib-e131/lib_gd32/libe131.a(e131bridgeprint.o)
                0x000000000800d464                E131Bridge::Print()
 .text.memcmp   0x000000000800d558       0x28 ../lib-e131/lib_gd32/libe131.a(e131params.o)
 .text._ZN17PropertiesBuilder3AddIPKcEEbS2_T_bj.isra.0
                0x000000000800d580       0x50 ../lib-e131/lib_gd32/libe131.a(e131params.o)
 .text._ZN10E131ParamsC2EP15E131ParamsStore
                0x000000000800d5d0       0x3c ../lib-e131/lib_gd32/libe131.a(e131params.o)
                0x000000000800d5d0                E131Params::E131Params(E131ParamsStore*)
                0x000000000800d5d0                E131Params::E131Params(E131ParamsStore*)
 .text._ZN10E131Params4LoadEPKcj
                0x000000000800d60c       0x40 ../lib-e131/lib_gd32/libe131.a(e131params.o)
                0x000000000800d60c                E131Params::Load(char const*, unsigned int)
 .text._ZN10E131Params16callbackFunctionEPKc
                0x000000000800d64c      0x298 ../lib-e131/lib_gd32/libe131.a(e131params.o)
                0x000000000800d64c                E131Params::callbackFunction(char const*)
 .text._ZN10E131Params22staticCallbackFunctionEPvPKc
                0x000000000800d8e4        0x4 ../lib-e131/lib_gd32/libe131.a(e131params.o)
                0x000000000800d8e4                E131Params::staticCallbackFunction(void*, char const*)
 .text._ZN10E131Params7BuilderEPKN10e131params6ParamsEPcjRj
                0x000000000800d8e8      0x2b0 ../lib-e131/lib_gd32/libe131.a(e131params.o)
                0x000000000800d8e8                E131Params::Builder(e131params::Params const*, char*, unsigned int, unsigned int&)
 .text._ZN10E131Params4SaveEPcjRj
                0x000000000800db98       0x1a ../lib-e131/lib_gd32/libe131.a(e131params.o)
                0x000000000800db98                E131Params::Save(char*, unsigned int, unsigned int&)
 .text.memcpy   0x000000000800dbb2       0x16 ../lib-rdmdiscovery/lib_gd32/librdmdiscovery.a(artnetrdmcontroller.o)
 .text._ZN19ArtNetRdmController11GetUidCountEj
                0x000000000800dbc8       0x10 ../lib-rdmdiscovery/lib_gd32/librdmdiscovery.a(artnetrdmcontroller.o)
                0x000000000800dbc8                ArtNetRdmController::GetUidCount(unsigned int)
 .text._ZN19ArtNetRdmController7TodCopyEjPh
                0x000000000800dbd8       0x28 ../lib-rdmdiscovery/lib_gd32/librdmdiscovery.a(artnetrdmcontroller.o)
                0x000000000800dbd8                ArtNetRdmController::TodCopy(unsigned int, unsigned char*)
 .text._ZN19ArtNetRdmController8TodResetEj
                0x000000000800dc00       0x44 ../lib-rdmdiscovery/lib_gd32/librdmdiscovery.a(artnetrdmcontroller.o)
                0x000000000800dc00                ArtNetRdmController::TodReset(unsigned int)
 .text._ZN19ArtNetRdmController4FullEj
                0x000000000800dc44       0x10 ../lib-rdmdiscovery/lib_gd32/librdmdiscovery.a(artnetrdmcontroller.o)
                0x000000000800dc44                ArtNetRdmController::Full(unsigned int)
 .text._ZN19ArtNetRdmControllerD2Ev
                0x000000000800dc54       0x28 ../lib-rdmdiscovery/lib_gd32/librdmdiscovery.a(artnetrdmcontroller.o)
                0x000000000800dc54                ArtNetRdmController::~ArtNetRdmController()
                0x000000000800dc54                ArtNetRdmController::~ArtNetRdmController()
 .text._ZN19ArtNetRdmControllerD0Ev
                0x000000000800dc7c       0x12 ../lib-rdmdiscovery/lib_gd32/librdmdiscovery.a(artnetrdmcontroller.o)
                0x000000000800dc7c                ArtNetRdmController::~ArtNetRdmController()
 *fill*         0x000000000800dc8e        0x2 
 .text._ZN19ArtNetRdmController7HandlerEjPKh
                0x000000000800dc90       0x48 ../lib-rdmdiscovery/lib_gd32/librdmdiscovery.a(artnetrdmcontroller.o)
                0x000000000800dc90                ArtNetRdmController::Handler(unsigned int, unsigned char const*)
 .text.memcmp.constprop.0
                0x000000000800dcd8       0x20 ../lib-rdmdiscovery/lib_gd32/librdmdiscovery.a(artnetrdmcontroller.o)
 .text._ZN6RDMTod5ExistEPKh
                0x000000000800dcf8       0x34 ../lib-rdmdiscovery/lib_gd32/librdmdiscovery.a(artnetrdmcontroller.o)
                0x000000000800dcf8                RDMTod::Exist(unsigned char const*)
 .text._ZN19ArtNetRdmController9TodAddUidEjPKh
                0x000000000800dd2c       0x3c ../lib-rdmdiscovery/lib_gd32/librdmdiscovery.a(artnetrdmcontroller.o)
                0x000000000800dd2c                ArtNetRdmController::TodAddUid(unsigned int, unsigned char const*)
 .text._ZN19ArtNetRdmControllerC2Ev
                0x000000000800dd68       0x98 ../lib-rdmdiscovery/lib_gd32/librdmdiscovery.a(artnetrdmcontroller.o)
                0x000000000800dd68                ArtNetRdmController::ArtNetRdmController()
                0x000000000800dd68                ArtNetRdmController::ArtNetRdmController()
 .text._ZN19ArtNetRdmController17RespondMessageAckEjPKhPK11TRdmMessage
                0x000000000800de00       0x80 ../lib-rdmdiscovery/lib_gd32/librdmdiscovery.a(artnetrdmcontroller.o)
                0x000000000800de00                ArtNetRdmController::RespondMessageAck(unsigned int, unsigned char const*, TRdmMessage const*)
 .text._ZN19ArtNetRdmController10RdmReceiveEjPh
                0x000000000800de80      0x1c0 ../lib-rdmdiscovery/lib_gd32/librdmdiscovery.a(artnetrdmcontroller.o)
                0x000000000800de80                ArtNetRdmController::RdmReceive(unsigned int, unsigned char*)
 .text._ZN6artnet8rdm_sendEjPKh
                0x000000000800e040       0x54 ../lib-rdmdiscovery/lib_gd32/librdmdiscovery.a(rdm_send.o)
                0x000000000800e040                artnet::rdm_send(unsigned int, unsigned char const*)
 .text.memcmp.constprop.0
                0x000000000800e094       0x20 ../lib-rdmdiscovery/lib_gd32/librdmdiscovery.a(rdmdiscovery.o)
 .text.memcpy.constprop.0.isra.0
                0x000000000800e0b4       0x14 ../lib-rdmdiscovery/lib_gd32/librdmdiscovery.a(rdmdiscovery.o)
 .text._ZN6RDMTod6AddUidEPKh.isra.0
                0x000000000800e0c8       0x4c ../lib-rdmdiscovery/lib_gd32/librdmdiscovery.a(rdmdiscovery.o)
 .text._ZN12RDMDiscoveryC2EPKh
                0x000000000800e114       0x20 ../lib-rdmdiscovery/lib_gd32/librdmdiscovery.a(rdmdiscovery.o)
                0x000000000800e114                RDMDiscovery::RDMDiscovery(unsigned char const*)
                0x000000000800e114                RDMDiscovery::RDMDiscovery(unsigned char const*)
 .text._ZN12RDMDiscovery24IsValidDiscoveryResponseEPKhPh
                0x000000000800e134       0x74 ../lib-rdmdiscovery/lib_gd32/librdmdiscovery.a(rdmdiscovery.o)
                0x000000000800e134                RDMDiscovery::IsValidDiscoveryResponse(unsigned char const*, unsigned char*)
 .text._ZN12RDMDiscovery9QuickFindEPKh
                0x000000000800e1a8      0x104 ../lib-rdmdiscovery/lib_gd32/librdmdiscovery.a(rdmdiscovery.o)
                0x000000000800e1a8                RDMDiscovery::QuickFind(unsigned char const*)
 .text._ZN12RDMDiscovery11FindDevicesEyy
                0x000000000800e2ac      0x1b8 ../lib-rdmdiscovery/lib_gd32/librdmdiscovery.a(rdmdiscovery.o)
                0x000000000800e2ac                RDMDiscovery::FindDevices(unsigned long long, unsigned long long)
 .text._ZN12RDMDiscovery4FullEjP6RDMTod
                0x000000000800e464       0xd8 ../lib-rdmdiscovery/lib_gd32/librdmdiscovery.a(rdmdiscovery.o)
                0x000000000800e464                RDMDiscovery::Full(unsigned int, RDMTod*)
 .text._ZN9RDMDeviceC2Ev
                0x000000000800e53c       0xe8 ../lib-rdm/lib_gd32/librdm.a(rdmdevice.o)
                0x000000000800e53c                RDMDevice::RDMDevice()
                0x000000000800e53c                RDMDevice::RDMDevice()
 .text._ZN9RDMDevice5PrintEv
                0x000000000800e624       0x84 ../lib-rdm/lib_gd32/librdm.a(rdmdevice.o)
                0x000000000800e624                RDMDevice::Print()
 .text.memcpy.isra.0
                0x000000000800e6a8        0x4 ../lib-rdm/lib_gd32/librdm.a(rdmdeviceparams.o)
 .text._ZN15RDMDeviceParamsC2EP20RDMDeviceParamsStore
                0x000000000800e6ac       0x24 ../lib-rdm/lib_gd32/librdm.a(rdmdeviceparams.o)
                0x000000000800e6ac                RDMDeviceParams::RDMDeviceParams(RDMDeviceParamsStore*)
                0x000000000800e6ac                RDMDeviceParams::RDMDeviceParams(RDMDeviceParamsStore*)
 .text._ZN15RDMDeviceParams4LoadEv
                0x000000000800e6d0       0x16 ../lib-rdm/lib_gd32/librdm.a(rdmdeviceparams.o)
                0x000000000800e6d0                RDMDeviceParams::Load()
 .text._ZN15RDMDeviceParams3SetEP9RDMDevice
                0x000000000800e6e6       0x68 ../lib-rdm/lib_gd32/librdm.a(rdmdeviceparams.o)
                0x000000000800e6e6                RDMDeviceParams::Set(RDMDevice*)
 .text._ZN15RDMDeviceParams4DumpEv
                0x000000000800e74e        0x2 ../lib-rdm/lib_gd32/librdm.a(rdmdeviceparams.o)
                0x000000000800e74e                RDMDeviceParams::Dump()
 .text.memcpy.isra.0
                0x000000000800e750       0x14 ../lib-rdm/lib_gd32/librdm.a(rdmmessage.o)
 .text._ZN10RDMMessageC2Ev
                0x000000000800e764       0x3c ../lib-rdm/lib_gd32/librdm.a(rdmmessage.o)
                0x000000000800e764                RDMMessage::RDMMessage()
                0x000000000800e764                RDMMessage::RDMMessage()
 .text._ZN10RDMMessage9SetSrcUidEPKh
                0x000000000800e7a0        0x8 ../lib-rdm/lib_gd32/librdm.a(rdmmessage.o)
                0x000000000800e7a0                RDMMessage::SetSrcUid(unsigned char const*)
 .text._ZN10RDMMessage9SetDstUidEPKh
                0x000000000800e7a8        0x8 ../lib-rdm/lib_gd32/librdm.a(rdmmessage.o)
                0x000000000800e7a8                RDMMessage::SetDstUid(unsigned char const*)
 .text._ZN10RDMMessage5SetCcEh
                0x000000000800e7b0        0x4 ../lib-rdm/lib_gd32/librdm.a(rdmmessage.o)
                0x000000000800e7b0                RDMMessage::SetCc(unsigned char)
 .text._ZN10RDMMessage6SetPidEt
                0x000000000800e7b4        0x8 ../lib-rdm/lib_gd32/librdm.a(rdmmessage.o)
                0x000000000800e7b4                RDMMessage::SetPid(unsigned short)
 .text._ZN10RDMMessage5SetPdEPKhh
                0x000000000800e7bc       0x24 ../lib-rdm/lib_gd32/librdm.a(rdmmessage.o)
                0x000000000800e7bc                RDMMessage::SetPd(unsigned char const*, unsigned char)
 .text._ZN10RDMMessage4SendEjj
                0x000000000800e7e0        0xa ../lib-rdm/lib_gd32/librdm.a(rdmmessage.o)
                0x000000000800e7e0                RDMMessage::Send(unsigned int, unsigned int)
 .text.uuid_unparse_x
                0x000000000800e7ea       0x86 ../lib-uuid/lib_gd32/libuuid.a(uuid_unparse.o)
 .text.uuid_unparse
                0x000000000800e870        0xc ../lib-uuid/lib_gd32/libuuid.a(uuid_unparse.o)
                0x000000000800e870                uuid_unparse
 .text._ZN7DmxSendD2Ev
                0x000000000800e87c        0x2 ../lib-dmxsend/lib_gd32/libdmxsend.a(dmxsend.o)
                0x000000000800e87c                DmxSend::~DmxSend()
                0x000000000800e87c                DmxSend::~DmxSend()
 *fill*         0x000000000800e87e        0x2 
 .text._ZN7DmxSend5StartEj
                0x000000000800e880       0x30 ../lib-dmxsend/lib_gd32/libdmxsend.a(dmxsend.o)
                0x000000000800e880                DmxSend::Start(unsigned int)
 .text._ZN7DmxSend4StopEj
                0x000000000800e8b0       0x34 ../lib-dmxsend/lib_gd32/libdmxsend.a(dmxsend.o)
                0x000000000800e8b0                DmxSend::Stop(unsigned int)
 .text._ZN7DmxSend7SetDataEjPKhj
                0x000000000800e8e4       0x10 ../lib-dmxsend/lib_gd32/libdmxsend.a(dmxsend.o)
                0x000000000800e8e4                DmxSend::SetData(unsigned int, unsigned char const*, unsigned int)
 .text._ZN7DmxSend8BlackoutEb
                0x000000000800e8f4        0xc ../lib-dmxsend/lib_gd32/libdmxsend.a(dmxsend.o)
                0x000000000800e8f4                DmxSend::Blackout(bool)
 .text._ZN7DmxSend6FullOnEv
                0x000000000800e900        0xc ../lib-dmxsend/lib_gd32/libdmxsend.a(dmxsend.o)
                0x000000000800e900                DmxSend::FullOn()
 .text._ZN7DmxSend5PrintEv
                0x000000000800e90c       0x58 ../lib-dmxsend/lib_gd32/libdmxsend.a(dmxsend.o)
                0x000000000800e90c                DmxSend::Print()
 .text._ZN7DmxSendD0Ev
                0x000000000800e964        0xc ../lib-dmxsend/lib_gd32/libdmxsend.a(dmxsend.o)
                0x000000000800e964                DmxSend::~DmxSend()
 .text._ZN17PropertiesBuilder3AddItEEbPKcT_bj.isra.0
                0x000000000800e970       0x50 ../lib-dmx/lib_gd32/libdmx.a(dmxparams.o)
 .text._ZN9DmxParamsC2EP14DmxParamsStore
                0x000000000800e9c0       0x18 ../lib-dmx/lib_gd32/libdmx.a(dmxparams.o)
                0x000000000800e9c0                DmxParams::DmxParams(DmxParamsStore*)
                0x000000000800e9c0                DmxParams::DmxParams(DmxParamsStore*)
 .text._ZN9DmxParams4LoadEv
                0x000000000800e9d8       0x18 ../lib-dmx/lib_gd32/libdmx.a(dmxparams.o)
                0x000000000800e9d8                DmxParams::Load()
 .text._ZN9DmxParams4LoadEPKcj
                0x000000000800e9f0       0x40 ../lib-dmx/lib_gd32/libdmx.a(dmxparams.o)
                0x000000000800e9f0                DmxParams::Load(char const*, unsigned int)
 .text._ZN9DmxParams16callbackFunctionEPKc
                0x000000000800ea30       0xcc ../lib-dmx/lib_gd32/libdmx.a(dmxparams.o)
                0x000000000800ea30                DmxParams::callbackFunction(char const*)
 .text._ZN9DmxParams22staticCallbackFunctionEPvPKc
                0x000000000800eafc        0x4 ../lib-dmx/lib_gd32/libdmx.a(dmxparams.o)
                0x000000000800eafc                DmxParams::staticCallbackFunction(void*, char const*)
 .text._ZN9DmxParams7BuilderEPK10TDmxParamsPcjRj
                0x000000000800eb00      0x104 ../lib-dmx/lib_gd32/libdmx.a(dmxparams.o)
                0x000000000800eb00                DmxParams::Builder(TDmxParams const*, char*, unsigned int, unsigned int&)
 .text._ZN9DmxParams4SaveEPcjRj
                0x000000000800ec04       0x1a ../lib-dmx/lib_gd32/libdmx.a(dmxparams.o)
                0x000000000800ec04                DmxParams::Save(char*, unsigned int, unsigned int&)
 *fill*         0x000000000800ec1e        0x2 
 .text._ZN9DmxParams3SetEP3Dmx
                0x000000000800ec20       0x54 ../lib-dmx/lib_gd32/libdmx.a(dmxparams.o)
                0x000000000800ec20                DmxParams::Set(Dmx*)
 .text._ZN9DmxParams4DumpEv
                0x000000000800ec74        0x2 ../lib-dmx/lib_gd32/libdmx.a(dmxparams.o)
                0x000000000800ec74                DmxParams::Dump()
 *fill*         0x000000000800ec76        0x2 
 .text._ZN3Rdm7ReceiveEj
                0x000000000800ec78       0x10 ../lib-dmx/lib_gd32/libdmx.a(rdm.o)
                0x000000000800ec78                Rdm::Receive(unsigned int)
 .text._ZN3Rdm14ReceiveTimeOutEjt
                0x000000000800ec88       0x10 ../lib-dmx/lib_gd32/libdmx.a(rdm.o)
                0x000000000800ec88                Rdm::ReceiveTimeOut(unsigned int, unsigned short)
 .text._ZN3Rdm7SendRawEjPKhj
                0x000000000800ec98       0x40 ../lib-dmx/lib_gd32/libdmx.a(rdm.o)
                0x000000000800ec98                Rdm::SendRaw(unsigned int, unsigned char const*, unsigned int)
 .text._ZL13_port_to_uartj
                0x000000000800ecd8       0x18 ../lib-dmx/lib_gd32/libdmx.a(dmx.o)
 .text._ZL25irq_handler_dmx_rdm_inputjj
                0x000000000800ecf0      0x254 ../lib-dmx/lib_gd32/libdmx.a(dmx.o)
 .text.USART2_IRQHandler
                0x000000000800ef44        0xc ../lib-dmx/lib_gd32/libdmx.a(dmx.o)
                0x000000000800ef44                USART2_IRQHandler
 .text.USART5_IRQHandler
                0x000000000800ef50        0xc ../lib-dmx/lib_gd32/libdmx.a(dmx.o)
                0x000000000800ef50                USART5_IRQHandler
 .text.TIMER1_IRQHandler
                0x000000000800ef5c      0x120 ../lib-dmx/lib_gd32/libdmx.a(dmx.o)
                0x000000000800ef5c                TIMER1_IRQHandler
 .text.TIMER2_IRQHandler
                0x000000000800f07c       0xa4 ../lib-dmx/lib_gd32/libdmx.a(dmx.o)
                0x000000000800f07c                TIMER2_IRQHandler
 .text.TIMER3_IRQHandler
                0x000000000800f120       0x14 ../lib-dmx/lib_gd32/libdmx.a(dmx.o)
                0x000000000800f120                TIMER3_IRQHandler
 .text.TIMER6_IRQHandler
                0x000000000800f134       0x2c ../lib-dmx/lib_gd32/libdmx.a(dmx.o)
                0x000000000800f134                TIMER6_IRQHandler
 .text._ZN3Dmx9ClearDataEj
                0x000000000800f160       0x30 ../lib-dmx/lib_gd32/libdmx.a(dmx.o)
                0x000000000800f160                Dmx::ClearData(unsigned int)
 .text._ZN3Dmx9StartDataEjj
                0x000000000800f190      0x15c ../lib-dmx/lib_gd32/libdmx.a(dmx.o)
                0x000000000800f190                Dmx::StartData(unsigned int, unsigned int)
 .text._ZN3Dmx8StopDataEjj
                0x000000000800f2ec       0xa4 ../lib-dmx/lib_gd32/libdmx.a(dmx.o)
                0x000000000800f2ec                Dmx::StopData(unsigned int, unsigned int)
 .text._ZN3Dmx16SetPortDirectionEjN3dmx13PortDirectionEb
                0x000000000800f390       0x80 ../lib-dmx/lib_gd32/libdmx.a(dmx.o)
                0x000000000800f390                Dmx::SetPortDirection(unsigned int, dmx::PortDirection, bool)
 .text._ZN3DmxC2Ev
                0x000000000800f410      0x224 ../lib-dmx/lib_gd32/libdmx.a(dmx.o)
                0x000000000800f410                Dmx::Dmx()
                0x000000000800f410                Dmx::Dmx()
 .text._ZN3Dmx16SetDmxPeriodTimeEj
                0x000000000800f634       0x68 ../lib-dmx/lib_gd32/libdmx.a(dmx.o)
                0x000000000800f634                Dmx::SetDmxPeriodTime(unsigned int)
 .text._ZN3Dmx15SetDmxBreakTimeEj
                0x000000000800f69c       0x14 ../lib-dmx/lib_gd32/libdmx.a(dmx.o)
                0x000000000800f69c                Dmx::SetDmxBreakTime(unsigned int)
 .text._ZN3Dmx13SetDmxMabTimeEj
                0x000000000800f6b0       0x14 ../lib-dmx/lib_gd32/libdmx.a(dmx.o)
                0x000000000800f6b0                Dmx::SetDmxMabTime(unsigned int)
 .text._ZN3Dmx11SetDmxSlotsEt
                0x000000000800f6c4       0x2a ../lib-dmx/lib_gd32/libdmx.a(dmx.o)
                0x000000000800f6c4                Dmx::SetDmxSlots(unsigned short)
 *fill*         0x000000000800f6ee        0x2 
 .text._ZN3Dmx24SetPortSendDataWithoutSCEjPKhj
                0x000000000800f6f0       0x4c ../lib-dmx/lib_gd32/libdmx.a(dmx.o)
                0x000000000800f6f0                Dmx::SetPortSendDataWithoutSC(unsigned int, unsigned char const*, unsigned int)
 .text._ZN3Dmx8BlackoutEv
                0x000000000800f73c       0x88 ../lib-dmx/lib_gd32/libdmx.a(dmx.o)
                0x000000000800f73c                Dmx::Blackout()
 .text._ZN3Dmx6FullOnEv
                0x000000000800f7c4       0x88 ../lib-dmx/lib_gd32/libdmx.a(dmx.o)
                0x000000000800f7c4                Dmx::FullOn()
 .text._ZN3Dmx15GetDmxAvailableEj
                0x000000000800f84c       0x28 ../lib-dmx/lib_gd32/libdmx.a(dmx.o)
                0x000000000800f84c                Dmx::GetDmxAvailable(unsigned int)
 .text._ZN3Dmx19GetUpdatesPerSecondEj
                0x000000000800f874       0x10 ../lib-dmx/lib_gd32/libdmx.a(dmx.o)
                0x000000000800f874                Dmx::GetUpdatesPerSecond(unsigned int)
 .text._ZN3Dmx10RdmSendRawEjPKhj
                0x000000000800f884       0xa0 ../lib-dmx/lib_gd32/libdmx.a(dmx.o)
                0x000000000800f884                Dmx::RdmSendRaw(unsigned int, unsigned char const*, unsigned int)
 .text._ZN3Dmx10RdmReceiveEj
                0x000000000800f924       0x24 ../lib-dmx/lib_gd32/libdmx.a(dmx.o)
                0x000000000800f924                Dmx::RdmReceive(unsigned int)
 .text._ZN3Dmx17RdmReceiveTimeOutEjt
                0x000000000800f948       0x24 ../lib-dmx/lib_gd32/libdmx.a(dmx.o)
                0x000000000800f948                Dmx::RdmReceiveTimeOut(unsigned int, unsigned short)
 .text._ZL6microsv
                0x000000000800f96c       0x20 ../lib-dmx/lib_gd32/libdmx.a(rdm.o)
 .text._ZN3Rdm4SendEjP11TRdmMessagej
                0x000000000800f98c       0x74 ../lib-dmx/lib_gd32/libdmx.a(rdm.o)
                0x000000000800f98c                Rdm::Send(unsigned int, TRdmMessage*, unsigned int)
 .text._ZN3Rdm21SendRawRespondMessageEjPKhj
                0x000000000800fa00       0x24 ../lib-dmx/lib_gd32/libdmx.a(rdm.o)
                0x000000000800fa00                Rdm::SendRawRespondMessage(unsigned int, unsigned char const*, unsigned int)
 .text._ZN3Rdm27SendDiscoveryRespondMessageEjPKhj
                0x000000000800fa24       0x88 ../lib-dmx/lib_gd32/libdmx.a(rdm.o)
                0x000000000800fa24                Rdm::SendDiscoveryRespondMessage(unsigned int, unsigned char const*, unsigned int)
 .text.net_set_ip
                0x000000000800faac       0x20 ../lib-network/lib_gd32/libnetwork.a(net.o)
                0x000000000800faac                net_set_ip
 .text.net_set_gw
                0x000000000800facc       0x10 ../lib-network/lib_gd32/libnetwork.a(net.o)
                0x000000000800facc                net_set_gw
 .text.net_set_dhcp
                0x000000000800fadc       0x58 ../lib-network/lib_gd32/libnetwork.a(net.o)
                0x000000000800fadc                net_set_dhcp
 .text.net_dhcp_release
                0x000000000800fb34       0x14 ../lib-network/lib_gd32/libnetwork.a(net.o)
                0x000000000800fb34                net_dhcp_release
 .text.net_timers_run
                0x000000000800fb48       0x20 ../lib-network/lib_gd32/libnetwork.a(net_timers.o)
                0x000000000800fb48                net_timers_run
 .text.rfc3927  0x000000000800fb68       0x80 ../lib-network/lib_gd32/libnetwork.a(rfc3927.o)
                0x000000000800fb68                rfc3927
 .text._init_tcb
                0x000000000800fbe8       0x34 ../lib-network/lib_gd32/libnetwork.a(tcp.o)
 .text.memcpy.isra.0
                0x000000000800fc1c       0x14 ../lib-network/lib_gd32/libnetwork.a(tcp.o)
 .text._bswap32
                0x000000000800fc30       0x4a ../lib-network/lib_gd32/libnetwork.a(tcp.o)
 *fill*         0x000000000800fc7a        0x2 
 .text._tcp_send_package
                0x000000000800fc7c      0x14c ../lib-network/lib_gd32/libnetwork.a(tcp.o)
 .text._send_reset
                0x000000000800fdc8       0x60 ../lib-network/lib_gd32/libnetwork.a(tcp.o)
 .text.tcp_begin
                0x000000000800fe28       0x34 ../lib-network/lib_gd32/libnetwork.a(tcp.o)
                0x000000000800fe28                tcp_begin
 .text.tcp_write
                0x000000000800fe5c       0x48 ../lib-network/lib_gd32/libnetwork.a(tcp.o)
                0x000000000800fe5c                tcp_write
 .text.tcp_read
                0x000000000800fea4       0x80 ../lib-network/lib_gd32/libnetwork.a(tcp.o)
                0x000000000800fea4                tcp_read
 .text.memcpy.isra.0
                0x000000000800ff24       0x14 ../lib-network/lib_gd32/libnetwork.a(udp.o)
 .text.net_memcpy
                0x000000000800ff38       0x3c ../lib-network/lib_gd32/libnetwork.a(udp.o)
                0x000000000800ff38                net_memcpy
 .text.udp_set_ip
                0x000000000800ff74       0x40 ../lib-network/lib_gd32/libnetwork.a(udp.o)
                0x000000000800ff74                udp_set_ip
 .text.udp_bind
                0x000000000800ffb4       0x34 ../lib-network/lib_gd32/libnetwork.a(udp.o)
                0x000000000800ffb4                udp_bind
 .text.udp_unbind
                0x000000000800ffe8       0x40 ../lib-network/lib_gd32/libnetwork.a(udp.o)
                0x000000000800ffe8                udp_unbind
 .text.udp_recv
                0x0000000008010028       0x6c ../lib-network/lib_gd32/libnetwork.a(udp.o)
                0x0000000008010028                udp_recv
 .text.udp_recv2
                0x0000000008010094       0x4c ../lib-network/lib_gd32/libnetwork.a(udp.o)
                0x0000000008010094                udp_recv2
 .text.udp_send
                0x00000000080100e0      0x160 ../lib-network/lib_gd32/libnetwork.a(udp.o)
                0x00000000080100e0                udp_send
 .text.strlen   0x0000000008010240       0x10 ../lib-network/lib_gd32/libnetwork.a(mdns.o)
 .text.strcmp   0x0000000008010250       0x1a ../lib-network/lib_gd32/libnetwork.a(mdns.o)
 .text.strcpy.isra.0
                0x000000000801026a       0x10 ../lib-network/lib_gd32/libnetwork.a(mdns.o)
 .text.strcat.isra.0
                0x000000000801027a       0x16 ../lib-network/lib_gd32/libnetwork.a(mdns.o)
 .text._ZN4MDNSC2Ev
                0x0000000008010290       0x20 ../lib-network/lib_gd32/libnetwork.a(mdns.o)
                0x0000000008010290                MDNS::MDNS()
                0x0000000008010290                MDNS::MDNS()
 .text._ZN4MDNS7SetNameEPKc
                0x00000000080102b0       0x38 ../lib-network/lib_gd32/libnetwork.a(mdns.o)
                0x00000000080102b0                MDNS::SetName(char const*)
 .text._ZN4MDNS21DecodeDNSNameNotationEPKcPc
                0x00000000080102e8       0x84 ../lib-network/lib_gd32/libnetwork.a(mdns.o)
                0x00000000080102e8                MDNS::DecodeDNSNameNotation(char const*, char*)
 .text._ZNK4MDNS21FindFirstDotFromRightEPKc
                0x000000000801036c       0x1c ../lib-network/lib_gd32/libnetwork.a(mdns.o)
                0x000000000801036c                MDNS::FindFirstDotFromRight(char const*) const
 .text._ZN4MDNS12WriteDnsNameEPKcPcb
                0x0000000008010388       0x32 ../lib-network/lib_gd32/libnetwork.a(mdns.o)
                0x0000000008010388                MDNS::WriteDnsName(char const*, char*, bool)
 *fill*         0x00000000080103ba        0x2 
 .text._ZN4MDNS26CreateAnswerLocalIpAddressEv
                0x00000000080103bc       0x54 ../lib-network/lib_gd32/libnetwork.a(mdns.o)
                0x00000000080103bc                MDNS::CreateAnswerLocalIpAddress()
 .text._ZN4MDNS5StartEv
                0x0000000008010410       0x90 ../lib-network/lib_gd32/libnetwork.a(mdns.o)
                0x0000000008010410                MDNS::Start()
 .text._ZN4MDNS22CreateAnswerServiceSrvEjPh
                0x00000000080104a0       0x88 ../lib-network/lib_gd32/libnetwork.a(mdns.o)
                0x00000000080104a0                MDNS::CreateAnswerServiceSrv(unsigned int, unsigned char*)
 .text._ZN4MDNS22CreateAnswerServiceTxtEjPh
                0x0000000008010528       0x7c ../lib-network/lib_gd32/libnetwork.a(mdns.o)
                0x0000000008010528                MDNS::CreateAnswerServiceTxt(unsigned int, unsigned char*)
 .text._ZN4MDNS22CreateAnswerServicePtrEjPh
                0x00000000080105a4       0x78 ../lib-network/lib_gd32/libnetwork.a(mdns.o)
                0x00000000080105a4                MDNS::CreateAnswerServicePtr(unsigned int, unsigned char*)
 .text._ZN4MDNS24CreateAnswerServiceDnsSdEjPh
                0x000000000801061c       0x50 ../lib-network/lib_gd32/libnetwork.a(mdns.o)
                0x000000000801061c                MDNS::CreateAnswerServiceDnsSd(unsigned int, unsigned char*)
 .text._ZN4MDNS17CreateMDNSMessageEj
                0x000000000801066c       0x78 ../lib-network/lib_gd32/libnetwork.a(mdns.o)
                0x000000000801066c                MDNS::CreateMDNSMessage(unsigned int)
 .text._ZN4MDNS16AddServiceRecordEPKcS1_tN4mdns8ProtocolES1_
                0x00000000080106e4      0x128 ../lib-network/lib_gd32/libnetwork.a(mdns.o)
                0x00000000080106e4                MDNS::AddServiceRecord(char const*, char const*, unsigned short, mdns::Protocol, char const*)
 .text._ZN4MDNS13HandleRequestEt
                0x000000000801080c       0xf4 ../lib-network/lib_gd32/libnetwork.a(mdns.o)
                0x000000000801080c                MDNS::HandleRequest(unsigned short)
 .text._ZN4MDNS5ParseEv
                0x0000000008010900       0x28 ../lib-network/lib_gd32/libnetwork.a(mdns.o)
                0x0000000008010900                MDNS::Parse()
 .text._ZN4MDNS3RunEv
                0x0000000008010928       0x48 ../lib-network/lib_gd32/libnetwork.a(mdns.o)
                0x0000000008010928                MDNS::Run()
 .text._ZN4MDNS5PrintEv
                0x0000000008010970       0x7c ../lib-network/lib_gd32/libnetwork.a(mdns.o)
                0x0000000008010970                MDNS::Print()
 .text.strncpy.constprop.0.isra.0
                0x00000000080109ec       0x20 ../lib-network/lib_gd32/libnetwork.a(network.o)
 .text._ZN7NetworkC2Ev
                0x0000000008010a0c       0x50 ../lib-network/lib_gd32/libnetwork.a(network.o)
                0x0000000008010a0c                Network::Network()
                0x0000000008010a0c                Network::Network()
 .text._ZN7Network8ShutdownEv
                0x0000000008010a5c        0xe ../lib-network/lib_gd32/libnetwork.a(network.o)
                0x0000000008010a5c                Network::Shutdown()
 .text._ZN7Network5BeginEt
                0x0000000008010a6a        0x6 ../lib-network/lib_gd32/libnetwork.a(network.o)
                0x0000000008010a6a                Network::Begin(unsigned short)
 .text._ZN7Network3EndEt
                0x0000000008010a70        0x6 ../lib-network/lib_gd32/libnetwork.a(network.o)
                0x0000000008010a70                Network::End(unsigned short)
 .text._ZN7Network16MacAddressCopyToEPh
                0x0000000008010a76       0x16 ../lib-network/lib_gd32/libnetwork.a(network.o)
                0x0000000008010a76                Network::MacAddressCopyTo(unsigned char*)
 .text._ZN7Network9JoinGroupEij
                0x0000000008010a8c        0x6 ../lib-network/lib_gd32/libnetwork.a(network.o)
                0x0000000008010a8c                Network::JoinGroup(int, unsigned int)
 .text._ZN7Network10LeaveGroupEij
                0x0000000008010a92        0x6 ../lib-network/lib_gd32/libnetwork.a(network.o)
                0x0000000008010a92                Network::LeaveGroup(int, unsigned int)
 .text._ZN7Network12SetDefaultIpEv
                0x0000000008010a98       0x22 ../lib-network/lib_gd32/libnetwork.a(network.o)
                0x0000000008010a98                Network::SetDefaultIp()
 *fill*         0x0000000008010aba        0x2 
 .text._ZN7Network4InitEP18NetworkParamsStore
                0x0000000008010abc      0x270 ../lib-network/lib_gd32/libnetwork.a(network.o)
                0x0000000008010abc                Network::Init(NetworkParamsStore*)
 .text._ZN7Network5SetIpEj
                0x0000000008010d2c       0x56 ../lib-network/lib_gd32/libnetwork.a(network.o)
                0x0000000008010d2c                Network::SetIp(unsigned int)
 .text._ZN7Network10SetNetmaskEj
                0x0000000008010d82       0x24 ../lib-network/lib_gd32/libnetwork.a(network.o)
                0x0000000008010d82                Network::SetNetmask(unsigned int)
 .text._ZN7Network12SetGatewayIpEj
                0x0000000008010da6       0x2a ../lib-network/lib_gd32/libnetwork.a(network.o)
                0x0000000008010da6                Network::SetGatewayIp(unsigned int)
 .text._ZN7Network10EnableDhcpEv
                0x0000000008010dd0       0x8c ../lib-network/lib_gd32/libnetwork.a(network.o)
                0x0000000008010dd0                Network::EnableDhcp()
 .text._ZN7Network5PrintEv
                0x0000000008010e5c       0xf8 ../lib-network/lib_gd32/libnetwork.a(network.o)
                0x0000000008010e5c                Network::Print()
 .text._ZN7Network8TcpBeginEt
                0x0000000008010f54        0x6 ../lib-network/lib_gd32/libnetwork.a(networktcp.o)
                0x0000000008010f54                Network::TcpBegin(unsigned short)
 .text._ZN7Network7TcpReadEiPPKh
                0x0000000008010f5a        0x8 ../lib-network/lib_gd32/libnetwork.a(networktcp.o)
                0x0000000008010f5a                Network::TcpRead(int, unsigned char const**)
 .text._ZN7Network8TcpWriteEiPKht
                0x0000000008010f62        0xa ../lib-network/lib_gd32/libnetwork.a(networktcp.o)
                0x0000000008010f62                Network::TcpWrite(int, unsigned char const*, unsigned short)
 .text._ZN13NetworkParamsC2EP18NetworkParamsStore
                0x0000000008010f6c       0x18 ../lib-network/lib_gd32/libnetwork.a(networkparams.o)
                0x0000000008010f6c                NetworkParams::NetworkParams(NetworkParamsStore*)
                0x0000000008010f6c                NetworkParams::NetworkParams(NetworkParamsStore*)
 .text._ZN13NetworkParams4LoadEv
                0x0000000008010f84       0x18 ../lib-network/lib_gd32/libnetwork.a(networkparams.o)
                0x0000000008010f84                NetworkParams::Load()
 .text._ZN13NetworkParams4LoadEPKcj
                0x0000000008010f9c       0x40 ../lib-network/lib_gd32/libnetwork.a(networkparams.o)
                0x0000000008010f9c                NetworkParams::Load(char const*, unsigned int)
 .text._ZN13NetworkParams16callbackFunctionEPKc
                0x0000000008010fdc      0x12c ../lib-network/lib_gd32/libnetwork.a(networkparams.o)
                0x0000000008010fdc                NetworkParams::callbackFunction(char const*)
 .text._ZN13NetworkParams22staticCallbackFunctionEPvPKc
                0x0000000008011108        0x4 ../lib-network/lib_gd32/libnetwork.a(networkparams.o)
                0x0000000008011108                NetworkParams::staticCallbackFunction(void*, char const*)
 .text._ZN13NetworkParams7BuilderEPKN13networkparams6ParamsEPcjRj
                0x000000000801110c      0x218 ../lib-network/lib_gd32/libnetwork.a(networkparams.o)
                0x000000000801110c                NetworkParams::Builder(networkparams::Params const*, char*, unsigned int, unsigned int&)
 .text._ZN13NetworkParams4SaveEPcjRj
                0x0000000008011324       0x1a ../lib-network/lib_gd32/libnetwork.a(networkparams.o)
                0x0000000008011324                NetworkParams::Save(char*, unsigned int, unsigned int&)
 .text._ZN13NetworkParams4DumpEv
                0x000000000801133e        0x2 ../lib-network/lib_gd32/libnetwork.a(networkparamsdump.o)
                0x000000000801133e                NetworkParams::Dump()
 .text.memcpy.isra.0
                0x0000000008011340       0x14 ../lib-network/lib_gd32/libnetwork.a(arp.o)
 .text.arp_announce
                0x0000000008011354       0x14 ../lib-network/lib_gd32/libnetwork.a(arp.o)
                0x0000000008011354                arp_announce
 .text.arp_handle_request
                0x0000000008011368       0x50 ../lib-network/lib_gd32/libnetwork.a(arp.o)
                0x0000000008011368                arp_handle_request
 .text.arp_handle_reply
                0x00000000080113b8        0x8 ../lib-network/lib_gd32/libnetwork.a(arp.o)
                0x00000000080113b8                arp_handle_reply
 .text.arp_send_request
                0x00000000080113c0       0x14 ../lib-network/lib_gd32/libnetwork.a(arp.o)
                0x00000000080113c0                arp_send_request
 .text.arp_cache_update
                0x00000000080113d4       0x50 ../lib-network/lib_gd32/libnetwork.a(arp_cache.o)
                0x00000000080113d4                arp_cache_update
 .text.arp_cache_lookup
                0x0000000008011424       0x9c ../lib-network/lib_gd32/libnetwork.a(arp_cache.o)
                0x0000000008011424                arp_cache_lookup
 .text._parse_response
                0x00000000080114c0      0x168 ../lib-network/lib_gd32/libnetwork.a(dhcp.o)
 .text.memcpy.isra.0
                0x0000000008011628       0x14 ../lib-network/lib_gd32/libnetwork.a(dhcp.o)
 .text.dhcp_client
                0x000000000801163c      0x210 ../lib-network/lib_gd32/libnetwork.a(dhcp.o)
                0x000000000801163c                dhcp_client
 .text.dhcp_client_release