Archive member included to satisfy reference by file (symbol)

../lib-remoteconfig/lib_gd32/libremoteconfig.a(remoteconfig.o)
                              build_gd32/firmware/main.o (RemoteConfig::RemoteConfig(remoteconfig::Node, remoteconfig::Output, unsigned int))
../lib-remoteconfig/lib_gd32/libremoteconfig.a(remoteconfigfactory.o)
                              ../lib-remoteconfig/lib_gd32/libremoteconfig.a(remoteconfig.o) (RemoteConfig::HandleFactory())
../lib-remoteconfig/lib_gd32/libremoteconfig.a(remoteconfigparams.o)
                              build_gd32/firmware/main.o (RemoteConfigParams::RemoteConfigParams(RemoteConfigParamsStore*))
../lib-remoteconfig/lib_gd32/libremoteconfig.a(remoteconfigparamsdump.o)
                              build_gd32/firmware/main.o (RemoteConfigParams::Dump())
../lib-remoteconfig/lib_gd32/libremoteconfig.a(remoteconfigreboot.o)
                              ../lib-remoteconfig/lib_gd32/libremoteconfig.a(remoteconfig.o) (RemoteConfig::HandleReboot())
../lib-remoteconfig/lib_gd32/libremoteconfig.a(remoteconfigstatic.o)
                              ../lib-remoteconfig/lib_gd32/libremoteconfig.a(remoteconfig.o) (RemoteConfig::GetIndex(void const*, unsigned int&))
../lib-remoteconfig/lib_gd32/libremoteconfig.a(remoteconfig.o)
                              ../lib-remoteconfig/lib_gd32/libremoteconfig.a(remoteconfig.o) (RemoteConfig::PlatformHandleTftpSet())
../lib-remoteconfig/lib_gd32/libremoteconfig.a(httd.o)
                              build_gd32/firmware/main.o (HttpDaemon::HttpDaemon())
../lib-remoteconfig/lib_gd32/libremoteconfig.a(remoteconfigconst.o)
                              ../lib-remoteconfig/lib_gd32/libremoteconfig.a(remoteconfigparams.o) (RemoteConfigConst::PARAMS_DISPLAY_NAME)
../lib-remoteconfig/lib_gd32/libremoteconfig.a(remoteconfigjson.o)
                              ../lib-remoteconfig/lib_gd32/libremoteconfig.a(httd.o) (remoteconfig::json_get_list(char*, unsigned short))
../lib-remoteconfig/lib_gd32/libremoteconfig.a(get_file_content.o)
                              ../lib-remoteconfig/lib_gd32/libremoteconfig.a(httd.o) (get_file_content(char const*, char*))
../lib-artnet4/lib_gd32/libartnet4.a(artnet4node.o)
                              build_gd32/firmware/main.o (ArtNet4Node::ArtNet4Node())
../lib-artnet/lib_gd32/libartnet.a(artnetmsgconst.o)
                              build_gd32/firmware/main.o (ArtNetMsgConst::RDM_RUN)
../lib-artnet/lib_gd32/libartnet.a(artnetnode.o)
                              ../lib-artnet4/lib_gd32/libartnet4.a(artnet4node.o) (ArtNetNode::~ArtNetNode())
../lib-artnet/lib_gd32/libartnet.a(artnetnodegetportaddress.o)
                              ../lib-artnet4/lib_gd32/libartnet4.a(artnet4node.o) (ArtNetNode::GetPortAddress(unsigned int, unsigned short&, lightset::PortDir) const)
../lib-artnet/lib_gd32/libartnet.a(artnetnodehandleaddress.o)
                              build_gd32/firmware/main.o (ArtNetNode::SetUniverseSwitch(unsigned int, lightset::PortDir, unsigned char))
../lib-artnet/lib_gd32/libartnet.a(artnetnodehandledmx.o)
                              ../lib-artnet/lib_gd32/libartnet.a(artnetnode.o) (ArtNetNode::HandleDmx())
../lib-artnet/lib_gd32/libartnet.a(artnetnodehandledmxin.o)
                              ../lib-artnet/lib_gd32/libartnet.a(artnetnode.o) (ArtNetNode::HandleDmxIn())
../lib-artnet/lib_gd32/libartnet.a(artnetnodehandleipprog.o)
                              ../lib-artnet/lib_gd32/libartnet.a(artnetnode.o) (ArtNetNode::HandleIpProg())
../lib-artnet/lib_gd32/libartnet.a(artnetnodehandlepoll.o)
                              ../lib-artnet/lib_gd32/libartnet.a(artnetnode.o) (ArtNetNode::FillPollReply())
../lib-artnet/lib_gd32/libartnet.a(artnetnodehandlerdm.o)
                              ../lib-artnet/lib_gd32/libartnet.a(artnetnodehandleaddress.o) (ArtNetNode::SetRmd(unsigned int, bool))
../lib-artnet/lib_gd32/libartnet.a(artnetnodehandlerdmin.o)
                              ../lib-artnet/lib_gd32/libartnet.a(artnetnode.o) (ArtNetNode::HandleRdmIn())
../lib-artnet/lib_gd32/libartnet.a(artnetnodehandlesync.o)
                              ../lib-artnet/lib_gd32/libartnet.a(artnetnode.o) (ArtNetNode::HandleSync())
../lib-artnet/lib_gd32/libartnet.a(artnetnodehandletimecode.o)
                              ../lib-artnet/lib_gd32/libartnet.a(artnetnode.o) (ArtNetNode::HandleTimeCode())
../lib-artnet/lib_gd32/libartnet.a(artnetnodehandletimesync.o)
                              ../lib-artnet/lib_gd32/libartnet.a(artnetnode.o) (ArtNetNode::HandleTimeSync())
../lib-artnet/lib_gd32/libartnet.a(artnetnodeprint.o)
                              ../lib-artnet4/lib_gd32/libartnet4.a(artnet4node.o) (ArtNetNode::Print())
../lib-artnet/lib_gd32/libartnet.a(artnetparams.o)
                              build_gd32/firmware/main.o (ArtNetParams::ArtNetParams(ArtNetParamsStore*))
../lib-artnet/lib_gd32/libartnet.a(artnetparamsconst.o)
[...]
Memory Configuration

Name             Origin             Length             Attributes
FLASH            0x0000000008008000 0x000000000003a800 xr
RAM              0x0000000020000000 0x0000000000040000 xrw
*default*        0x0000000000000000 0xffffffffffffffff

Linker script and memory map

LOAD build_gd32/startup_gd32f20x_cl.o
LOAD build_gd32/firmware/main.o
LOAD build_gd32/lib/dmxinput.o
LOAD build_gd32/lib/rdmsoftwareversion.o
                0x0000000000001800                __heap_size = DEFINED (__heap_size)?__heap_size:0x1800
                0x0000000000002800                __stack_size = DEFINED (__stack_size)?__stack_size:0x2800

.vectors        0x0000000008008000      0x1a8
                0x0000000008008000                . = ALIGN (0x4)
 *(.vectors)
 .vectors       0x0000000008008000      0x1a8 build_gd32/startup_gd32f20x_cl.o
                0x0000000008008000                __gVectors
                0x00000000080081a8                . = ALIGN (0x4)
                0x00000000080081a8                __Vectors_End = .
                0x00000000080081a8                __Vectors_Size = (__Vectors_End - __gVectors)

.text           0x00000000080081a8     0xfe1c
                0x00000000080081a8                . = ALIGN (0x4)
 *(.text.unlikely*)
 .text.unlikely.net_init
                0x00000000080081a8       0xa0 ../lib-network/lib_gd32/libnetwork.a(net.o)
                0x00000000080081a8                net_init
 .text.unlikely.net_shutdown
                0x0000000008008248       0x1c ../lib-network/lib_gd32/libnetwork.a(net.o)
                0x0000000008008248                net_shutdown
 .text.unlikely.rfc3927_init
                0x0000000008008264       0x18 ../lib-network/lib_gd32/libnetwork.a(rfc3927.o)
                0x0000000008008264                rfc3927_init
 .text.unlikely.tcp_init
                0x000000000800827c       0x44 ../lib-network/lib_gd32/libnetwork.a(tcp.o)
                0x000000000800827c                tcp_init
 .text.unlikely.udp_init
                0x00000000080082c0       0x58 ../lib-network/lib_gd32/libnetwork.a(udp.o)
                0x00000000080082c0                udp_init
 .text.unlikely.udp_shutdown
                0x0000000008008318        0x2 ../lib-network/lib_gd32/libnetwork.a(udp.o)
                0x0000000008008318                udp_shutdown
 *fill*         0x000000000800831a        0x2 
 .text.unlikely.arp_init
                0x000000000800831c       0xf8 ../lib-network/lib_gd32/libnetwork.a(arp.o)
                0x000000000800831c                arp_init
 .text.unlikely.arp_cache_init
                0x0000000008008414       0x34 ../lib-network/lib_gd32/libnetwork.a(arp_cache.o)
                0x0000000008008414                arp_cache_init
 .text.unlikely.igmp_init
                0x0000000008008448       0xc4 ../lib-network/lib_gd32/libnetwork.a(igmp.o)
                0x0000000008008448                igmp_init
 .text.unlikely.igmp_shutdown
                0x000000000800850c       0x28 ../lib-network/lib_gd32/libnetwork.a(igmp.o)
                0x000000000800850c                igmp_shutdown
 .text.unlikely.ip_init
                0x0000000008008534       0x16 ../lib-network/lib_gd32/libnetwork.a(ip.o)
                0x0000000008008534                ip_init
 .text.unlikely.ip_shutdown
                0x000000000800854a        0xe ../lib-network/lib_gd32/libnetwork.a(ip.o)
                0x000000000800854a                ip_shutdown
 .text.unlikely.console_init
                0x0000000008008558       0x20 ../lib-hal/lib_gd32/libhal.a(console_uart0.o)
                0x0000000008008558                console_init
 *(.text.hot*)
 .text.hot.net_handle
                0x0000000008008578       0x38 ../lib-network/lib_gd32/libnetwork.a(net.o)
                0x0000000008008578                net_handle
 .text.hot.tcp_handle
                0x00000000080085b0      0x360 ../lib-network/lib_gd32/libnetwork.a(tcp.o)
                0x00000000080085b0                tcp_handle
 .text.hot.udp_handle
                0x0000000008008910       0xa8 ../lib-network/lib_gd32/libnetwork.a(udp.o)
                0x0000000008008910                udp_handle
 .text.hot.arp_handle
                0x00000000080089b8       0x18 ../lib-network/lib_gd32/libnetwork.a(arp.o)
                0x00000000080089b8                arp_handle
 .text.hot.igmp_handle
                0x00000000080089d0       0xa0 ../lib-network/lib_gd32/libnetwork.a(igmp.o)
                0x00000000080089d0                igmp_handle
 .text.hot.ip_handle
                0x0000000008008a70       0x32 ../lib-network/lib_gd32/libnetwork.a(ip.o)
                0x0000000008008a70                ip_handle
 *fill*         0x0000000008008aa2        0x2 
 .text.hot.icmp_handle
                0x0000000008008aa4       0x98 ../lib-network/lib_gd32/libnetwork.a(icmp.o)
                0x0000000008008aa4                icmp_handle
 *(.text)
 .text          0x0000000008008b3c      0x168 /Users/arjanvanvught/Library/xPacks/@xpack-dev-tools/arm-none-eabi-gcc/11.3.1-1.1.2/.content/bin/../lib/gcc/arm-none-eabi/11.3.1/thumb/v7-m/nofp/libgcc.a(_arm_mulsf3.o)
                0x0000000008008b3c                __mulsf3
                0x0000000008008b3c                __aeabi_fmul
 .text          0x0000000008008ca4       0xa0 /Users/arjanvanvught/Library/xPacks/@xpack-dev-tools/arm-none-eabi-gcc/11.3.1-1.1.2/.content/bin/../lib/gcc/arm-none-eabi/11.3.1/thumb/v7-m/nofp/libgcc.a(_arm_truncdfsf2.o)
                0x0000000008008ca4                __aeabi_d2f
                0x0000000008008ca4                __truncdfsf2
 .text          0x0000000008008d44      0x21c /Users/arjanvanvught/Library/xPacks/@xpack-dev-tools/arm-none-eabi-gcc/11.3.1-1.1.2/.content/bin/../lib/gcc/arm-none-eabi/11.3.1/thumb/v7-m/nofp/libgcc.a(_arm_addsubsf3.o)
                0x0000000008008d44                __aeabi_frsub
                0x0000000008008d4c                __aeabi_fsub
                0x0000000008008d4c                __subsf3
                0x0000000008008d50                __aeabi_fadd
                0x0000000008008d50                __addsf3
                0x0000000008008eb0                __aeabi_ui2f
                0x0000000008008eb0                __floatunsisf
                0x0000000008008eb8                __floatsisf
                0x0000000008008eb8                __aeabi_i2f
                0x0000000008008ed4                __aeabi_ul2f
                0x0000000008008ed4                __floatundisf
                0x0000000008008ee4                __aeabi_l2f
                0x0000000008008ee4                __floatdisf
 .text          0x0000000008008f60       0xec /Users/arjanvanvught/Library/xPacks/@xpack-dev-tools/arm-none-eabi-gcc/11.3.1-1.1.2/.content/bin/../lib/gcc/arm-none-eabi/11.3.1/thumb/v7-m/nofp/libgcc.a(_arm_cmpsf2.o)
                0x0000000008008f60                __gesf2
                0x0000000008008f60                __gtsf2
                0x0000000008008f68                __ltsf2
                0x0000000008008f68                __lesf2
                0x0000000008008f70                __nesf2
                0x0000000008008f70                __eqsf2
                0x0000000008008f70                __cmpsf2
                0x0000000008008fd0                __aeabi_cfrcmple
                0x0000000008008fd8                __aeabi_cfcmpeq
                0x0000000008008fd8                __aeabi_cfcmple
                0x0000000008008fe8                __aeabi_fcmpeq
                0x0000000008008ffc                __aeabi_fcmplt
                0x0000000008009010                __aeabi_fcmple
                0x0000000008009024                __aeabi_fcmpge
                0x0000000008009038                __aeabi_fcmpgt
 .text          0x000000000800904c       0x4c /Users/arjanvanvught/Library/xPacks/@xpack-dev-tools/arm-none-eabi-gcc/11.3.1-1.1.2/.content/bin/../lib/gcc/arm-none-eabi/11.3.1/thumb/v7-m/nofp/libgcc.a(_arm_fixsfsi.o)
                0x000000000800904c                __fixsfsi
                0x000000000800904c                __aeabi_f2iz
 .text          0x0000000008009098       0x30 /Users/arjanvanvught/Library/xPacks/@xpack-dev-tools/arm-none-eabi-gcc/11.3.1-1.1.2/.content/bin/../lib/gcc/arm-none-eabi/11.3.1/thumb/v7-m/nofp/libgcc.a(_aeabi_uldivmod.o)
                0x0000000008009098                __aeabi_uldivmod
 .text          0x00000000080090c8        0x4 /Users/arjanvanvught/Library/xPacks/@xpack-dev-tools/arm-none-eabi-gcc/11.3.1-1.1.2/.content/bin/../lib/gcc/arm-none-eabi/11.3.1/thumb/v7-m/nofp/libgcc.a(_dvmd_tls.o)
                0x00000000080090c8                __aeabi_ldiv0
                0x00000000080090c8                __aeabi_idiv0
 *(.text*)
 .text.Reset_Handler
                0x00000000080090cc       0x44 build_gd32/startup_gd32f20x_cl.o
                0x00000000080090cc                Reset_Handler
 .text.Default_Handler
                0x0000000008009110        0x2 build_gd32/startup_gd32f20x_cl.o
                0x0000000008009110                ENET_IRQHandler
                0x0000000008009110                TIMER5_IRQHandler
                0x0000000008009110                DebugMon_Handler
                0x0000000008009110                LVD_IRQHandler
                0x0000000008009110                CAN1_EWMC_IRQHandler
                0x0000000008009110                HardFault_Handler
                0x0000000008009110                TIMER7_UP_TIMER12_IRQHandler
                0x0000000008009110                ADC0_1_IRQHandler
                0x0000000008009110                SDIO_IRQHandler
                0x0000000008009110                PendSV_Handler
                0x0000000008009110                NMI_Handler
                0x0000000008009110                EXTI3_IRQHandler
                0x0000000008009110                DCI_IRQHandler
                0x0000000008009110                USBFS_WKUP_IRQHandler
                0x0000000008009110                TIMER0_TRG_CMT_TIMER10_IRQHandler
                0x0000000008009110                USBFS_IRQHandler
                0x0000000008009110                DMA0_Channel6_IRQHandler
                0x0000000008009110                I2C0_EV_IRQHandler
                0x0000000008009110                EXTI0_IRQHandler
                0x0000000008009110                I2C2_EV_IRQHandler
                0x0000000008009110                CAU_IRQHandler
                0x0000000008009110                CAN1_RX0_IRQHandler
                0x0000000008009110                TIMER7_TRG_CMT_TIMER13_IRQHandler
                0x0000000008009110                UsageFault_Handler
                0x0000000008009110                TIMER4_IRQHandler
                0x0000000008009110                SPI1_IRQHandler
                0x0000000008009110                DMA0_Channel0_IRQHandler
                0x0000000008009110                TAMPER_IRQHandler
                0x0000000008009110                TIMER0_BRK_TIMER8_IRQHandler
                0x0000000008009110                DMA1_Channel0_IRQHandler
                0x0000000008009110                TIMER7_BRK_TIMER11_IRQHandler
                0x0000000008009110                DMA1_Channel4_IRQHandler
                0x0000000008009110                DMA0_Channel3_IRQHandler
                0x0000000008009110                I2C0_ER_IRQHandler
                0x0000000008009110                TLI_IRQHandler
                0x0000000008009110                TIMER0_UP_TIMER9_IRQHandler
                0x0000000008009110                RTC_IRQHandler
                0x0000000008009110                CAN1_RX1_IRQHandler
                0x0000000008009110                DMA0_Channel2_IRQHandler
                0x0000000008009110                USART0_IRQHandler
                0x0000000008009110                I2C1_EV_IRQHandler
                0x0000000008009110                DMA1_Channel6_IRQHandler
                0x0000000008009110                UART4_IRQHandler
                0x0000000008009110                EXTI10_15_IRQHandler
                0x0000000008009110                DMA1_Channel1_IRQHandler
                0x0000000008009110                Default_Handler
                0x0000000008009110                TIMER7_Channel_IRQHandler
                0x0000000008009110                CAN0_TX_IRQHandler
                0x0000000008009110                WWDGT_IRQHandler
                0x0000000008009110                EXMC_IRQHandler
                0x0000000008009110                ADC2_IRQHandler
                0x0000000008009110                SPI2_IRQHandler
                0x0000000008009110                MemManage_Handler
                0x0000000008009110                CAN1_TX_IRQHandler
                0x0000000008009110                SVC_Handler
                0x0000000008009110                HAU_TRNG_IRQHandler
                0x0000000008009110                DMA1_Channel5_IRQHandler
                0x0000000008009110                EXTI4_IRQHandler
                0x0000000008009110                CAN0_RX1_IRQHandler
                0x0000000008009110                DMA0_Channel5_IRQHandler
                0x0000000008009110                DMA1_Channel3_IRQHandler
                0x0000000008009110                EXTI5_9_IRQHandler
                0x0000000008009110                RCU_IRQHandler
                0x0000000008009110                DMA0_Channel1_IRQHandler
                0x0000000008009110                TIMER0_Channel_IRQHandler
                0x0000000008009110                EXTI1_IRQHandler
                0x0000000008009110                ENET_WKUP_IRQHandler
                0x0000000008009110                RTCAlarm_IRQHandler
                0x0000000008009110                UART7_IRQHandler
                0x0000000008009110                UART6_IRQHandler
                0x0000000008009110                CAN0_EWMC_IRQHandler
                0x0000000008009110                CAN0_RX0_IRQHandler
                0x0000000008009110                I2C2_ER_IRQHandler
                0x0000000008009110                DMA1_Channel2_IRQHandler
                0x0000000008009110                TLI_ER_IRQHandler
                0x0000000008009110                BusFault_Handler
                0x0000000008009110                USART1_IRQHandler
                0x0000000008009110                UART3_IRQHandler
                0x0000000008009110                I2C1_ER_IRQHandler
                0x0000000008009110                FMC_IRQHandler
                0x0000000008009110                DMA0_Channel4_IRQHandler
                0x0000000008009110                EXTI2_IRQHandler
 .text.memcmp   0x0000000008009112       0x20 build_gd32/firmware/main.o
 .text._ZN14DisplayHandlerD2Ev
                0x0000000008009132        0x2 build_gd32/firmware/main.o
                0x0000000008009132                DisplayHandler::~DisplayHandler()
                0x0000000008009132                DisplayHandler::~DisplayHandler()
 .text._ZN12dmxconfigudpL4atoiEPKcj
                0x0000000008009134       0x24 build_gd32/firmware/main.o
 .text._ZN14DisplayHandlerD0Ev
                0x0000000008009158        0xc build_gd32/firmware/main.o
                0x0000000008009158                DisplayHandler::~DisplayHandler()
 .text._ZN7Display12SetCursorPosEhh.isra.0
                0x0000000008009164        0xa build_gd32/firmware/main.o
 .text._ZN7Display7PutCharEi.isra.0
                0x000000000800916e        0xa build_gd32/firmware/main.o
 .text._ZN14DisplayHandler5PrintEj
                0x0000000008009178       0x50 build_gd32/firmware/main.o
                0x0000000008009178                DisplayHandler::Print(unsigned int)
 .text._ZN7Display10TextStatusEPKc
                0x00000000080091c8       0x6a build_gd32/firmware/main.o
                0x00000000080091c8                Display::TextStatus(char const*)
 .text._ZN7Display10TextStatusEPKc22Display7SegmentMessagej
                0x0000000008009232       0x50 build_gd32/firmware/main.o
                0x0000000008009232                Display::TextStatus(char const*, Display7SegmentMessage, unsigned int)
 *fill*         0x0000000008009282        0x2 
 .text._ZN7Display8SetSleepEb
                0x0000000008009284       0x20 build_gd32/firmware/main.o
                0x0000000008009284                Display::SetSleep(bool)
 .text._ZN7display7timeout9gpio_initEv
                0x00000000080092a4       0x20 build_gd32/firmware/main.o
                0x00000000080092a4                display::timeout::gpio_init()
 .text._ZN7display7timeout10gpio_renewEv
                0x00000000080092c4       0x14 build_gd32/firmware/main.o
                0x00000000080092c4                display::timeout::gpio_renew()
 .text._ZN9RDMDevice4InitEv
                0x00000000080092d8       0x60 build_gd32/firmware/main.o
                0x00000000080092d8                RDMDevice::Init()
 .text._ZN8Hardware13RebootHandlerEv
                0x0000000008009338       0x20 build_gd32/firmware/main.o
                0x0000000008009338                Hardware::RebootHandler()
 .text.startup.main
                0x0000000008009358      0x55c build_gd32/firmware/main.o
                0x0000000008009358                main
 .text._ZN8DmxInputD2Ev
                0x00000000080098b4        0x2 build_gd32/lib/dmxinput.o
                0x00000000080098b4                DmxInput::~DmxInput()
                0x00000000080098b4                DmxInput::~DmxInput()
 *fill*         0x00000000080098b6        0x2 
 .text._ZN8DmxInput5StartEj
                0x00000000080098b8       0x30 build_gd32/lib/dmxinput.o
                0x00000000080098b8                DmxInput::Start(unsigned int)
 .text._ZN8DmxInput4StopEj
                0x00000000080098e8       0x30 build_gd32/lib/dmxinput.o
                0x00000000080098e8                DmxInput::Stop(unsigned int)
 .text._ZN8DmxInput7HandlerEjRjS0_
                0x0000000008009918       0x3c build_gd32/lib/dmxinput.o
                0x0000000008009918                DmxInput::Handler(unsigned int, unsigned int&, unsigned int&)
 .text._ZN8DmxInputD0Ev
                0x0000000008009954        0xc build_gd32/lib/dmxinput.o
                0x0000000008009954                DmxInput::~DmxInput()
 .text._ZN8DmxInputC2Ev
                0x0000000008009960       0x20 build_gd32/lib/dmxinput.o
                0x0000000008009960                DmxInput::DmxInput()
                0x0000000008009960                DmxInput::DmxInput()
 .text._ZN12RemoteConfig10HandleListEv
                0x0000000008009980       0xd0 ../lib-remoteconfig/lib_gd32/libremoteconfig.a(remoteconfig.o)
                0x0000000008009980                RemoteConfig::HandleList()
 .text._ZN12RemoteConfig16HandleDisplayGetEv
                0x0000000008009a50       0x54 ../lib-remoteconfig/lib_gd32/libremoteconfig.a(remoteconfig.o)
                0x0000000008009a50                RemoteConfig::HandleDisplayGet()
 .text._ZN12RemoteConfig13HandleTftpGetEv
                0x0000000008009aa4       0x50 ../lib-remoteconfig/lib_gd32/libremoteconfig.a(remoteconfig.o)
                0x0000000008009aa4                RemoteConfig::HandleTftpGet()
 .text._ZN12RemoteConfig13HandleVersionEv
                0x0000000008009af4       0x40 ../lib-remoteconfig/lib_gd32/libremoteconfig.a(remoteconfig.o)
                0x0000000008009af4                RemoteConfig::HandleVersion()
 .text._ZN12RemoteConfig12HandleUptimeEv
                0x0000000008009b34       0x4c ../lib-remoteconfig/lib_gd32/libremoteconfig.a(remoteconfig.o)
                0x0000000008009b34                RemoteConfig::HandleUptime()
 .text._ZN7Display6StatusE22Display7SegmentMessage
                0x0000000008009b80       0x36 ../lib-remoteconfig/lib_gd32/libremoteconfig.a(remoteconfig.o)
                0x0000000008009b80                Display::Status(Display7SegmentMessage)
 *fill*         0x0000000008009bb6        0x2 
 .text._ZN12RemoteConfig16HandleDisplaySetEv
                0x0000000008009bb8       0x28 ../lib-remoteconfig/lib_gd32/libremoteconfig.a(remoteconfig.o)
                0x0000000008009bb8                RemoteConfig::HandleDisplaySet()
 .text._ZN12RemoteConfig13HandleTftpSetEv
                0x0000000008009be0       0x68 ../lib-remoteconfig/lib_gd32/libremoteconfig.a(remoteconfig.o)
                0x0000000008009be0                RemoteConfig::HandleTftpSet()
 .text._ZN12RemoteConfigC2EN12remoteconfig4NodeENS0_6OutputEj
                0x0000000008009c48       0x68 ../lib-remoteconfig/lib_gd32/libremoteconfig.a(remoteconfig.o)
                0x0000000008009c48                RemoteConfig::RemoteConfig(remoteconfig::Node, remoteconfig::Output, unsigned int)
                0x0000000008009c48                RemoteConfig::RemoteConfig(remoteconfig::Node, remoteconfig::Output, unsigned int)
 .text._ZNK12RemoteConfig13GetStringNodeEv
                0x0000000008009cb0       0x18 ../lib-remoteconfig/lib_gd32/libremoteconfig.a(remoteconfig.o)
                0x0000000008009cb0                RemoteConfig::GetStringNode() const
 .text._ZNK12RemoteConfig15GetStringOutputEv
                0x0000000008009cc8       0x18 ../lib-remoteconfig/lib_gd32/libremoteconfig.a(remoteconfig.o)
                0x0000000008009cc8                RemoteConfig::GetStringOutput() const
 .text._ZN12RemoteConfig10SetDisableEb
                0x0000000008009ce0       0x40 ../lib-remoteconfig/lib_gd32/libremoteconfig.a(remoteconfig.o)
                0x0000000008009ce0                RemoteConfig::SetDisable(bool)
 .text._ZN12RemoteConfig14SetDisplayNameEPKc
                0x0000000008009d20       0x30 ../lib-remoteconfig/lib_gd32/libremoteconfig.a(remoteconfig.o)
                0x0000000008009d20                RemoteConfig::SetDisplayName(char const*)
 .text._ZN12RemoteConfig9HandleGetEPvj
                0x0000000008009d50       0xb8 ../lib-remoteconfig/lib_gd32/libremoteconfig.a(remoteconfig.o)
                0x0000000008009d50                RemoteConfig::HandleGet(void*, unsigned int)
 .text._ZN12RemoteConfig17HandleGetNoParamsEv
                0x0000000008009e08        0x8 ../lib-remoteconfig/lib_gd32/libremoteconfig.a(remoteconfig.o)
                0x0000000008009e08                RemoteConfig::HandleGetNoParams()
 .text._ZN12RemoteConfig19HandleGetRconfigTxtERj
                0x0000000008009e10       0x2c ../lib-remoteconfig/lib_gd32/libremoteconfig.a(remoteconfig.o)
                0x0000000008009e10                RemoteConfig::HandleGetRconfigTxt(unsigned int&)
 .text._ZN12RemoteConfig19HandleGetNetworkTxtERj
                0x0000000008009e3c       0x2c ../lib-remoteconfig/lib_gd32/libremoteconfig.a(remoteconfig.o)
                0x0000000008009e3c                RemoteConfig::HandleGetNetworkTxt(unsigned int&)
 .text._ZN12RemoteConfig18HandleGetArtnetTxtERj
                0x0000000008009e68       0x2c ../lib-remoteconfig/lib_gd32/libremoteconfig.a(remoteconfig.o)
                0x0000000008009e68                RemoteConfig::HandleGetArtnetTxt(unsigned int&)
 .text._ZN12RemoteConfig16HandleGetE131TxtERj
                0x0000000008009e94       0x2c ../lib-remoteconfig/lib_gd32/libremoteconfig.a(remoteconfig.o)
                0x0000000008009e94                RemoteConfig::HandleGetE131Txt(unsigned int&)
 .text._ZN12RemoteConfig18HandleGetParamsTxtERj
                0x0000000008009ec0       0x2c ../lib-remoteconfig/lib_gd32/libremoteconfig.a(remoteconfig.o)
                0x0000000008009ec0                RemoteConfig::HandleGetParamsTxt(unsigned int&)
 .text._ZN12RemoteConfig19HandleGetDisplayTxtERj
                0x0000000008009eec       0x2c ../lib-remoteconfig/lib_gd32/libremoteconfig.a(remoteconfig.o)
                0x0000000008009eec                RemoteConfig::HandleGetDisplayTxt(unsigned int&)
 .text._ZN12RemoteConfig9HandleSetEPvj
                0x0000000008009f18       0x84 ../lib-remoteconfig/lib_gd32/libremoteconfig.a(remoteconfig.o)
                0x0000000008009f18                RemoteConfig::HandleSet(void*, unsigned int)
 .text._ZN12RemoteConfig3RunEv
                0x0000000008009f9c      0x13c ../lib-remoteconfig/lib_gd32/libremoteconfig.a(remoteconfig.o)
                0x0000000008009f9c                RemoteConfig::Run()
 .text._ZN12RemoteConfig16HandleSetRconfigEv
                0x000000000800a0d8       0x30 ../lib-remoteconfig/lib_gd32/libremoteconfig.a(remoteconfig.o)
                0x000000000800a0d8                RemoteConfig::HandleSetRconfig()
 .text._ZN12RemoteConfig19HandleSetNetworkTxtEv
                0x000000000800a108       0x28 ../lib-remoteconfig/lib_gd32/libremoteconfig.a(remoteconfig.o)
                0x000000000800a108                RemoteConfig::HandleSetNetworkTxt()
 .text._ZN12RemoteConfig18HandleSetArtnetTxtEv
                0x000000000800a130       0x28 ../lib-remoteconfig/lib_gd32/libremoteconfig.a(remoteconfig.o)
                0x000000000800a130                RemoteConfig::HandleSetArtnetTxt()
 .text._ZN12RemoteConfig16HandleSetE131TxtEv
                0x000000000800a158       0x28 ../lib-remoteconfig/lib_gd32/libremoteconfig.a(remoteconfig.o)
                0x000000000800a158                RemoteConfig::HandleSetE131Txt()
 .text._ZN12RemoteConfig18HandleSetParamsTxtEv
                0x000000000800a180       0x28 ../lib-remoteconfig/lib_gd32/libremoteconfig.a(remoteconfig.o)
                0x000000000800a180                RemoteConfig::HandleSetParamsTxt()
 .text._ZN12RemoteConfig19HandleSetDisplayTxtEv
                0x000000000800a1a8       0x28 ../lib-remoteconfig/lib_gd32/libremoteconfig.a(remoteconfig.o)
                0x000000000800a1a8                RemoteConfig::HandleSetDisplayTxt()
 .text._ZN12RemoteConfig13HandleFactoryEv
                0x000000000800a1d0       0x1c ../lib-remoteconfig/lib_gd32/libremoteconfig.a(remoteconfigfactory.o)
                0x000000000800a1d0                RemoteConfig::HandleFactory()
 .text._ZN17PropertiesBuilder3AddEPKcb.isra.0
                0x000000000800a1ec       0x50 ../lib-remoteconfig/lib_gd32/libremoteconfig.a(remoteconfigparams.o)
 .text._ZN18RemoteConfigParamsC2EP23RemoteConfigParamsStore
                0x000000000800a23c       0x14 ../lib-remoteconfig/lib_gd32/libremoteconfig.a(remoteconfigparams.o)
                0x000000000800a23c                RemoteConfigParams::RemoteConfigParams(RemoteConfigParamsStore*)
                0x000000000800a23c                RemoteConfigParams::RemoteConfigParams(RemoteConfigParamsStore*)
 .text._ZN18RemoteConfigParams4LoadEv
                0x000000000800a250       0x18 ../lib-remoteconfig/lib_gd32/libremoteconfig.a(remoteconfigparams.o)
                0x000000000800a250                RemoteConfigParams::Load()
 .text._ZN18RemoteConfigParams4LoadEPKcj
                0x000000000800a268       0x3c ../lib-remoteconfig/lib_gd32/libremoteconfig.a(remoteconfigparams.o)
                0x000000000800a268                RemoteConfigParams::Load(char const*, unsigned int)
 .text._ZN18RemoteConfigParams7SetBoolEhj
                0x000000000800a2a4       0x10 ../lib-remoteconfig/lib_gd32/libremoteconfig.a(remoteconfigparams.o)
                0x000000000800a2a4                RemoteConfigParams::SetBool(unsigned char, unsigned int)
 .text._ZN18RemoteConfigParams16callbackFunctionEPKc
                0x000000000800a2b4       0xac ../lib-remoteconfig/lib_gd32/libremoteconfig.a(remoteconfigparams.o)
                0x000000000800a2b4                RemoteConfigParams::callbackFunction(char const*)
 .text._ZN18RemoteConfigParams22staticCallbackFunctionEPvPKc
                0x000000000800a360        0x4 ../lib-remoteconfig/lib_gd32/libremoteconfig.a(remoteconfigparams.o)
                0x000000000800a360                RemoteConfigParams::staticCallbackFunction(void*, char const*)
 .text._ZN18RemoteConfigParams7BuilderEPK19TRemoteConfigParamsPcjRj
                0x000000000800a364      0x120 ../lib-remoteconfig/lib_gd32/libremoteconfig.a(remoteconfigparams.o)
                0x000000000800a364                RemoteConfigParams::Builder(TRemoteConfigParams const*, char*, unsigned int, unsigned int&)
 .text._ZN18RemoteConfigParams4SaveEPcjRj
                0x000000000800a484       0x1a ../lib-remoteconfig/lib_gd32/libremoteconfig.a(remoteconfigparams.o)
                0x000000000800a484                RemoteConfigParams::Save(char*, unsigned int, unsigned int&)
 .text._ZN18RemoteConfigParams3SetEP12RemoteConfig
                0x000000000800a49e       0x40 ../lib-remoteconfig/lib_gd32/libremoteconfig.a(remoteconfigparams.o)
                0x000000000800a49e                RemoteConfigParams::Set(RemoteConfig*)
 .text._ZN18RemoteConfigParams4DumpEv
                0x000000000800a4de        0x2 ../lib-remoteconfig/lib_gd32/libremoteconfig.a(remoteconfigparamsdump.o)
                0x000000000800a4de                RemoteConfigParams::Dump()
 .text._ZN12RemoteConfig12HandleRebootEv
                0x000000000800a4e0       0xa4 ../lib-remoteconfig/lib_gd32/libremoteconfig.a(remoteconfigreboot.o)
                0x000000000800a4e0                RemoteConfig::HandleReboot()
 .text._ZN12RemoteConfig8GetIndexEPKvRj
                0x000000000800a584       0x54 ../lib-remoteconfig/lib_gd32/libremoteconfig.a(remoteconfigstatic.o)
                0x000000000800a584                RemoteConfig::GetIndex(void const*, unsigned int&)
 .text._ZN12RemoteConfig21PlatformHandleTftpSetEv
                0x000000000800a5d8       0x10 ../lib-remoteconfig/lib_gd32/libremoteconfig.a(remoteconfig.o)
                0x000000000800a5d8                RemoteConfig::PlatformHandleTftpSet()
 .text._ZN12RemoteConfig21PlatformHandleTftpGetEv
                0x000000000800a5e8       0x1a ../lib-remoteconfig/lib_gd32/libremoteconfig.a(remoteconfig.o)
                0x000000000800a5e8                RemoteConfig::PlatformHandleTftpGet()
 .text.strcmp   0x000000000800a602       0x1a ../lib-remoteconfig/lib_gd32/libremoteconfig.a(httd.o)
 .text.strcasecmp
                0x000000000800a61c       0x34 ../lib-remoteconfig/lib_gd32/libremoteconfig.a(httd.o)
 .text._ZN16PropertiesConfig10EnableJSONEb
                0x000000000800a650       0x18 ../lib-remoteconfig/lib_gd32/libremoteconfig.a(httd.o)
                0x000000000800a650                PropertiesConfig::EnableJSON(bool)
 .text._ZN10HttpDaemonC2Ev
                0x000000000800a668       0x28 ../lib-remoteconfig/lib_gd32/libremoteconfig.a(httd.o)
                0x000000000800a668                HttpDaemon::HttpDaemon()
                0x000000000800a668                HttpDaemon::HttpDaemon()
 .text._ZN10HttpDaemon5StartEv
                0x000000000800a690       0x18 ../lib-remoteconfig/lib_gd32/libremoteconfig.a(httd.o)
                0x000000000800a690                HttpDaemon::Start()
 .text._ZN10HttpDaemon11ParseMethodEPc
                0x000000000800a6a8       0x8c ../lib-remoteconfig/lib_gd32/libremoteconfig.a(httd.o)
                0x000000000800a6a8                HttpDaemon::ParseMethod(char*)
 .text._ZN10HttpDaemon16ParseHeaderFieldEPc
                0x000000000800a734       0x94 ../lib-remoteconfig/lib_gd32/libremoteconfig.a(httd.o)
                0x000000000800a734                HttpDaemon::ParseHeaderField(char*)
 .text._ZN10HttpDaemon12ParseRequestEv
                0x000000000800a7c8       0x6c ../lib-remoteconfig/lib_gd32/libremoteconfig.a(httd.o)
                0x000000000800a7c8                HttpDaemon::ParseRequest()
 .text._ZN10HttpDaemon12HandleGetTxtEv
                0x000000000800a834       0x88 ../lib-remoteconfig/lib_gd32/libremoteconfig.a(httd.o)
                0x000000000800a834                HttpDaemon::HandleGetTxt()
 .text._ZN10HttpDaemon9HandleGetEv
                0x000000000800a8bc      0x14c ../lib-remoteconfig/lib_gd32/libremoteconfig.a(httd.o)
                0x000000000800a8bc                HttpDaemon::HandleGet()
 .text._ZN10HttpDaemon10HandlePostEb
                0x000000000800aa08      0x160 ../lib-remoteconfig/lib_gd32/libremoteconfig.a(httd.o)
                0x000000000800aa08                HttpDaemon::HandlePost(bool)
 .text._ZN10HttpDaemon3RunEv
                0x000000000800ab68      0x158 ../lib-remoteconfig/lib_gd32/libremoteconfig.a(httd.o)
                0x000000000800ab68                HttpDaemon::Run()
 .text._ZN12remoteconfig13json_get_listEPct
                0x000000000800acc0       0x68 ../lib-remoteconfig/lib_gd32/libremoteconfig.a(remoteconfigjson.o)
                0x000000000800acc0                remoteconfig::json_get_list(char*, unsigned short)
 .text._ZN12remoteconfig16json_get_versionEPct
                0x000000000800ad28       0x38 ../lib-remoteconfig/lib_gd32/libremoteconfig.a(remoteconfigjson.o)
                0x000000000800ad28                remoteconfig::json_get_version(char*, unsigned short)
 .text._ZN12remoteconfig15json_get_uptimeEPct
                0x000000000800ad60       0x20 ../lib-remoteconfig/lib_gd32/libremoteconfig.a(remoteconfigjson.o)
                0x000000000800ad60                remoteconfig::json_get_uptime(char*, unsigned short)
 .text._ZN12remoteconfig16json_get_displayEPct
                0x000000000800ad80       0x20 ../lib-remoteconfig/lib_gd32/libremoteconfig.a(remoteconfigjson.o)
                0x000000000800ad80                remoteconfig::json_get_display(char*, unsigned short)
 .text._ZN12remoteconfig18json_get_directoryEPct
                0x000000000800ada0       0x10 ../lib-remoteconfig/lib_gd32/libremoteconfig.a(remoteconfigjson.o)
                0x000000000800ada0                remoteconfig::json_get_directory(char*, unsigned short)
 .text._Z16get_file_contentPKcPc
                0x000000000800adb0       0x4c ../lib-remoteconfig/lib_gd32/libremoteconfig.a(get_file_content.o)
                0x000000000800adb0                get_file_content(char const*, char*)
 .text._ZN11ArtNet4Node15IsStatusChangedEv
                0x000000000800adfc       0x10 ../lib-artnet4/lib_gd32/libartnet4.a(artnet4node.o)
                0x000000000800adfc                ArtNet4Node::IsStatusChanged()
 .text._ZN11ArtNet4Node7SetPortEjN8lightset7PortDirE
                0x000000000800ae0c       0x5e ../lib-artnet4/lib_gd32/libartnet4.a(artnet4node.o)
                0x000000000800ae0c                ArtNet4Node::SetPort(unsigned int, lightset::PortDir)
 *fill*         0x000000000800ae6a        0x2 
 .text._ZN11ArtNet4Node15SetLedBlinkModeEN8ledblink4ModeE
                0x000000000800ae6c       0x18 ../lib-artnet4/lib_gd32/libartnet4.a(artnet4node.o)
                0x000000000800ae6c                ArtNet4Node::SetLedBlinkMode(ledblink::Mode)
 .text._ZN11ArtNet4NodeD2Ev
                0x000000000800ae84       0x20 ../lib-artnet4/lib_gd32/libartnet4.a(artnet4node.o)
                0x000000000800ae84                ArtNet4Node::~ArtNet4Node()
                0x000000000800ae84                ArtNet4Node::~ArtNet4Node()
 .text._ZN11ArtNet4NodeD0Ev
                0x000000000800aea4       0x12 ../lib-artnet4/lib_gd32/libartnet4.a(artnet4node.o)
                0x000000000800aea4                ArtNet4Node::~ArtNet4Node()
 .text._ZN11ArtNet4Node9GetStatusEj
                0x000000000800aeb6       0x34 ../lib-artnet4/lib_gd32/libartnet4.a(artnet4node.o)
                0x000000000800aeb6                ArtNet4Node::GetStatus(unsigned int)
 *fill*         0x000000000800aeea        0x2 
 .text._ZN11ArtNet4Node13HandleAddressEh
                0x000000000800aeec      0x12c ../lib-artnet4/lib_gd32/libartnet4.a(artnet4node.o)
                0x000000000800aeec                ArtNet4Node::HandleAddress(unsigned char)
 .text._ZN11ArtNet4NodeC2Ev
                0x000000000800b018       0x20 ../lib-artnet4/lib_gd32/libartnet4.a(artnet4node.o)
                0x000000000800b018                ArtNet4Node::ArtNet4Node()
                0x000000000800b018                ArtNet4Node::ArtNet4Node()
 .text._ZN11ArtNet4Node5StartEv
                0x000000000800b038       0x6a ../lib-artnet4/lib_gd32/libartnet4.a(artnet4node.o)
                0x000000000800b038                ArtNet4Node::Start()
 .text._ZN11ArtNet4Node3RunEv
                0x000000000800b0a2       0x1e ../lib-artnet4/lib_gd32/libartnet4.a(artnet4node.o)
                0x000000000800b0a2                ArtNet4Node::Run()
 .text._ZN11ArtNet4Node5PrintEv
                0x000000000800b0c0       0x30 ../lib-artnet4/lib_gd32/libartnet4.a(artnet4node.o)
                0x000000000800b0c0                ArtNet4Node::Print()
 .text.strncpy.isra.0
                0x000000000800b0f0       0x1e ../lib-artnet/lib_gd32/libartnet.a(artnetnode.o)
 .text.memcpy.isra.0
                0x000000000800b10e       0x14 ../lib-artnet/lib_gd32/libartnet.a(artnetnode.o)
 *fill*         0x000000000800b122        0x2 
 .text._ZN8lightset4Data11ClearLengthEj
                0x000000000800b124       0x28 ../lib-artnet/lib_gd32/libartnet.a(artnetnode.o)
                0x000000000800b124                lightset::Data::ClearLength(unsigned int)
 .text._ZN10ArtNetNodeD2Ev
                0x000000000800b14c        0x2 ../lib-artnet/lib_gd32/libartnet.a(artnetnode.o)
                0x000000000800b14c                ArtNetNode::~ArtNetNode()
                0x000000000800b14c                ArtNetNode::~ArtNetNode()
 *fill*         0x000000000800b14e        0x2 
 .text._ZN10ArtNetNode5StartEv
                0x000000000800b150       0xb8 ../lib-artnet/lib_gd32/libartnet.a(artnetnode.o)
                0x000000000800b150                ArtNetNode::Start()
 .text._ZN10ArtNetNode4StopEv
                0x000000000800b208       0x74 ../lib-artnet/lib_gd32/libartnet.a(artnetnode.o)
                0x000000000800b208                ArtNetNode::Stop()
 .text._ZN10ArtNetNode12SetShortNameEPKc
                0x000000000800b27c       0x42 ../lib-artnet/lib_gd32/libartnet.a(artnetnode.o)
                0x000000000800b27c                ArtNetNode::SetShortName(char const*)
 .text._ZN10ArtNetNode11SetLongNameEPKc
                0x000000000800b2be       0x42 ../lib-artnet/lib_gd32/libartnet.a(artnetnode.o)
                0x000000000800b2be                ArtNetNode::SetLongName(char const*)
 .text._ZN10ArtNetNodeC2Ev
                0x000000000800b300      0x190 ../lib-artnet/lib_gd32/libartnet.a(artnetnode.o)
                0x000000000800b300                ArtNetNode::ArtNetNode()
                0x000000000800b300                ArtNetNode::ArtNetNode()
 .text._ZN10ArtNetNode27SetNetworkDataLossConditionEv
                0x000000000800b490       0x72 ../lib-artnet/lib_gd32/libartnet.a(artnetnode.o)
                0x000000000800b490                ArtNetNode::SetNetworkDataLossCondition()
 *fill*         0x000000000800b502        0x2 
 .text._ZN10ArtNetNode7GetTypeEv
                0x000000000800b504       0x50 ../lib-artnet/lib_gd32/libartnet.a(artnetnode.o)
                0x000000000800b504                ArtNetNode::GetType()
 .text._ZN10ArtNetNode3RunEv
                0x000000000800b554      0x1bc ../lib-artnet/lib_gd32/libartnet.a(artnetnode.o)
                0x000000000800b554                ArtNetNode::Run()
 .text._ZNK10ArtNetNode14GetPortAddressEjRtN8lightset7PortDirE
                0x000000000800b710       0x2c ../lib-artnet/lib_gd32/libartnet.a(artnetnodegetportaddress.o)
                0x000000000800b710                ArtNetNode::GetPortAddress(unsigned int, unsigned short&, lightset::PortDir) const
 .text._ZN10ArtNetNode15MakePortAddressEtj
                0x000000000800b73c       0x20 ../lib-artnet/lib_gd32/libartnet.a(artnetnodehandleaddress.o)
                0x000000000800b73c                ArtNetNode::MakePortAddress(unsigned short, unsigned int)
 .text._ZN10ArtNetNode17SetUniverseSwitchEjN8lightset7PortDirEh
                0x000000000800b75c      0x154 ../lib-artnet/lib_gd32/libartnet.a(artnetnodehandleaddress.o)
                0x000000000800b75c                ArtNetNode::SetUniverseSwitch(unsigned int, lightset::PortDir, unsigned char)
 .text._ZNK10ArtNetNode17GetUniverseSwitchEjRhN8lightset7PortDirE
                0x000000000800b8b0       0x30 ../lib-artnet/lib_gd32/libartnet.a(artnetnodehandleaddress.o)
                0x000000000800b8b0                ArtNetNode::GetUniverseSwitch(unsigned int, unsigned char&, lightset::PortDir) const
 .text._ZN10ArtNetNode15SetSubnetSwitchEhj
                0x000000000800b8e0       0x64 ../lib-artnet/lib_gd32/libartnet.a(artnetnodehandleaddress.o)
                0x000000000800b8e0                ArtNetNode::SetSubnetSwitch(unsigned char, unsigned int)
 .text._ZN10ArtNetNode12SetNetSwitchEhj
                0x000000000800b944       0x64 ../lib-artnet/lib_gd32/libartnet.a(artnetnodehandleaddress.o)
                0x000000000800b944                ArtNetNode::SetNetSwitch(unsigned char, unsigned int)
 .text._ZN10ArtNetNode15SetPortProtocolEjN6artnet12PortProtocolE
                0x000000000800b9a8       0x4e ../lib-artnet/lib_gd32/libartnet.a(artnetnodehandleaddress.o)
                0x000000000800b9a8                ArtNetNode::SetPortProtocol(unsigned int, artnet::PortProtocol)
 .text._ZN10ArtNetNode12SetMergeModeEjN8lightset9MergeModeE
                0x000000000800b9f6       0x4e ../lib-artnet/lib_gd32/libartnet.a(artnetnodehandleaddress.o)
                0x000000000800b9f6                ArtNetNode::SetMergeMode(unsigned int, lightset::MergeMode)
 .text._ZN10ArtNetNode11SetFailSafeEN10artnetnode8FailSafeE
                0x000000000800ba44       0x64 ../lib-artnet/lib_gd32/libartnet.a(artnetnodehandleaddress.o)
                0x000000000800ba44                ArtNetNode::SetFailSafe(artnetnode::FailSafe)
 .text._ZN10ArtNetNode13HandleAddressEv
                0x000000000800baa8      0x270 ../lib-artnet/lib_gd32/libartnet.a(artnetnodehandleaddress.o)
                0x000000000800baa8                ArtNetNode::HandleAddress()
 .text._ZN8lightset4Data13IMergeSourceAEjPKhjNS_9MergeModeE.part.0
                0x000000000800bd18       0x28 ../lib-artnet/lib_gd32/libartnet.a(artnetnodehandledmx.o)
 .text.memcpy.isra.0
                0x000000000800bd40       0x14 ../lib-artnet/lib_gd32/libartnet.a(artnetnodehandledmx.o)
 .text._ZN8lightset4Data3GetEv
                0x000000000800bd54       0x18 ../lib-artnet/lib_gd32/libartnet.a(artnetnodehandledmx.o)
                0x000000000800bd54                lightset::Data::Get()
 .text._ZN8lightset4Data10SetSourceAEjPKhj
                0x000000000800bd6c       0x3a ../lib-artnet/lib_gd32/libartnet.a(artnetnodehandledmx.o)
                0x000000000800bd6c                lightset::Data::SetSourceA(unsigned int, unsigned char const*, unsigned int)
 .text._ZN8lightset4Data12MergeSourceAEjPKhjNS_9MergeModeE
                0x000000000800bda6       0x52 ../lib-artnet/lib_gd32/libartnet.a(artnetnodehandledmx.o)
                0x000000000800bda6                lightset::Data::MergeSourceA(unsigned int, unsigned char const*, unsigned int, lightset::MergeMode)
 .text._ZN8lightset4Data12MergeSourceBEjPKhjNS_9MergeModeE
                0x000000000800bdf8       0x54 ../lib-artnet/lib_gd32/libartnet.a(artnetnodehandledmx.o)
                0x000000000800bdf8                lightset::Data::MergeSourceB(unsigned int, unsigned char const*, unsigned int, lightset::MergeMode)
 .text._ZN10ArtNetNode17UpdateMergeStatusEj
                0x000000000800be4c       0x22 ../lib-artnet/lib_gd32/libartnet.a(artnetnodehandledmx.o)
                0x000000000800be4c                ArtNetNode::UpdateMergeStatus(unsigned int)
 .text._ZN10ArtNetNode18CheckMergeTimeoutsEj
                0x000000000800be6e       0x6a ../lib-artnet/lib_gd32/libartnet.a(artnetnodehandledmx.o)
                0x000000000800be6e                ArtNetNode::CheckMergeTimeouts(unsigned int)
 .text._ZN10ArtNetNode9HandleDmxEv
                0x000000000800bed8      0x1a0 ../lib-artnet/lib_gd32/libartnet.a(artnetnodehandledmx.o)
                0x000000000800bed8                ArtNetNode::HandleDmx()
 .text._ZN10ArtNetNode16SetDestinationIpEjj
                0x000000000800c078       0x2c ../lib-artnet/lib_gd32/libartnet.a(artnetnodehandledmxin.o)
                0x000000000800c078                ArtNetNode::SetDestinationIp(unsigned int, unsigned int)
 .text._ZN10ArtNetNode11HandleDmxInEv
                0x000000000800c0a4       0xf8 ../lib-artnet/lib_gd32/libartnet.a(artnetnodehandledmxin.o)
                0x000000000800c0a4                ArtNetNode::HandleDmxIn()
 .text.memcmp.constprop.0
                0x000000000800c19c       0x24 ../lib-artnet/lib_gd32/libartnet.a(artnetnodehandleipprog.o)
 .text.memcpy.constprop.0.isra.0
                0x000000000800c1c0       0x14 ../lib-artnet/lib_gd32/libartnet.a(artnetnodehandleipprog.o)
 .text._ZN10ArtNetNode12HandleIpProgEv
                0x000000000800c1d4      0x178 ../lib-artnet/lib_gd32/libartnet.a(artnetnodehandleipprog.o)
                0x000000000800c1d4                ArtNetNode::HandleIpProg()
 .text.memcpy.isra.0
                0x000000000800c34c       0x14 ../lib-artnet/lib_gd32/libartnet.a(artnetnodehandlepoll.o)
 .text._ZN10ArtNetNode13FillPollReplyEv
                0x000000000800c360       0xd8 ../lib-artnet/lib_gd32/libartnet.a(artnetnodehandlepoll.o)
                0x000000000800c360                ArtNetNode::FillPollReply()
 .text._ZN10ArtNetNode17ProcessPollRelplyEjjRj
                0x000000000800c438       0xd6 ../lib-artnet/lib_gd32/libartnet.a(artnetnodehandlepoll.o)
                0x000000000800c438                ArtNetNode::ProcessPollRelply(unsigned int, unsigned int, unsigned int&)
 *fill*         0x000000000800c50e        0x2 
 .text._ZN10ArtNetNode14SendPollRelplyEb
                0x000000000800c510       0x98 ../lib-artnet/lib_gd32/libartnet.a(artnetnodehandlepoll.o)
                0x000000000800c510                ArtNetNode::SendPollRelply(bool)
 .text._ZN10ArtNetNode10HandlePollEv
                0x000000000800c5a8       0x78 ../lib-artnet/lib_gd32/libartnet.a(artnetnodehandlepoll.o)
                0x000000000800c5a8                ArtNetNode::HandlePoll()
 .text.memcpy.isra.0
                0x000000000800c620       0x14 ../lib-artnet/lib_gd32/libartnet.a(artnetnodehandlerdm.o)
 .text._ZN10ArtNetNode6SetRmdEjb
                0x000000000800c634       0x38 ../lib-artnet/lib_gd32/libartnet.a(artnetnodehandlerdm.o)
                0x000000000800c634                ArtNetNode::SetRmd(unsigned int, bool)
 .text._ZN10ArtNetNode13HandleTodDataEv
                0x000000000800c66c       0x5e ../lib-artnet/lib_gd32/libartnet.a(artnetnodehandlerdm.o)
                0x000000000800c66c                ArtNetNode::HandleTodData()
 *fill*         0x000000000800c6ca        0x2 
 .text._ZN10ArtNetNode7SendTodEj
                0x000000000800c6cc       0xcc ../lib-artnet/lib_gd32/libartnet.a(artnetnodehandlerdm.o)
                0x000000000800c6cc                ArtNetNode::SendTod(unsigned int)
 .text._ZN10ArtNetNode16HandleTodControlEv
                0x000000000800c798       0x78 ../lib-artnet/lib_gd32/libartnet.a(artnetnodehandlerdm.o)
                0x000000000800c798                ArtNetNode::HandleTodControl()
 .text._ZN10ArtNetNode16HandleTodRequestEv
                0x000000000800c810       0x6e ../lib-artnet/lib_gd32/libartnet.a(artnetnodehandlerdm.o)
                0x000000000800c810                ArtNetNode::HandleTodRequest()
 *fill*         0x000000000800c87e        0x2 
 .text._ZN10ArtNetNode14SendTodRequestEj
                0x000000000800c880       0x8c ../lib-artnet/lib_gd32/libartnet.a(artnetnodehandlerdm.o)
                0x000000000800c880                ArtNetNode::SendTodRequest(unsigned int)
 .text._ZN10ArtNetNode13SetRdmHandlerEP9ArtNetRdmb
                0x000000000800c90c       0x1c ../lib-artnet/lib_gd32/libartnet.a(artnetnodehandlerdm.o)
                0x000000000800c90c                ArtNetNode::SetRdmHandler(ArtNetRdm*, bool)
 .text._ZN10ArtNetNode9HandleRdmEv
                0x000000000800c928       0xfe ../lib-artnet/lib_gd32/libartnet.a(artnetnodehandlerdm.o)
                0x000000000800c928                ArtNetNode::HandleRdm()
 *fill*         0x000000000800ca26        0x2 
 .text._ZN10ArtNetNode11HandleRdmInEv
                0x000000000800ca28       0x98 ../lib-artnet/lib_gd32/libartnet.a(artnetnodehandlerdmin.o)
                0x000000000800ca28                ArtNetNode::HandleRdmIn()
 .text._ZN10ArtNetNode10HandleSyncEv
                0x000000000800cac0       0x94 ../lib-artnet/lib_gd32/libartnet.a(artnetnodehandlesync.o)
                0x000000000800cac0                ArtNetNode::HandleSync()
 .text._ZN10ArtNetNode14HandleTimeCodeEv
                0x000000000800cb54        0xc ../lib-artnet/lib_gd32/libartnet.a(artnetnodehandletimecode.o)
                0x000000000800cb54                ArtNetNode::HandleTimeCode()
 .text._ZN10ArtNetNode14HandleTimeSyncEv
                0x000000000800cb60       0x44 ../lib-artnet/lib_gd32/libartnet.a(artnetnodehandletimesync.o)
                0x000000000800cb60                ArtNetNode::HandleTimeSync()
 .text._ZN10ArtNetNode5PrintEv
                0x000000000800cba4      0x130 ../lib-artnet/lib_gd32/libartnet.a(artnetnodeprint.o)
                0x000000000800cba4                ArtNetNode::Print()
 .text.memcmp   0x000000000800ccd4       0x28 ../lib-artnet/lib_gd32/libartnet.a(artnetparams.o)
 .text._ZN17PropertiesBuilder3AddIhEEbPKcT_bj.isra.0
                0x000000000800ccfc       0x50 ../lib-artnet/lib_gd32/libartnet.a(artnetparams.o)
 .text._ZN17PropertiesBuilder3AddIPKcEEbS2_T_bj.isra.0
                0x000000000800cd4c       0x50 ../lib-artnet/lib_gd32/libartnet.a(artnetparams.o)
 .text._ZN17PropertiesBuilder3AddEPKcb.isra.0
                0x000000000800cd9c       0x50 ../lib-artnet/lib_gd32/libartnet.a(artnetparams.o)
 .text.strncpy.isra.0
                0x000000000800cdec       0x16 ../lib-artnet/lib_gd32/libartnet.a(artnetparams.o)
 *fill*         0x000000000800ce02        0x2 
 .text._ZN12ArtNetParamsC2EP17ArtNetParamsStore
                0x000000000800ce04       0x44 ../lib-artnet/lib_gd32/libartnet.a(artnetparams.o)
                0x000000000800ce04                ArtNetParams::ArtNetParams(ArtNetParamsStore*)
                0x000000000800ce04                ArtNetParams::ArtNetParams(ArtNetParamsStore*)
 .text._ZN12ArtNetParams4LoadEv
                0x000000000800ce48       0x1c ../lib-artnet/lib_gd32/libartnet.a(artnetparams.o)
                0x000000000800ce48                ArtNetParams::Load()
 .text._ZN12ArtNetParams4LoadEPKcj
                0x000000000800ce64       0x44 ../lib-artnet/lib_gd32/libartnet.a(artnetparams.o)
                0x000000000800ce64                ArtNetParams::Load(char const*, unsigned int)
 .text._ZN12ArtNetParams7SetBoolEhj
                0x000000000800cea8       0x10 ../lib-artnet/lib_gd32/libartnet.a(artnetparams.o)
                0x000000000800cea8                ArtNetParams::SetBool(unsigned char, unsigned int)
 .text._ZN12ArtNetParams16callbackFunctionEPKc
                0x000000000800ceb8      0x3d0 ../lib-artnet/lib_gd32/libartnet.a(artnetparams.o)
                0x000000000800ceb8                ArtNetParams::callbackFunction(char const*)
 .text._ZN12ArtNetParams22staticCallbackFunctionEPvPKc
                0x000000000800d288        0x4 ../lib-artnet/lib_gd32/libartnet.a(artnetparams.o)
                0x000000000800d288                ArtNetParams::staticCallbackFunction(void*, char const*)
 .text._ZN12ArtNetParams7BuilderEPKN12artnetparams6ParamsEPcjRj
                0x000000000800d28c      0x2e0 ../lib-artnet/lib_gd32/libartnet.a(artnetparams.o)
                0x000000000800d28c                ArtNetParams::Builder(artnetparams::Params const*, char*, unsigned int, unsigned int&)
 .text._ZN12ArtNetParams4SaveEPcjRj
                0x000000000800d56c       0x1a ../lib-artnet/lib_gd32/libartnet.a(artnetparams.o)
                0x000000000800d56c                ArtNetParams::Save(char*, unsigned int, unsigned int&)
 *fill*         0x000000000800d586        0x2 
 .text._ZN12ArtNetParams3SetEj
                0x000000000800d588      0x11c ../lib-artnet/lib_gd32/libartnet.a(artnetparams.o)
                0x000000000800d588                ArtNetParams::Set(unsigned int)
 .text._ZN12ArtNetParams4DumpEv
                0x000000000800d6a4        0x2 ../lib-artnet/lib_gd32/libartnet.a(artnetparamsdump.o)
                0x000000000800d6a4                ArtNetParams::Dump()
 *fill*         0x000000000800d6a6        0x2 
 .text._ZN10ArtNetNode13HandleTriggerEv
                0x000000000800d6a8       0x34 ../lib-artnet/lib_gd32/libartnet.a(artnettrigger.o)
                0x000000000800d6a8                ArtNetNode::HandleTrigger()
 .text._ZN10ArtNetNode14FailSafeRecordEv
                0x000000000800d6dc       0x38 ../lib-artnet/lib_gd32/libartnet.a(artnetnodefailsafe.o)
                0x000000000800d6dc                ArtNetNode::FailSafeRecord()
 .text._ZN10ArtNetNode16FailSafePlaybackEv
                0x000000000800d714       0x88 ../lib-artnet/lib_gd32/libartnet.a(artnetnodefailsafe.o)
                0x000000000800d714                ArtNetNode::FailSafePlayback()
 .text._ZN10artnetnodeL16check_have_flashEv
                0x000000000800d79c       0x40 ../lib-artnet/lib_gd32/libartnet.a(failsafe.o)
 .text._ZN10artnetnode20failsafe_write_startEv
                0x000000000800d7dc       0x2c ../lib-artnet/lib_gd32/libartnet.a(failsafe.o)
                0x000000000800d7dc                artnetnode::failsafe_write_start()
 .text._ZN10artnetnode14failsafe_writeEjPKh
                0x000000000800d808       0x24 ../lib-artnet/lib_gd32/libartnet.a(failsafe.o)
                0x000000000800d808                artnetnode::failsafe_write(unsigned int, unsigned char const*)
 .text._ZN10artnetnode18failsafe_write_endEv
                0x000000000800d82c        0x2 ../lib-artnet/lib_gd32/libartnet.a(failsafe.o)
                0x000000000800d82c                artnetnode::failsafe_write_end()
 *fill*         0x000000000800d82e        0x2 
 .text._ZN10artnetnode19failsafe_read_startEv
                0x000000000800d830       0x14 ../lib-artnet/lib_gd32/libartnet.a(failsafe.o)
                0x000000000800d830                artnetnode::failsafe_read_start()
 .text._ZN10artnetnode13failsafe_readEjPh
                0x000000000800d844       0x24 ../lib-artnet/lib_gd32/libartnet.a(failsafe.o)
                0x000000000800d844                artnetnode::failsafe_read(unsigned int, unsigned char*)
 .text._ZN10artnetnode17failsafe_read_endEv
                0x000000000800d868        0x2 ../lib-artnet/lib_gd32/libartnet.a(failsafe.o)
                0x000000000800d868                artnetnode::failsafe_read_end()
 *fill*         0x000000000800d86a        0x2 
 .text._ZN4e131L24universe_to_multicast_ipEt
                0x000000000800d86c       0x24 ../lib-e131/lib_gd32/libe131.a(e131bridge.o)
 .text.memset.constprop.0.isra.0
                0x000000000800d890       0x10 ../lib-e131/lib_gd32/libe131.a(e131bridge.o)
 .text.memcpy.isra.0
                0x000000000800d8a0       0x14 ../lib-e131/lib_gd32/libe131.a(e131bridge.o)
 .text._ZN10E131BridgeC2Ev
                0x000000000800d8b4       0xd4 ../lib-e131/lib_gd32/libe131.a(e131bridge.o)
                0x000000000800d8b4                E131Bridge::E131Bridge()
                0x000000000800d8b4                E131Bridge::E131Bridge()
 .text._ZN10E131BridgeD2Ev
                0x000000000800d988        0x2 ../lib-e131/lib_gd32/libe131.a(e131bridge.o)
                0x000000000800d988                E131Bridge::~E131Bridge()
                0x000000000800d988                E131Bridge::~E131Bridge()
 *fill*         0x000000000800d98a        0x2 
 .text._ZN10E131Bridge5StartEv
                0x000000000800d98c       0x78 ../lib-e131/lib_gd32/libe131.a(e131bridge.o)
                0x000000000800d98c                E131Bridge::Start()
 .text._ZN10E131Bridge13LeaveUniverseEjt
                0x000000000800da04       0x3c ../lib-e131/lib_gd32/libe131.a(e131bridge.o)
                0x000000000800da04                E131Bridge::LeaveUniverse(unsigned int, unsigned short)
 .text._ZN10E131Bridge25SetSynchronizationAddressEbbt
                0x000000000800da40       0x4c ../lib-e131/lib_gd32/libe131.a(e131bridge.o)
                0x000000000800da40                E131Bridge::SetSynchronizationAddress(bool, bool, unsigned short)
 .text._ZN10E131Bridge11SetUniverseEjN8lightset7PortDirEt
                0x000000000800da8c       0xf0 ../lib-e131/lib_gd32/libe131.a(e131bridge.o)
                0x000000000800da8c                E131Bridge::SetUniverse(unsigned int, lightset::PortDir, unsigned short)
 .text._ZNK10E131Bridge11GetUniverseEjRtN8lightset7PortDirE
                0x000000000800db7c       0x2e ../lib-e131/lib_gd32/libe131.a(e131bridge.o)
                0x000000000800db7c                E131Bridge::GetUniverse(unsigned int, unsigned short&, lightset::PortDir) const
 .text._ZN10E131Bridge17UpdateMergeStatusEj
                0x000000000800dbaa       0x1e ../lib-e131/lib_gd32/libe131.a(e131bridge.o)
                0x000000000800dbaa                E131Bridge::UpdateMergeStatus(unsigned int)
 .text._ZN10E131Bridge18CheckMergeTimeoutsEj
                0x000000000800dbc8       0x76 ../lib-e131/lib_gd32/libe131.a(e131bridge.o)
                0x000000000800dbc8                E131Bridge::CheckMergeTimeouts(unsigned int)
 .text._ZNK10E131Bridge17IsPriorityTimeOutEj
                0x000000000800dc3e       0x4a ../lib-e131/lib_gd32/libe131.a(e131bridge.o)
                0x000000000800dc3e                E131Bridge::IsPriorityTimeOut(unsigned int) const
 .text._ZNK10E131Bridge12isIpCidMatchEPKN10e131bridge6SourceE
                0x000000000800dc88       0x2a ../lib-e131/lib_gd32/libe131.a(e131bridge.o)
                0x000000000800dc88                E131Bridge::isIpCidMatch(e131bridge::Source const*) const
 *fill*         0x000000000800dcb2        0x2 
 .text._ZN10E131Bridge27SetNetworkDataLossConditionEbb
                0x000000000800dcb4      0x148 ../lib-e131/lib_gd32/libe131.a(e131bridge.o)
                0x000000000800dcb4                E131Bridge::SetNetworkDataLossCondition(bool, bool)
 .text._ZN10E131Bridge9HandleDmxEv
                0x000000000800ddfc      0x300 ../lib-e131/lib_gd32/libe131.a(e131bridge.o)
                0x000000000800ddfc                E131Bridge::HandleDmx()
 .text._ZN10E131Bridge11IsValidRootEv
                0x000000000800e0fc       0x3c ../lib-e131/lib_gd32/libe131.a(e131bridge.o)
                0x000000000800e0fc                E131Bridge::IsValidRoot()
 .text._ZN10E131Bridge17IsValidDataPacketEv
                0x000000000800e138       0x28 ../lib-e131/lib_gd32/libe131.a(e131bridge.o)
                0x000000000800e138                E131Bridge::IsValidDataPacket()
 .text._ZN10E131Bridge3RunEv
                0x000000000800e160      0x110 ../lib-e131/lib_gd32/libe131.a(e131bridge.o)
                0x000000000800e160                E131Bridge::Run()
 .text._ZN10E131Bridge19FillDiscoveryPacketEv
                0x000000000800e270       0xd8 ../lib-e131/lib_gd32/libe131.a(e131bridgediscoverypacket.o)
                0x000000000800e270                E131Bridge::FillDiscoveryPacket()
 .text._ZN10E131Bridge19SendDiscoveryPacketEv
                0x000000000800e348       0x74 ../lib-e131/lib_gd32/libe131.a(e131bridgediscoverypacket.o)
                0x000000000800e348                E131Bridge::SendDiscoveryPacket()
 .text.memcpy.isra.0
                0x000000000800e3bc       0x14 ../lib-e131/lib_gd32/libe131.a(e131bridgehandledmxin.o)
 .text._ZN10E131Bridge14FillDataPacketEv
                0x000000000800e3d0       0x8c ../lib-e131/lib_gd32/libe131.a(e131bridgehandledmxin.o)
                0x000000000800e3d0                E131Bridge::FillDataPacket()
 .text._ZN10E131Bridge11HandleDmxInEv
                0x000000000800e45c       0xf8 ../lib-e131/lib_gd32/libe131.a(e131bridgehandledmxin.o)
                0x000000000800e45c                E131Bridge::HandleDmxIn()
 .text._ZN10E131Bridge21HandleSynchronizationEv
                0x000000000800e554       0xb8 ../lib-e131/lib_gd32/libe131.a(e131bridgehandlesynchronization.o)
                0x000000000800e554                E131Bridge::HandleSynchronization()
 .text._ZN10E131Bridge5PrintEv
                0x000000000800e60c       0xf4 ../lib-e131/lib_gd32/libe131.a(e131bridgeprint.o)
                0x000000000800e60c                E131Bridge::Print()
 .text.memcmp   0x000000000800e700       0x28 ../lib-e131/lib_gd32/libe131.a(e131params.o)
 .text._ZN17PropertiesBuilder3AddIPKcEEbS2_T_bj.isra.0
                0x000000000800e728       0x50 ../lib-e131/lib_gd32/libe131.a(e131params.o)
 .text._ZN10E131ParamsC2EP15E131ParamsStore
                0x000000000800e778       0x3c ../lib-e131/lib_gd32/libe131.a(e131params.o)
                0x000000000800e778                E131Params::E131Params(E131ParamsStore*)
                0x000000000800e778                E131Params::E131Params(E131ParamsStore*)
 .text._ZN10E131Params4LoadEPKcj
                0x000000000800e7b4       0x40 ../lib-e131/lib_gd32/libe131.a(e131params.o)
                0x000000000800e7b4                E131Params::Load(char const*, unsigned int)
 .text._ZN10E131Params16callbackFunctionEPKc
                0x000000000800e7f4      0x298 ../lib-e131/lib_gd32/libe131.a(e131params.o)
                0x000000000800e7f4                E131Params::callbackFunction(char const*)
 .text._ZN10E131Params22staticCallbackFunctionEPvPKc
                0x000000000800ea8c        0x4 ../lib-e131/lib_gd32/libe131.a(e131params.o)
                0x000000000800ea8c                E131Params::staticCallbackFunction(void*, char const*)
 .text._ZN10E131Params7BuilderEPKN10e131params6ParamsEPcjRj
                0x000000000800ea90      0x2b0 ../lib-e131/lib_gd32/libe131.a(e131params.o)
                0x000000000800ea90                E131Params::Builder(e131params::Params const*, char*, unsigned int, unsigned int&)
 .text._ZN10E131Params4SaveEPcjRj
                0x000000000800ed40       0x1a ../lib-e131/lib_gd32/libe131.a(e131params.o)
                0x000000000800ed40                E131Params::Save(char*, unsigned int, unsigned int&)
 .text.memcpy   0x000000000800ed5a       0x16 ../lib-rdmdiscovery/lib_gd32/librdmdiscovery.a(artnetrdmcontroller.o)
 .text._ZN19ArtNetRdmController11GetUidCountEj
                0x000000000800ed70       0x10 ../lib-rdmdiscovery/lib_gd32/librdmdiscovery.a(artnetrdmcontroller.o)
                0x000000000800ed70                ArtNetRdmController::GetUidCount(unsigned int)
 .text._ZN19ArtNetRdmController7TodCopyEjPh
                0x000000000800ed80       0x28 ../lib-rdmdiscovery/lib_gd32/librdmdiscovery.a(artnetrdmcontroller.o)
                0x000000000800ed80                ArtNetRdmController::TodCopy(unsigned int, unsigned char*)
 .text._ZN19ArtNetRdmController8TodResetEj
                0x000000000800eda8       0x44 ../lib-rdmdiscovery/lib_gd32/librdmdiscovery.a(artnetrdmcontroller.o)
                0x000000000800eda8                ArtNetRdmController::TodReset(unsigned int)
 .text._ZN19ArtNetRdmController4FullEj
                0x000000000800edec       0x10 ../lib-rdmdiscovery/lib_gd32/librdmdiscovery.a(artnetrdmcontroller.o)
                0x000000000800edec                ArtNetRdmController::Full(unsigned int)
 .text._ZN19ArtNetRdmControllerD2Ev
                0x000000000800edfc       0x28 ../lib-rdmdiscovery/lib_gd32/librdmdiscovery.a(artnetrdmcontroller.o)
                0x000000000800edfc                ArtNetRdmController::~ArtNetRdmController()
                0x000000000800edfc                ArtNetRdmController::~ArtNetRdmController()
 .text._ZN19ArtNetRdmControllerD0Ev
                0x000000000800ee24       0x12 ../lib-rdmdiscovery/lib_gd32/librdmdiscovery.a(artnetrdmcontroller.o)
                0x000000000800ee24                ArtNetRdmController::~ArtNetRdmController()
 *fill*         0x000000000800ee36        0x2 
 .text._ZN19ArtNetRdmController7HandlerEjPKh
                0x000000000800ee38       0x48 ../lib-rdmdiscovery/lib_gd32/librdmdiscovery.a(artnetrdmcontroller.o)
                0x000000000800ee38                ArtNetRdmController::Handler(unsigned int, unsigned char const*)
 .text.memcmp.constprop.0
                0x000000000800ee80       0x20 ../lib-rdmdiscovery/lib_gd32/librdmdiscovery.a(artnetrdmcontroller.o)
 .text._ZN6RDMTod5ExistEPKh
                0x000000000800eea0       0x34 ../lib-rdmdiscovery/lib_gd32/librdmdiscovery.a(artnetrdmcontroller.o)
                0x000000000800eea0                RDMTod::Exist(unsigned char const*)
 .text._ZN19ArtNetRdmController9TodAddUidEjPKh
                0x000000000800eed4       0x3c ../lib-rdmdiscovery/lib_gd32/librdmdiscovery.a(artnetrdmcontroller.o)
                0x000000000800eed4                ArtNetRdmController::TodAddUid(unsigned int, unsigned char const*)
 .text._ZN19ArtNetRdmControllerC2Ev
                0x000000000800ef10       0x98 ../lib-rdmdiscovery/lib_gd32/librdmdiscovery.a(artnetrdmcontroller.o)
                0x000000000800ef10                ArtNetRdmController::ArtNetRdmController()
                0x000000000800ef10                ArtNetRdmController::ArtNetRdmController()
 .text._ZN19ArtNetRdmController17RespondMessageAckEjPKhPK11TRdmMessage
                0x000000000800efa8       0x80 ../lib-rdmdiscovery/lib_gd32/librdmdiscovery.a(artnetrdmcontroller.o)
                0x000000000800efa8                ArtNetRdmController::RespondMessageAck(unsigned int, unsigned char const*, TRdmMessage const*)
 .text._ZN19ArtNetRdmController10RdmReceiveEjPh
                0x000000000800f028      0x1c0 ../lib-rdmdiscovery/lib_gd32/librdmdiscovery.a(artnetrdmcontroller.o)
                0x000000000800f028                ArtNetRdmController::RdmReceive(unsigned int, unsigned char*)
 .text._ZN6artnet8rdm_sendEjPKh
                0x000000000800f1e8       0x54 ../lib-rdmdiscovery/lib_gd32/librdmdiscovery.a(rdm_send.o)
                0x000000000800f1e8                artnet::rdm_send(unsigned int, unsigned char const*)
 .text.memcmp.constprop.0
                0x000000000800f23c       0x20 ../lib-rdmdiscovery/lib_gd32/librdmdiscovery.a(rdmdiscovery.o)
 .text.memcpy.constprop.0.isra.0
                0x000000000800f25c       0x14 ../lib-rdmdiscovery/lib_gd32/librdmdiscovery.a(rdmdiscovery.o)
 .text._ZN6RDMTod6AddUidEPKh.isra.0
                0x000000000800f270       0x4c ../lib-rdmdiscovery/lib_gd32/librdmdiscovery.a(rdmdiscovery.o)
 .text._ZN12RDMDiscoveryC2EPKh
                0x000000000800f2bc       0x20 ../lib-rdmdiscovery/lib_gd32/librdmdiscovery.a(rdmdiscovery.o)
                0x000000000800f2bc                RDMDiscovery::RDMDiscovery(unsigned char const*)
                0x000000000800f2bc                RDMDiscovery::RDMDiscovery(unsigned char const*)
 .text._ZN12RDMDiscovery24IsValidDiscoveryResponseEPKhPh
                0x000000000800f2dc       0x74 ../lib-rdmdiscovery/lib_gd32/librdmdiscovery.a(rdmdiscovery.o)
                0x000000000800f2dc                RDMDiscovery::IsValidDiscoveryResponse(unsigned char const*, unsigned char*)
 .text._ZN12RDMDiscovery9QuickFindEPKh
                0x000000000800f350      0x104 ../lib-rdmdiscovery/lib_gd32/librdmdiscovery.a(rdmdiscovery.o)
                0x000000000800f350                RDMDiscovery::QuickFind(unsigned char const*)
 .text._ZN12RDMDiscovery11FindDevicesEyy
                0x000000000800f454      0x1b8 ../lib-rdmdiscovery/lib_gd32/librdmdiscovery.a(rdmdiscovery.o)
                0x000000000800f454                RDMDiscovery::FindDevices(unsigned long long, unsigned long long)
 .text._ZN12RDMDiscovery4FullEjP6RDMTod
                0x000000000800f60c       0xd8 ../lib-rdmdiscovery/lib_gd32/librdmdiscovery.a(rdmdiscovery.o)
                0x000000000800f60c                RDMDiscovery::Full(unsigned int, RDMTod*)
 .text._ZN9RDMDeviceC2Ev
                0x000000000800f6e4       0xe8 ../lib-rdm/lib_gd32/librdm.a(rdmdevice.o)
                0x000000000800f6e4                RDMDevice::RDMDevice()
                0x000000000800f6e4                RDMDevice::RDMDevice()
 .text._ZN9RDMDevice5PrintEv
                0x000000000800f7cc       0x84 ../lib-rdm/lib_gd32/librdm.a(rdmdevice.o)
                0x000000000800f7cc                RDMDevice::Print()
 .text.memcpy.isra.0
                0x000000000800f850        0x4 ../lib-rdm/lib_gd32/librdm.a(rdmdeviceparams.o)
 .text._ZN15RDMDeviceParamsC2EP20RDMDeviceParamsStore
                0x000000000800f854       0x24 ../lib-rdm/lib_gd32/librdm.a(rdmdeviceparams.o)
                0x000000000800f854                RDMDeviceParams::RDMDeviceParams(RDMDeviceParamsStore*)
                0x000000000800f854                RDMDeviceParams::RDMDeviceParams(RDMDeviceParamsStore*)
 .text._ZN15RDMDeviceParams4LoadEv
                0x000000000800f878       0x16 ../lib-rdm/lib_gd32/librdm.a(rdmdeviceparams.o)
                0x000000000800f878                RDMDeviceParams::Load()
 .text._ZN15RDMDeviceParams3SetEP9RDMDevice
                0x000000000800f88e       0x68 ../lib-rdm/lib_gd32/librdm.a(rdmdeviceparams.o)
                0x000000000800f88e                RDMDeviceParams::Set(RDMDevice*)
 .text._ZN15RDMDeviceParams4DumpEv
                0x000000000800f8f6        0x2 ../lib-rdm/lib_gd32/librdm.a(rdmdeviceparams.o)
                0x000000000800f8f6                RDMDeviceParams::Dump()
 .text.memcpy.isra.0
                0x000000000800f8f8       0x14 ../lib-rdm/lib_gd32/librdm.a(rdmmessage.o)
 .text._ZN10RDMMessageC2Ev
                0x000000000800f90c       0x3c ../lib-rdm/lib_gd32/librdm.a(rdmmessage.o)
                0x000000000800f90c                RDMMessage::RDMMessage()
                0x000000000800f90c                RDMMessage::RDMMessage()
 .text._ZN10RDMMessage9SetSrcUidEPKh
                0x000000000800f948        0x8 ../lib-rdm/lib_gd32/librdm.a(rdmmessage.o)
                0x000000000800f948                RDMMessage::SetSrcUid(unsigned char const*)
 .text._ZN10RDMMessage9SetDstUidEPKh
                0x000000000800f950        0x8 ../lib-rdm/lib_gd32/librdm.a(rdmmessage.o)
                0x000000000800f950                RDMMessage::SetDstUid(unsigned char const*)
 .text._ZN10RDMMessage5SetCcEh
                0x000000000800f958        0x4 ../lib-rdm/lib_gd32/librdm.a(rdmmessage.o)
                0x000000000800f958                RDMMessage::SetCc(unsigned char)
 .text._ZN10RDMMessage6SetPidEt
                0x000000000800f95c        0x8 ../lib-rdm/lib_gd32/librdm.a(rdmmessage.o)
                0x000000000800f95c                RDMMessage::SetPid(unsigned short)
 .text._ZN10RDMMessage5SetPdEPKhh
                0x000000000800f964       0x24 ../lib-rdm/lib_gd32/librdm.a(rdmmessage.o)
                0x000000000800f964                RDMMessage::SetPd(unsigned char const*, unsigned char)
 .text._ZN10RDMMessage4SendEjj
                0x000000000800f988        0xa ../lib-rdm/lib_gd32/librdm.a(rdmmessage.o)
                0x000000000800f988                RDMMessage::Send(unsigned int, unsigned int)
 .text.uuid_unparse_x
                0x000000000800f992       0x86 ../lib-uuid/lib_gd32/libuuid.a(uuid_unparse.o)
 .text.uuid_unparse
                0x000000000800fa18        0xc ../lib-uuid/lib_gd32/libuuid.a(uuid_unparse.o)
                0x000000000800fa18                uuid_unparse
 .text._ZN7DmxSendD2Ev
                0x000000000800fa24        0x2 ../lib-dmxsend/lib_gd32/libdmxsend.a(dmxsend.o)
                0x000000000800fa24                DmxSend::~DmxSend()
                0x000000000800fa24                DmxSend::~DmxSend()
 *fill*         0x000000000800fa26        0x2 
 .text._ZN7DmxSend5StartEj
                0x000000000800fa28       0x30 ../lib-dmxsend/lib_gd32/libdmxsend.a(dmxsend.o)
                0x000000000800fa28                DmxSend::Start(unsigned int)
 .text._ZN7DmxSend4StopEj
                0x000000000800fa58       0x34 ../lib-dmxsend/lib_gd32/libdmxsend.a(dmxsend.o)
                0x000000000800fa58                DmxSend::Stop(unsigned int)
 .text._ZN7DmxSend7SetDataEjPKhj
                0x000000000800fa8c       0x10 ../lib-dmxsend/lib_gd32/libdmxsend.a(dmxsend.o)
                0x000000000800fa8c                DmxSend::SetData(unsigned int, unsigned char const*, unsigned int)
 .text._ZN7DmxSend8BlackoutEb
                0x000000000800fa9c        0xc ../lib-dmxsend/lib_gd32/libdmxsend.a(dmxsend.o)
                0x000000000800fa9c                DmxSend::Blackout(bool)
 .text._ZN7DmxSend6FullOnEv
                0x000000000800faa8        0xc ../lib-dmxsend/lib_gd32/libdmxsend.a(dmxsend.o)
                0x000000000800faa8                DmxSend::FullOn()
 .text._ZN7DmxSend5PrintEv
                0x000000000800fab4       0x58 ../lib-dmxsend/lib_gd32/libdmxsend.a(dmxsend.o)
                0x000000000800fab4                DmxSend::Print()
 .text._ZN7DmxSendD0Ev
                0x000000000800fb0c        0xc ../lib-dmxsend/lib_gd32/libdmxsend.a(dmxsend.o)
                0x000000000800fb0c                DmxSend::~DmxSend()
 .text._ZN17PropertiesBuilder3AddItEEbPKcT_bj.isra.0
                0x000000000800fb18       0x50 ../lib-dmx/lib_gd32/libdmx.a(dmxparams.o)
 .text._ZN9DmxParamsC2EP14DmxParamsStore
                0x000000000800fb68       0x18 ../lib-dmx/lib_gd32/libdmx.a(dmxparams.o)
                0x000000000800fb68                DmxParams::DmxParams(DmxParamsStore*)
                0x000000000800fb68                DmxParams::DmxParams(DmxParamsStore*)
 .text._ZN9DmxParams4LoadEv
                0x000000000800fb80       0x18 ../lib-dmx/lib_gd32/libdmx.a(dmxparams.o)
                0x000000000800fb80                DmxParams::Load()
 .text._ZN9DmxParams4LoadEPKcj
                0x000000000800fb98       0x40 ../lib-dmx/lib_gd32/libdmx.a(dmxparams.o)
                0x000000000800fb98                DmxParams::Load(char const*, unsigned int)
 .text._ZN9DmxParams16callbackFunctionEPKc
                0x000000000800fbd8       0xcc ../lib-dmx/lib_gd32/libdmx.a(dmxparams.o)
                0x000000000800fbd8                DmxParams::callbackFunction(char const*)
 .text._ZN9DmxParams22staticCallbackFunctionEPvPKc
                0x000000000800fca4        0x4 ../lib-dmx/lib_gd32/libdmx.a(dmxparams.o)
                0x000000000800fca4                DmxParams::staticCallbackFunction(void*, char const*)
 .text._ZN9DmxParams7BuilderEPK10TDmxParamsPcjRj
                0x000000000800fca8      0x104 ../lib-dmx/lib_gd32/libdmx.a(dmxparams.o)
                0x000000000800fca8                DmxParams::Builder(TDmxParams const*, char*, unsigned int, unsigned int&)
 .text._ZN9DmxParams4SaveEPcjRj
                0x000000000800fdac       0x1a ../lib-dmx/lib_gd32/libdmx.a(dmxparams.o)
                0x000000000800fdac                DmxParams::Save(char*, unsigned int, unsigned int&)
 *fill*         0x000000000800fdc6        0x2 
 .text._ZN9DmxParams3SetEP3Dmx
                0x000000000800fdc8       0x54 ../lib-dmx/lib_gd32/libdmx.a(dmxparams.o)
                0x000000000800fdc8                DmxParams::Set(Dmx*)
 .text._ZN9DmxParams4DumpEv
                0x000000000800fe1c        0x2 ../lib-dmx/lib_gd32/libdmx.a(dmxparams.o)
                0x000000000800fe1c                DmxParams::Dump()
 *fill*         0x000000000800fe1e        0x2 
 .text._ZN3Rdm7ReceiveEj
                0x000000000800fe20       0x10 ../lib-dmx/lib_gd32/libdmx.a(rdm.o)
                0x000000000800fe20                Rdm::Receive(unsigned int)
 .text._ZN3Rdm14ReceiveTimeOutEjt
                0x000000000800fe30       0x10 ../lib-dmx/lib_gd32/libdmx.a(rdm.o)
                0x000000000800fe30                Rdm::ReceiveTimeOut(unsigned int, unsigned short)
 .text._ZN3Rdm7SendRawEjPKhj
                0x000000000800fe40       0x40 ../lib-dmx/lib_gd32/libdmx.a(rdm.o)
                0x000000000800fe40                Rdm::SendRaw(unsigned int, unsigned char const*, unsigned int)
 .text._ZL13_port_to_uartj
                0x000000000800fe80       0x18 ../lib-dmx/lib_gd32/libdmx.a(dmx.o)
 .text._ZL25irq_handler_dmx_rdm_inputjj
                0x000000000800fe98      0x254 ../lib-dmx/lib_gd32/libdmx.a(dmx.o)
 .text.USART2_IRQHandler
                0x00000000080100ec        0xc ../lib-dmx/lib_gd32/libdmx.a(dmx.o)
                0x00000000080100ec                USART2_IRQHandler
 .text.USART5_IRQHandler
                0x00000000080100f8        0xc ../lib-dmx/lib_gd32/libdmx.a(dmx.o)
                0x00000000080100f8                USART5_IRQHandler
 .text.TIMER1_IRQHandler
                0x0000000008010104      0x120 ../lib-dmx/lib_gd32/libdmx.a(dmx.o)
                0x0000000008010104                TIMER1_IRQHandler
 .text.TIMER2_IRQHandler
                0x0000000008010224       0xa4 ../lib-dmx/lib_gd32/libdmx.a(dmx.o)
                0x0000000008010224                TIMER2_IRQHandler
 .text.TIMER3_IRQHandler
                0x00000000080102c8       0x14 ../lib-dmx/lib_gd32/libdmx.a(dmx.o)
                0x00000000080102c8                TIMER3_IRQHandler
 .text.TIMER6_IRQHandler
                0x00000000080102dc       0x2c ../lib-dmx/lib_gd32/libdmx.a(dmx.o)
                0x00000000080102dc                TIMER6_IRQHandler
 .text._ZN3Dmx9ClearDataEj
                0x0000000008010308       0x30 ../lib-dmx/lib_gd32/libdmx.a(dmx.o)
                0x0000000008010308                Dmx::ClearData(unsigned int)
 .text._ZN3Dmx9StartDataEjj
                0x0000000008010338      0x15c ../lib-dmx/lib_gd32/libdmx.a(dmx.o)
                0x0000000008010338                Dmx::StartData(unsigned int, unsigned int)
 .text._ZN3Dmx8StopDataEjj
                0x0000000008010494       0xa4 ../lib-dmx/lib_gd32/libdmx.a(dmx.o)
                0x0000000008010494                Dmx::StopData(unsigned int, unsigned int)
 .text._ZN3Dmx16SetPortDirectionEjN3dmx13PortDirectionEb
                0x0000000008010538       0x80 ../lib-dmx/lib_gd32/libdmx.a(dmx.o)
                0x0000000008010538                Dmx::SetPortDirection(unsigned int, dmx::PortDirection, bool)
 .text._ZN3DmxC2Ev
                0x00000000080105b8      0x224 ../lib-dmx/lib_gd32/libdmx.a(dmx.o)
                0x00000000080105b8                Dmx::Dmx()
                0x00000000080105b8                Dmx::Dmx()
 .text._ZN3Dmx16SetDmxPeriodTimeEj
                0x00000000080107dc       0x68 ../lib-dmx/lib_gd32/libdmx.a(dmx.o)
                0x00000000080107dc                Dmx::SetDmxPeriodTime(unsigned int)
 .text._ZN3Dmx15SetDmxBreakTimeEj
                0x0000000008010844       0x14 ../lib-dmx/lib_gd32/libdmx.a(dmx.o)
                0x0000000008010844                Dmx::SetDmxBreakTime(unsigned int)
 .text._ZN3Dmx13SetDmxMabTimeEj
                0x0000000008010858       0x14 ../lib-dmx/lib_gd32/libdmx.a(dmx.o)
                0x0000000008010858                Dmx::SetDmxMabTime(unsigned int)
 .text._ZN3Dmx11SetDmxSlotsEt
                0x000000000801086c       0x2a ../lib-dmx/lib_gd32/libdmx.a(dmx.o)
                0x000000000801086c                Dmx::SetDmxSlots(unsigned short)
 *fill*         0x0000000008010896        0x2 
 .text._ZN3Dmx24SetPortSendDataWithoutSCEjPKhj
                0x0000000008010898       0x4c ../lib-dmx/lib_gd32/libdmx.a(dmx.o)
                0x0000000008010898                Dmx::SetPortSendDataWithoutSC(unsigned int, unsigned char const*, unsigned int)
 .text._ZN3Dmx8BlackoutEv
                0x00000000080108e4       0x88 ../lib-dmx/lib_gd32/libdmx.a(dmx.o)
                0x00000000080108e4                Dmx::Blackout()
 .text._ZN3Dmx6FullOnEv
                0x000000000801096c       0x88 ../lib-dmx/lib_gd32/libdmx.a(dmx.o)
                0x000000000801096c                Dmx::FullOn()
 .text._ZN3Dmx15GetDmxAvailableEj
                0x00000000080109f4       0x28 ../lib-dmx/lib_gd32/libdmx.a(dmx.o)
                0x00000000080109f4                Dmx::GetDmxAvailable(unsigned int)
 .text._ZN3Dmx19GetUpdatesPerSecondEj
                0x0000000008010a1c       0x10 ../lib-dmx/lib_gd32/libdmx.a(dmx.o)
                0x0000000008010a1c                Dmx::GetUpdatesPerSecond(unsigned int)
 .text._ZN3Dmx10RdmSendRawEjPKhj
                0x0000000008010a2c       0xa0 ../lib-dmx/lib_gd32/libdmx.a(dmx.o)
                0x0000000008010a2c                Dmx::RdmSendRaw(unsigned int, unsigned char const*, unsigned int)
 .text._ZN3Dmx10RdmReceiveEj
                0x0000000008010acc       0x24 ../lib-dmx/lib_gd32/libdmx.a(dmx.o)
                0x0000000008010acc                Dmx::RdmReceive(unsigned int)
 .text._ZN3Dmx17RdmReceiveTimeOutEjt
                0x0000000008010af0       0x24 ../lib-dmx/lib_gd32/libdmx.a(dmx.o)
                0x0000000008010af0                Dmx::RdmReceiveTimeOut(unsigned int, unsigned short)
 .text._ZL6microsv
                0x0000000008010b14       0x20 ../lib-dmx/lib_gd32/libdmx.a(rdm.o)
 .text._ZN3Rdm4SendEjP11TRdmMessagej
                0x0000000008010b34       0x74 ../lib-dmx/lib_gd32/libdmx.a(rdm.o)
                0x0000000008010b34                Rdm::Send(unsigned int, TRdmMessage*, unsigned int)
 .text._ZN3Rdm21SendRawRespondMessageEjPKhj
                0x0000000008010ba8       0x24 ../lib-dmx/lib_gd32/libdmx.a(rdm.o)
                0x0000000008010ba8                Rdm::SendRawRespondMessage(unsigned int, unsigned char const*, unsigned int)
 .text._ZN3Rdm27SendDiscoveryRespondMessageEjPKhj
                0x0000000008010bcc       0x88 ../lib-dmx/lib_gd32/libdmx.a(rdm.o)
                0x0000000008010bcc                Rdm::SendDiscoveryRespondMessage(unsigned int, unsigned char const*, unsigned int)
 .text.net_set_ip
                0x0000000008010c54       0x20 ../lib-network/lib_gd32/libnetwork.a(net.o)
                0x0000000008010c54                net_set_ip
 .text.net_set_gw
                0x0000000008010c74       0x10 ../lib-network/lib_gd32/libnetwork.a(net.o)
                0x0000000008010c74                net_set_gw
 .text.net_set_dhcp
                0x0000000008010c84       0x58 ../lib-network/lib_gd32/libnetwork.a(net.o)
                0x0000000008010c84                net_set_dhcp
 .text.net_dhcp_release
                0x0000000008010cdc       0x14 ../lib-network/lib_gd32/libnetwork.a(net.o)
                0x0000000008010cdc                net_dhcp_release
 .text.net_timers_run
                0x0000000008010cf0       0x20 ../lib-network/lib_gd32/libnetwork.a(net_timers.o)
                0x0000000008010cf0                net_timers_run
 .text.rfc3927  0x0000000008010d10       0x80 ../lib-network/lib_gd32/libnetwork.a(rfc3927.o)
                0x0000000008010d10                rfc3927
 .text._init_tcb
                0x0000000008010d90       0x34 ../lib-network/lib_gd32/libnetwork.a(tcp.o)
 .text.memcpy.isra.0
                0x0000000008010dc4       0x14 ../lib-network/lib_gd32/libnetwork.a(tcp.o)
 .text._bswap32
                0x0000000008010dd8       0x4a ../lib-network/lib_gd32/libnetwork.a(tcp.o)
 *fill*         0x0000000008010e22        0x2 
 .text._tcp_send_package
                0x0000000008010e24      0x14c ../lib-network/lib_gd32/libnetwork.a(tcp.o)
 .text._send_reset
                0x0000000008010f70       0x60 ../lib-network/lib_gd32/libnetwork.a(tcp.o)
 .text.tcp_begin
                0x0000000008010fd0       0x34 ../lib-network/lib_gd32/libnetwork.a(tcp.o)
                0x0000000008010fd0                tcp_begin
 .text.tcp_write
                0x0000000008011004       0x48 ../lib-network/lib_gd32/libnetwork.a(tcp.o)
                0x0000000008011004                tcp_write
 .text.tcp_read
                0x000000000801104c       0x80 ../lib-network/lib_gd32/libnetwork.a(tcp.o)
                0x000000000801104c                tcp_read
 .text.memcpy.isra.0
                0x00000000080110cc       0x14 ../lib-network/lib_gd32/libnetwork.a(udp.o)
 .text.net_memcpy
                0x00000000080110e0       0x3c ../lib-network/lib_gd32/libnetwork.a(udp.o)
                0x00000000080110e0                net_memcpy
 .text.udp_set_ip
                0x000000000801111c       0x40 ../lib-network/lib_gd32/libnetwork.a(udp.o)
                0x000000000801111c                udp_set_ip
 .text.udp_bind
                0x000000000801115c       0x34 ../lib-network/lib_gd32/libnetwork.a(udp.o)
                0x000000000801115c                udp_bind
 .text.udp_unbind
                0x0000000008011190       0x40 ../lib-network/lib_gd32/libnetwork.a(udp.o)
                0x0000000008011190                udp_unbind
 .text.udp_recv
                0x00000000080111d0       0x6c ../lib-network/lib_gd32/libnetwork.a(udp.o)
                0x00000000080111d0                udp_recv
 .text.udp_recv2
                0x000000000801123c       0x4c ../lib-network/lib_gd32/libnetwork.a(udp.o)
                0x000000000801123c                udp_recv2
 .text.udp_send
                0x0000000008011288      0x160 ../lib-network/lib_gd32/libnetwork.a(udp.o)
                0x0000000008011288                udp_send
 .text.strlen   0x00000000080113e8       0x10 ../lib-network/lib_gd32/libnetwork.a(mdns.o)
 .text.strcmp   0x00000000080113f8       0x1a ../lib-network/lib_gd32/libnetwork.a(mdns.o)
 .text.strcpy.isra.0
                0x0000000008011412       0x10 ../lib-network/lib_gd32/libnetwork.a(mdns.o)
 .text.strcat.isra.0
                0x0000000008011422       0x16 ../lib-network/lib_gd32/libnetwork.a(mdns.o)
 .text._ZN4MDNSC2Ev
                0x0000000008011438       0x20 ../lib-network/lib_gd32/libnetwork.a(mdns.o)
                0x0000000008011438                MDNS::MDNS()
                0x0000000008011438                MDNS::MDNS()
 .text._ZN4MDNS7SetNameEPKc
                0x0000000008011458       0x38 ../lib-network/lib_gd32/libnetwork.a(mdns.o)
                0x0000000008011458                MDNS::SetName(char const*)
 .text._ZN4MDNS21DecodeDNSNameNotationEPKcPc
                0x0000000008011490       0x84 ../lib-network/lib_gd32/libnetwork.a(mdns.o)
                0x0000000008011490                MDNS::DecodeDNSNameNotation(char const*, char*)
 .text._ZNK4MDNS21FindFirstDotFromRightEPKc
                0x0000000008011514       0x1c ../lib-network/lib_gd32/libnetwork.a(mdns.o)
                0x0000000008011514                MDNS::FindFirstDotFromRight(char const*) const
 .text._ZN4MDNS12WriteDnsNameEPKcPcb
                0x0000000008011530       0x32 ../lib-network/lib_gd32/libnetwork.a(mdns.o)
                0x0000000008011530                MDNS::WriteDnsName(char const*, char*, bool)
 *fill*         0x0000000008011562        0x2 
 .text._ZN4MDNS26CreateAnswerLocalIpAddressEv
                0x0000000008011564       0x54 ../lib-network/lib_gd32/libnetwork.a(mdns.o)
                0x0000000008011564                MDNS::CreateAnswerLocalIpAddress()
 .text._ZN4MDNS5StartEv
                0x00000000080115b8       0x90 ../lib-network/lib_gd32/libnetwork.a(mdns.o)
                0x00000000080115b8                MDNS::Start()
 .text._ZN4MDNS22CreateAnswerServiceSrvEjPh
                0x0000000008011648       0x88 ../lib-network/lib_gd32/libnetwork.a(mdns.o)
                0x0000000008011648                MDNS::CreateAnswerServiceSrv(unsigned int, unsigned char*)
 .text._ZN4MDNS22CreateAnswerServiceTxtEjPh
                0x00000000080116d0       0x7c ../lib-network/lib_gd32/libnetwork.a(mdns.o)
                0x00000000080116d0                MDNS::CreateAnswerServiceTxt(unsigned int, unsigned char*)
 .text._ZN4MDNS22CreateAnswerServicePtrEjPh
                0x000000000801174c       0x78 ../lib-network/lib_gd32/libnetwork.a(mdns.o)
                0x000000000801174c                MDNS::CreateAnswerServicePtr(unsigned int, unsigned char*)
 .text._ZN4MDNS24CreateAnswerServiceDnsSdEjPh
                0x00000000080117c4       0x50 ../lib-network/lib_gd32/libnetwork.a(mdns.o)
                0x00000000080117c4                MDNS::CreateAnswerServiceDnsSd(unsigned int, unsigned char*)
 .text._ZN4MDNS17CreateMDNSMessageEj
                0x0000000008011814       0x78 ../lib-network/lib_gd32/libnetwork.a(mdns.o)
                0x0000000008011814                MDNS::CreateMDNSMessage(unsigned int)
 .text._ZN4MDNS16AddServiceRecordEPKcS1_tN4mdns8ProtocolES1_
                0x000000000801188c      0x128 ../lib-network/lib_gd32/libnetwork.a(mdns.o)
                0x000000000801188c                MDNS::AddServiceRecord(char const*, char const*, unsigned short, mdns::Protocol, char const*)
 .text._ZN4MDNS13HandleRequestEt
                0x00000000080119b4       0xf4 ../lib-network/lib_gd32/libnetwork.a(mdns.o)
                0x00000000080119b4                MDNS::HandleRequest(unsigned short)
 .text._ZN4MDNS5ParseEv
                0x0000000008011aa8       0x28 ../lib-network/lib_gd32/libnetwork.a(mdns.o)
                0x0000000008011aa8                MDNS::Parse()
 .text._ZN4MDNS3RunEv
                0x0000000008011ad0       0x48 ../lib-network/lib_gd32/libnetwork.a(mdns.o)
                0x0000000008011ad0                MDNS::Run()
 .text._ZN4MDNS5PrintEv
                0x0000000008011b18       0x7c ../lib-network/lib_gd32/libnetwork.a(mdns.o)
                0x0000000008011b18                MDNS::Print()
 .text.strncpy.constprop.0.isra.0
                0x0000000008011b94       0x20 ../lib-network/lib_gd32/libnetwork.a(network.o)
 .text._ZN3net18phy_customized_ledEv
                0x0000000008011bb4        0x2 ../lib-network/lib_gd32/libnetwork.a(network.o)
                0x0000000008011bb4                net::phy_customized_led()
 *fill*         0x0000000008011bb6        0x2 
 .text._ZN7NetworkC2Ev
                0x0000000008011bb8       0x50 ../lib-network/lib_gd32/libnetwork.a(network.o)
                0x0000000008011bb8                Network::Network()
                0x0000000008011bb8                Network::Network()
 .text._ZN7Network8ShutdownEv
                0x0000000008011c08        0xe ../lib-network/lib_gd32/libnetwork.a(network.o)
                0x0000000008011c08                Network::Shutdown()
 .text._ZN7Network5BeginEt
                0x0000000008011c16        0x6 ../lib-network/lib_gd32/libnetwork.a(network.o)
                0x0000000008011c16                Network::Begin(unsigned short)
 .text._ZN7Network3EndEt
                0x0000000008011c1c        0x6 ../lib-network/lib_gd32/libnetwork.a(network.o)
                0x0000000008011c1c                Network::End(unsigned short)
 .text._ZN7Network16MacAddressCopyToEPh
                0x0000000008011c22       0x16 ../lib-network/lib_gd32/libnetwork.a(network.o)
                0x0000000008011c22                Network::MacAddressCopyTo(unsigned char*)
 .text._ZN7Network9JoinGroupEij
                0x0000000008011c38        0x6 ../lib-network/lib_gd32/libnetwork.a(network.o)
                0x0000000008011c38                Network::JoinGroup(int, unsigned int)
 .text._ZN7Network10LeaveGroupEij
                0x0000000008011c3e        0x6 ../lib-network/lib_gd32/libnetwork.a(network.o)
                0x0000000008011c3e                Network::LeaveGroup(int, unsigned int)
 .text._ZN7Network12SetDefaultIpEv
                0x0000000008011c44       0x22 ../lib-network/lib_gd32/libnetwork.a(network.o)
                0x0000000008011c44                Network::SetDefaultIp()
 *fill*         0x0000000008011c66        0x2 
 .text._ZN7Network4InitEP18NetworkParamsStore
                0x0000000008011c68      0x274 ../lib-network/lib_gd32/libnetwork.a(network.o)
                0x0000000008011c68                Network::Init(NetworkParamsStore*)
 .text._ZN7Network5SetIpEj
                0x0000000008011edc       0x56 ../lib-network/lib_gd32/libnetwork.a(network.o)
                0x0000000008011edc                Network::SetIp(unsigned int)
 .text._ZN7Network10SetNetmaskEj
                0x0000000008011f32       0x24 ../lib-network/lib_gd32/libnetwork.a(network.o)
                0x0000000008011f32                Network::SetNetmask(unsigned int)
 .text._ZN7Network12SetGatewayIpEj
                0x0000000008011f56       0x2a ../lib-network/lib_gd32/libnetwork.a(network.o)
                0x0000000008011f56                Network::SetGatewayIp(unsigned int)
 .text._ZN7Network10EnableDhcpEv
                0x0000000008011f80       0x8c ../lib-network/lib_gd32/libnetwork.a(network.o)
                0x0000000008011f80                Network::EnableDhcp()
 .text._ZN7Network5PrintEv
                0x000000000801200c       0xf8 ../lib-network/lib_gd32/libnetwork.a(network.o)
                0x000000000801200c                Network::Print()
 .text._ZN7Network8TcpBeginEt
                0x0000000008012104        0x6 ../lib-network/lib_gd32/libnetwork.a(networktcp.o)
                0x0000000008012104                Network::TcpBegin(unsigned short)
 .text._ZN7Network7TcpReadEiPPKh
                0x000000000801210a        0x8 ../lib-network/lib_gd32/libnetwork.a(networktcp.o)
                0x000000000801210a                Network::TcpRead(int, unsigned char const**)
 .text._ZN7Network8TcpWriteEiPKht
                0x0000000008012112        0xa ../lib-network/lib_gd32/libnetwork.a(networktcp.o)
                0x0000000008012112                Network::TcpWrite(int, unsigned char const*, unsigned short)
 .text._ZN13NetworkParamsC2EP18NetworkParamsStore
                0x000000000801211c       0x18 ../lib-network/lib_gd32/libnetwork.a(networkparams.o)
                0x000000000801211c                NetworkParams::NetworkParams(NetworkParamsStore*)
                0x000000000801211c                NetworkParams::NetworkParams(NetworkParamsStore*)
 .text._ZN13NetworkParams4LoadEv
                0x0000000008012134       0x18 ../lib-network/lib_gd32/libnetwork.a(networkparams.o)
                0x0000000008012134                NetworkParams::Load()
 .text._ZN13NetworkParams4LoadEPKcj
                0x000000000801214c       0x40 ../lib-network/lib_gd32/libnetwork.a(networkparams.o)
                0x000000000801214c                NetworkParams::Load(char const*, unsigned int)
 .text._ZN13NetworkParams16callbackFunctionEPKc
                0x000000000801218c      0x12c ../lib-network/lib_gd32/libnetwork.a(networkparams.o)
                0x000000000801218c                NetworkParams::callbackFunction(char const*)
 .text._ZN13NetworkParams22staticCallbackFunctionEPvPKc
                0x00000000080122b8        0x4 ../lib-network/lib_gd32/libnetwork.a(networkparams.o)
                0x00000000080122b8                NetworkParams::staticCallbackFunction(void*, char const*)
 .text._ZN13NetworkParams7BuilderEPKN13networkparams6ParamsEPcjRj